2023-06-14T06:33:22.473Z	INFO	logger/zaplogger.go:125	计算分析数据模型/参数...
2023-06-14T06:33:22.486Z	INFO	logger/zaplogger.go:125	================= 原始需求信息 =================
2023-06-14T06:33:22.486Z	INFO	logger/zaplogger.go:125	: 1 

2023-06-14T06:33:22.486Z	INFO	logger/zaplogger.go:125	: 4 

2023-06-14T06:33:22.486Z	INFO	logger/zaplogger.go:125	: 4 

2023-06-14T06:33:22.486Z	INFO	logger/zaplogger.go:125	: <nil> 

2023-06-14T06:33:22.486Z	INFO	logger/zaplogger.go:125	: 1 

2023-06-14T06:33:22.486Z	INFO	logger/zaplogger.go:125	: 100000000000000 

2023-06-14T06:33:22.486Z	INFO	logger/zaplogger.go:125	: 0.91 

2023-06-14T06:33:22.486Z	INFO	logger/zaplogger.go:125	: 91000005459968 

2023-06-14T06:33:22.494Z	INFO	logger/zaplogger.go:125	: false 

2023-06-14T06:33:22.494Z	INFO	logger/zaplogger.go:125	: false 

2023-06-14T06:33:22.494Z	INFO	logger/zaplogger.go:125	: false 

2023-06-14T06:33:22.494Z	INFO	logger/zaplogger.go:125	================= 数据模型信息 =================
2023-06-14T06:33:22.494Z	INFO	logger/zaplogger.go:125	: {0 0 0 <nil> 0 0 0 0 false false false} 

2023-06-14T06:33:22.494Z	INFO	logger/zaplogger.go:125	: 0 

2023-06-14T06:33:22.494Z	INFO	logger/zaplogger.go:125	: 0 

2023-06-14T06:33:22.494Z	INFO	logger/zaplogger.go:125	: 91000005459968 

2023-06-14T06:33:22.494Z	INFO	logger/zaplogger.go:125	: 0 

2023-06-14T06:33:22.494Z	INFO	logger/zaplogger.go:125	: 0 

2023-06-14T06:33:22.494Z	INFO	logger/zaplogger.go:125	: 0 

2023-06-14T06:33:22.494Z	INFO	logger/zaplogger.go:125	: 0 

2023-06-14T06:33:22.494Z	INFO	logger/zaplogger.go:125	: 0 

2023-06-14T06:33:22.494Z	INFO	logger/zaplogger.go:125	: 0 

2023-06-14T06:33:22.494Z	INFO	logger/zaplogger.go:125	: 0 

2023-06-14T06:33:22.494Z	INFO	logger/zaplogger.go:125	: 0 

2023-06-14T06:33:22.494Z	INFO	logger/zaplogger.go:125	================= 自定义变量信息 =================
2023-06-14T06:33:22.494Z	INFO	logger/zaplogger.go:125	: 1 

2023-06-14T06:33:22.494Z	INFO	logger/zaplogger.go:125	:  

2023-06-14T06:33:22.494Z	INFO	logger/zaplogger.go:125	:  

2023-06-14T06:33:22.494Z	INFO	logger/zaplogger.go:125	: 0 

2023-06-14T06:33:22.494Z	INFO	logger/zaplogger.go:125	: 0 

2023-06-14T06:46:13.406Z	INFO	logger/zaplogger.go:125	计算分析数据模型/参数...
2023-06-14T06:46:13.406Z	INFO	logger/zaplogger.go:125	================= 原始需求信息 =================
2023-06-14T06:46:13.406Z	INFO	logger/zaplogger.go:125	视频路数: 1
2023-06-14T06:46:13.406Z	INFO	logger/zaplogger.go:125	视频码流: 4
2023-06-14T06:46:13.406Z	INFO	logger/zaplogger.go:125	数据保留期限: 4
2023-06-14T06:46:13.407Z	INFO	logger/zaplogger.go:125	源文件信息: <nil>
2023-06-14T06:46:13.407Z	INFO	logger/zaplogger.go:125	追加分片数: 1
2023-06-14T06:46:13.407Z	INFO	logger/zaplogger.go:125	总容量: 100000000000000
2023-06-14T06:46:13.407Z	INFO	logger/zaplogger.go:125	安全水位: 0.91
2023-06-14T06:46:13.408Z	INFO	logger/zaplogger.go:125	安全容量: 91000005459968
2023-06-14T06:46:13.408Z	INFO	logger/zaplogger.go:125	追加写模式?: false
2023-06-14T06:46:13.408Z	INFO	logger/zaplogger.go:125	非多段上传: false
2023-06-14T06:46:13.408Z	INFO	logger/zaplogger.go:125	单桶模式?: false
2023-06-14T06:46:13.408Z	INFO	logger/zaplogger.go:125	================= 数据模型信息 =================
2023-06-14T06:46:13.408Z	INFO	logger/zaplogger.go:125	: {0 0 0 <nil> 0 0 0 0 false false false}
2023-06-14T06:46:13.408Z	INFO	logger/zaplogger.go:125	: 0
2023-06-14T06:46:13.409Z	INFO	logger/zaplogger.go:125	: 0
2023-06-14T06:46:13.409Z	INFO	logger/zaplogger.go:125	: 91000005459968
2023-06-14T06:46:13.409Z	INFO	logger/zaplogger.go:125	: 0
2023-06-14T06:46:13.409Z	INFO	logger/zaplogger.go:125	: 0
2023-06-14T06:46:13.409Z	INFO	logger/zaplogger.go:125	: 0
2023-06-14T06:46:13.409Z	INFO	logger/zaplogger.go:125	: 0
2023-06-14T06:46:13.409Z	INFO	logger/zaplogger.go:125	: 0
2023-06-14T06:46:13.409Z	INFO	logger/zaplogger.go:125	: 0
2023-06-14T06:46:13.410Z	INFO	logger/zaplogger.go:125	: 0
2023-06-14T06:46:13.410Z	INFO	logger/zaplogger.go:125	: 0
2023-06-14T06:46:13.410Z	INFO	logger/zaplogger.go:125	================= 自定义变量信息 =================
2023-06-14T06:46:13.426Z	INFO	logger/zaplogger.go:125	: 1
2023-06-14T06:46:13.426Z	INFO	logger/zaplogger.go:125	: 
2023-06-14T06:46:13.426Z	INFO	logger/zaplogger.go:125	: 
2023-06-14T06:46:13.426Z	INFO	logger/zaplogger.go:125	: 0
2023-06-14T06:46:13.426Z	INFO	logger/zaplogger.go:125	: 0
2023-06-14T06:47:50.287Z	INFO	logger/zaplogger.go:125	计算分析数据模型/参数...
2023-06-14T06:47:50.287Z	INFO	logger/zaplogger.go:125	================= 原始需求信息 =================
2023-06-14T06:47:50.287Z	INFO	logger/zaplogger.go:125	视频路数                          : 1
2023-06-14T06:47:50.287Z	INFO	logger/zaplogger.go:125	视频码流                          : 4
2023-06-14T06:47:50.287Z	INFO	logger/zaplogger.go:125	数据保留期限                        : 4
2023-06-14T06:47:50.287Z	INFO	logger/zaplogger.go:125	源文件信息                         : <nil>
2023-06-14T06:47:50.287Z	INFO	logger/zaplogger.go:125	追加分片数                         : 1
2023-06-14T06:47:50.287Z	INFO	logger/zaplogger.go:125	总容量                           : 100000000000000
2023-06-14T06:47:50.287Z	INFO	logger/zaplogger.go:125	安全水位                          : 0.91
2023-06-14T06:47:50.287Z	INFO	logger/zaplogger.go:125	安全容量                          : 91000005459968
2023-06-14T06:47:50.287Z	INFO	logger/zaplogger.go:125	追加写模式?                        : false
2023-06-14T06:47:50.287Z	INFO	logger/zaplogger.go:125	非多段上传                         : false
2023-06-14T06:47:50.287Z	INFO	logger/zaplogger.go:125	单桶模式?                         : false
2023-06-14T06:47:50.287Z	INFO	logger/zaplogger.go:125	================= 数据模型信息 =================
2023-06-14T06:47:50.287Z	INFO	logger/zaplogger.go:125	                              : {0 0 0 <nil> 0 0 0 0 false false false}
2023-06-14T06:47:50.287Z	INFO	logger/zaplogger.go:125	                              : 0
2023-06-14T06:47:50.287Z	INFO	logger/zaplogger.go:125	                              : 0
2023-06-14T06:47:50.288Z	INFO	logger/zaplogger.go:125	                              : 91000005459968
2023-06-14T06:47:50.288Z	INFO	logger/zaplogger.go:125	                              : 0
2023-06-14T06:47:50.288Z	INFO	logger/zaplogger.go:125	                              : 0
2023-06-14T06:47:50.288Z	INFO	logger/zaplogger.go:125	                              : 0
2023-06-14T06:47:50.288Z	INFO	logger/zaplogger.go:125	                              : 0
2023-06-14T06:47:50.288Z	INFO	logger/zaplogger.go:125	                              : 0
2023-06-14T06:47:50.288Z	INFO	logger/zaplogger.go:125	                              : 0
2023-06-14T06:47:50.288Z	INFO	logger/zaplogger.go:125	                              : 0
2023-06-14T06:47:50.288Z	INFO	logger/zaplogger.go:125	                              : 0
2023-06-14T06:47:50.288Z	INFO	logger/zaplogger.go:125	================= 自定义变量信息 =================
2023-06-14T06:47:50.288Z	INFO	logger/zaplogger.go:125	                              : 1
2023-06-14T06:47:50.288Z	INFO	logger/zaplogger.go:125	                              : 
2023-06-14T06:47:50.288Z	INFO	logger/zaplogger.go:125	                              : 
2023-06-14T06:47:50.288Z	INFO	logger/zaplogger.go:125	                              : 0
2023-06-14T06:47:50.288Z	INFO	logger/zaplogger.go:125	                              : 0
2023-06-14T06:48:09.117Z	INFO	logger/zaplogger.go:125	计算分析数据模型/参数...
2023-06-14T06:48:09.117Z	INFO	logger/zaplogger.go:125	================= 原始需求信息 =================
2023-06-14T06:48:09.117Z	INFO	logger/zaplogger.go:125	视频路数                : 1
2023-06-14T06:48:09.117Z	INFO	logger/zaplogger.go:125	视频码流                : 4
2023-06-14T06:48:09.117Z	INFO	logger/zaplogger.go:125	数据保留期限              : 4
2023-06-14T06:48:09.117Z	INFO	logger/zaplogger.go:125	源文件信息               : <nil>
2023-06-14T06:48:09.117Z	INFO	logger/zaplogger.go:125	追加分片数               : 1
2023-06-14T06:48:09.117Z	INFO	logger/zaplogger.go:125	总容量                 : 100000000000000
2023-06-14T06:48:09.117Z	INFO	logger/zaplogger.go:125	安全水位                : 0.91
2023-06-14T06:48:09.117Z	INFO	logger/zaplogger.go:125	安全容量                : 91000005459968
2023-06-14T06:48:09.117Z	INFO	logger/zaplogger.go:125	追加写模式?              : false
2023-06-14T06:48:09.117Z	INFO	logger/zaplogger.go:125	非多段上传               : false
2023-06-14T06:48:09.117Z	INFO	logger/zaplogger.go:125	单桶模式?               : false
2023-06-14T06:48:09.117Z	INFO	logger/zaplogger.go:125	================= 数据模型信息 =================
2023-06-14T06:48:09.117Z	INFO	logger/zaplogger.go:125	                    : {0 0 0 <nil> 0 0 0 0 false false false}
2023-06-14T06:48:09.117Z	INFO	logger/zaplogger.go:125	                    : 0
2023-06-14T06:48:09.117Z	INFO	logger/zaplogger.go:125	                    : 0
2023-06-14T06:48:09.117Z	INFO	logger/zaplogger.go:125	                    : 91000005459968
2023-06-14T06:48:09.117Z	INFO	logger/zaplogger.go:125	                    : 0
2023-06-14T06:48:09.117Z	INFO	logger/zaplogger.go:125	                    : 0
2023-06-14T06:48:09.117Z	INFO	logger/zaplogger.go:125	                    : 0
2023-06-14T06:48:09.117Z	INFO	logger/zaplogger.go:125	                    : 0
2023-06-14T06:48:09.117Z	INFO	logger/zaplogger.go:125	                    : 0
2023-06-14T06:48:09.117Z	INFO	logger/zaplogger.go:125	                    : 0
2023-06-14T06:48:09.117Z	INFO	logger/zaplogger.go:125	                    : 0
2023-06-14T06:48:09.117Z	INFO	logger/zaplogger.go:125	                    : 0
2023-06-14T06:48:09.117Z	INFO	logger/zaplogger.go:125	================= 自定义变量信息 =================
2023-06-14T06:48:09.117Z	INFO	logger/zaplogger.go:125	                    : 1
2023-06-14T06:48:09.117Z	INFO	logger/zaplogger.go:125	                    : 
2023-06-14T06:48:09.117Z	INFO	logger/zaplogger.go:125	                    : 
2023-06-14T06:48:09.117Z	INFO	logger/zaplogger.go:125	                    : 0
2023-06-14T06:48:09.117Z	INFO	logger/zaplogger.go:125	                    : 0
2023-06-14T06:48:53.309Z	INFO	logger/zaplogger.go:125	计算分析数据模型/参数...
2023-06-14T06:48:53.309Z	INFO	logger/zaplogger.go:125	================= 原始需求信息 =================
2023-06-14T06:48:53.309Z	INFO	logger/zaplogger.go:125	视频路数                : 1
2023-06-14T06:48:53.309Z	INFO	logger/zaplogger.go:125	视频码流                : 4
2023-06-14T06:48:53.310Z	INFO	logger/zaplogger.go:125	保留期限                : 4
2023-06-14T06:48:53.310Z	INFO	logger/zaplogger.go:125	文件信息                : <nil>
2023-06-14T06:48:53.310Z	INFO	logger/zaplogger.go:125	追加分片数               : 1
2023-06-14T06:48:53.310Z	INFO	logger/zaplogger.go:125	总容量                 : 100000000000000
2023-06-14T06:48:53.310Z	INFO	logger/zaplogger.go:125	安全水位                : 0.91
2023-06-14T06:48:53.310Z	INFO	logger/zaplogger.go:125	安全容量                : 91000005459968
2023-06-14T06:48:53.310Z	INFO	logger/zaplogger.go:125	追加写模式               : false
2023-06-14T06:48:53.310Z	INFO	logger/zaplogger.go:125	非多段上传               : false
2023-06-14T06:48:53.310Z	INFO	logger/zaplogger.go:125	单桶模式                : false
2023-06-14T06:48:53.310Z	INFO	logger/zaplogger.go:125	================= 数据模型信息 =================
2023-06-14T06:48:53.310Z	INFO	logger/zaplogger.go:125	                    : {0 0 0 <nil> 0 0 0 0 false false false}
2023-06-14T06:48:53.310Z	INFO	logger/zaplogger.go:125	                    : 0
2023-06-14T06:48:53.310Z	INFO	logger/zaplogger.go:125	                    : 0
2023-06-14T06:48:53.311Z	INFO	logger/zaplogger.go:125	                    : 91000005459968
2023-06-14T06:48:53.311Z	INFO	logger/zaplogger.go:125	                    : 0
2023-06-14T06:48:53.311Z	INFO	logger/zaplogger.go:125	                    : 0
2023-06-14T06:48:53.311Z	INFO	logger/zaplogger.go:125	                    : 0
2023-06-14T06:48:53.311Z	INFO	logger/zaplogger.go:125	                    : 0
2023-06-14T06:48:53.311Z	INFO	logger/zaplogger.go:125	                    : 0
2023-06-14T06:48:53.311Z	INFO	logger/zaplogger.go:125	                    : 0
2023-06-14T06:48:53.311Z	INFO	logger/zaplogger.go:125	                    : 0
2023-06-14T06:48:53.311Z	INFO	logger/zaplogger.go:125	                    : 0
2023-06-14T06:48:53.311Z	INFO	logger/zaplogger.go:125	================= 自定义变量信息 =================
2023-06-14T06:48:53.311Z	INFO	logger/zaplogger.go:125	                    : 1
2023-06-14T06:48:53.311Z	INFO	logger/zaplogger.go:125	                    : 
2023-06-14T06:48:53.311Z	INFO	logger/zaplogger.go:125	                    : 
2023-06-14T06:48:53.311Z	INFO	logger/zaplogger.go:125	                    : 0
2023-06-14T06:48:53.312Z	INFO	logger/zaplogger.go:125	                    : 0
2023-06-14T06:49:39.314Z	INFO	logger/zaplogger.go:125	计算分析数据模型/参数...
2023-06-14T06:49:39.314Z	INFO	logger/zaplogger.go:125	================= 原始需求信息 =================
2023-06-14T06:49:39.314Z	INFO	logger/zaplogger.go:125	视频路数      : 1
2023-06-14T06:49:39.314Z	INFO	logger/zaplogger.go:125	视频码流      : 4
2023-06-14T06:49:39.314Z	INFO	logger/zaplogger.go:125	保留期限      : 4
2023-06-14T06:49:39.314Z	INFO	logger/zaplogger.go:125	文件信息      : <nil>
2023-06-14T06:49:39.314Z	INFO	logger/zaplogger.go:125	追加分片数     : 1
2023-06-14T06:49:39.314Z	INFO	logger/zaplogger.go:125	总容量       : 100000000000000
2023-06-14T06:49:39.314Z	INFO	logger/zaplogger.go:125	安全水位      : 0.91
2023-06-14T06:49:39.314Z	INFO	logger/zaplogger.go:125	安全容量      : 91000005459968
2023-06-14T06:49:39.314Z	INFO	logger/zaplogger.go:125	追加写模式     : false
2023-06-14T06:49:39.314Z	INFO	logger/zaplogger.go:125	非多段上传     : false
2023-06-14T06:49:39.314Z	INFO	logger/zaplogger.go:125	单桶模式      : false
2023-06-14T06:49:39.314Z	INFO	logger/zaplogger.go:125	================= 数据模型信息 =================
2023-06-14T06:49:39.314Z	INFO	logger/zaplogger.go:125	          : {0 0 0 <nil> 0 0 0 0 false false false}
2023-06-14T06:49:39.314Z	INFO	logger/zaplogger.go:125	          : 0
2023-06-14T06:49:39.314Z	INFO	logger/zaplogger.go:125	          : 0
2023-06-14T06:49:39.314Z	INFO	logger/zaplogger.go:125	          : 91000005459968
2023-06-14T06:49:39.314Z	INFO	logger/zaplogger.go:125	          : 0
2023-06-14T06:49:39.314Z	INFO	logger/zaplogger.go:125	          : 0
2023-06-14T06:49:39.314Z	INFO	logger/zaplogger.go:125	          : 0
2023-06-14T06:49:39.314Z	INFO	logger/zaplogger.go:125	          : 0
2023-06-14T06:49:39.314Z	INFO	logger/zaplogger.go:125	          : 0
2023-06-14T06:49:39.314Z	INFO	logger/zaplogger.go:125	          : 0
2023-06-14T06:49:39.314Z	INFO	logger/zaplogger.go:125	          : 0
2023-06-14T06:49:39.314Z	INFO	logger/zaplogger.go:125	          : 0
2023-06-14T06:49:39.314Z	INFO	logger/zaplogger.go:125	================= 自定义变量信息 =================
2023-06-14T06:49:39.314Z	INFO	logger/zaplogger.go:125	          : 1
2023-06-14T06:49:39.314Z	INFO	logger/zaplogger.go:125	          : 
2023-06-14T06:49:39.314Z	INFO	logger/zaplogger.go:125	          : 
2023-06-14T06:49:39.314Z	INFO	logger/zaplogger.go:125	          : 0
2023-06-14T06:49:39.314Z	INFO	logger/zaplogger.go:125	          : 0
2023-06-14T06:50:56.528Z	INFO	logger/zaplogger.go:125	计算分析数据模型/参数...
2023-06-14T06:50:56.529Z	INFO	logger/zaplogger.go:125	================= 原始需求信息 =================
2023-06-14T06:50:56.529Z	INFO	logger/zaplogger.go:125	视频路数                : 1
2023-06-14T06:50:56.529Z	INFO	logger/zaplogger.go:125	视频码流                : 4
2023-06-14T06:50:56.529Z	INFO	logger/zaplogger.go:125	保留期限                : 4
2023-06-14T06:50:56.529Z	INFO	logger/zaplogger.go:125	文件信息                : <nil>
2023-06-14T06:50:56.529Z	INFO	logger/zaplogger.go:125	追加分片数               : 1
2023-06-14T06:50:56.529Z	INFO	logger/zaplogger.go:125	总容量                 : 100000000000000
2023-06-14T06:50:56.529Z	INFO	logger/zaplogger.go:125	安全水位                : 0.91
2023-06-14T06:50:56.529Z	INFO	logger/zaplogger.go:125	安全容量                : 91000005459968
2023-06-14T06:50:56.529Z	INFO	logger/zaplogger.go:125	追加写模式               : false
2023-06-14T06:50:56.529Z	INFO	logger/zaplogger.go:125	非多段上传               : false
2023-06-14T06:50:56.529Z	INFO	logger/zaplogger.go:125	单桶模式                : false
2023-06-14T06:50:56.529Z	INFO	logger/zaplogger.go:125	================= 数据模型信息 =================
2023-06-14T06:50:56.529Z	INFO	logger/zaplogger.go:125	                    : {0 0 0 <nil> 0 0 0 0 false false false}
2023-06-14T06:50:56.529Z	INFO	logger/zaplogger.go:125	                    : 0
2023-06-14T06:50:56.529Z	INFO	logger/zaplogger.go:125	                    : 0
2023-06-14T06:50:56.529Z	INFO	logger/zaplogger.go:125	                    : 91000005459968
2023-06-14T06:50:56.529Z	INFO	logger/zaplogger.go:125	                    : 0
2023-06-14T06:50:56.529Z	INFO	logger/zaplogger.go:125	                    : 0
2023-06-14T06:50:56.529Z	INFO	logger/zaplogger.go:125	                    : 0
2023-06-14T06:50:56.529Z	INFO	logger/zaplogger.go:125	                    : 0
2023-06-14T06:50:56.529Z	INFO	logger/zaplogger.go:125	                    : 0
2023-06-14T06:50:56.529Z	INFO	logger/zaplogger.go:125	                    : 0
2023-06-14T06:50:56.529Z	INFO	logger/zaplogger.go:125	                    : 0
2023-06-14T06:50:56.529Z	INFO	logger/zaplogger.go:125	                    : 0
2023-06-14T06:50:56.529Z	INFO	logger/zaplogger.go:125	================= 自定义变量信息 =================
2023-06-14T06:50:56.529Z	INFO	logger/zaplogger.go:125	                    : 1
2023-06-14T06:50:56.530Z	INFO	logger/zaplogger.go:125	                    : 
2023-06-14T06:50:56.530Z	INFO	logger/zaplogger.go:125	                    : 
2023-06-14T06:50:56.530Z	INFO	logger/zaplogger.go:125	                    : 0
2023-06-14T06:50:56.530Z	INFO	logger/zaplogger.go:125	                    : 0
2023-06-14T06:51:09.776Z	INFO	logger/zaplogger.go:125	计算分析数据模型/参数...
2023-06-14T06:51:09.776Z	INFO	logger/zaplogger.go:125	================= 原始需求信息 =================
2023-06-14T06:51:09.776Z	INFO	logger/zaplogger.go:125	视频路数      : 1
2023-06-14T06:51:09.776Z	INFO	logger/zaplogger.go:125	视频码流      : 4
2023-06-14T06:51:09.776Z	INFO	logger/zaplogger.go:125	保留期限      : 4
2023-06-14T06:51:09.776Z	INFO	logger/zaplogger.go:125	文件信息      : <nil>
2023-06-14T06:51:09.776Z	INFO	logger/zaplogger.go:125	追加分片数     : 1
2023-06-14T06:51:09.776Z	INFO	logger/zaplogger.go:125	总容量       : 100000000000000
2023-06-14T06:51:09.776Z	INFO	logger/zaplogger.go:125	安全水位      : 0.91
2023-06-14T06:51:09.776Z	INFO	logger/zaplogger.go:125	安全容量      : 91000005459968
2023-06-14T06:51:09.776Z	INFO	logger/zaplogger.go:125	追加写模式     : false
2023-06-14T06:51:09.776Z	INFO	logger/zaplogger.go:125	非多段上传     : false
2023-06-14T06:51:09.776Z	INFO	logger/zaplogger.go:125	单桶模式      : false
2023-06-14T06:51:09.776Z	INFO	logger/zaplogger.go:125	================= 数据模型信息 =================
2023-06-14T06:51:09.776Z	INFO	logger/zaplogger.go:125	          : {0 0 0 <nil> 0 0 0 0 false false false}
2023-06-14T06:51:09.776Z	INFO	logger/zaplogger.go:125	          : 0
2023-06-14T06:51:09.776Z	INFO	logger/zaplogger.go:125	          : 0
2023-06-14T06:51:09.777Z	INFO	logger/zaplogger.go:125	          : 91000005459968
2023-06-14T06:51:09.777Z	INFO	logger/zaplogger.go:125	          : 0
2023-06-14T06:51:09.777Z	INFO	logger/zaplogger.go:125	          : 0
2023-06-14T06:51:09.777Z	INFO	logger/zaplogger.go:125	          : 0
2023-06-14T06:51:09.777Z	INFO	logger/zaplogger.go:125	          : 0
2023-06-14T06:51:09.777Z	INFO	logger/zaplogger.go:125	          : 0
2023-06-14T06:51:09.777Z	INFO	logger/zaplogger.go:125	          : 0
2023-06-14T06:51:09.777Z	INFO	logger/zaplogger.go:125	          : 0
2023-06-14T06:51:09.777Z	INFO	logger/zaplogger.go:125	          : 0
2023-06-14T06:51:09.777Z	INFO	logger/zaplogger.go:125	================= 自定义变量信息 =================
2023-06-14T06:51:09.777Z	INFO	logger/zaplogger.go:125	          : 1
2023-06-14T06:51:09.777Z	INFO	logger/zaplogger.go:125	          : 
2023-06-14T06:51:09.777Z	INFO	logger/zaplogger.go:125	          : 
2023-06-14T06:51:09.777Z	INFO	logger/zaplogger.go:125	          : 0
2023-06-14T06:51:09.777Z	INFO	logger/zaplogger.go:125	          : 0
2023-06-14T07:24:33.116Z	INFO	logger/zaplogger.go:125	计算分析数据模型/参数...
2023-06-14T07:24:33.117Z	INFO	logger/zaplogger.go:125	================= 原始需求信息 =================
2023-06-14T07:24:33.117Z	INFO	logger/zaplogger.go:125	视频路数: 1
2023-06-14T07:24:33.117Z	INFO	logger/zaplogger.go:125	视频码流: 4
2023-06-14T07:24:33.117Z	INFO	logger/zaplogger.go:125	保留期限: 4
2023-06-14T07:24:33.117Z	INFO	logger/zaplogger.go:125	文件信息: <nil>
2023-06-14T07:24:33.117Z	INFO	logger/zaplogger.go:125	追加分片数: 1
2023-06-14T07:24:33.117Z	INFO	logger/zaplogger.go:125	总容量: 100000000000000
2023-06-14T07:24:33.117Z	INFO	logger/zaplogger.go:125	安全水位: 0.91
2023-06-14T07:24:33.117Z	INFO	logger/zaplogger.go:125	安全容量: 91000005459968
2023-06-14T07:24:33.117Z	INFO	logger/zaplogger.go:125	追加写模式: false
2023-06-14T07:24:33.117Z	INFO	logger/zaplogger.go:125	非多段上传: false
2023-06-14T07:24:33.117Z	INFO	logger/zaplogger.go:125	单桶模式: false
2023-06-14T07:24:33.117Z	INFO	logger/zaplogger.go:125	================= 数据模型信息 =================
2023-06-14T07:24:33.117Z	INFO	logger/zaplogger.go:125	          : {0 0 0 <nil> 0 0 0 0 false false false}
2023-06-14T07:24:33.117Z	INFO	logger/zaplogger.go:125	          : 0
2023-06-14T07:24:33.117Z	INFO	logger/zaplogger.go:125	          : 0
2023-06-14T07:24:33.117Z	INFO	logger/zaplogger.go:125	          : 91000005459968
2023-06-14T07:24:33.117Z	INFO	logger/zaplogger.go:125	          : 0
2023-06-14T07:24:33.117Z	INFO	logger/zaplogger.go:125	          : 0
2023-06-14T07:24:33.117Z	INFO	logger/zaplogger.go:125	          : 0
2023-06-14T07:24:33.117Z	INFO	logger/zaplogger.go:125	          : 0
2023-06-14T07:24:33.117Z	INFO	logger/zaplogger.go:125	          : 0
2023-06-14T07:24:33.117Z	INFO	logger/zaplogger.go:125	          : 0
2023-06-14T07:24:33.117Z	INFO	logger/zaplogger.go:125	          : 0
2023-06-14T07:24:33.117Z	INFO	logger/zaplogger.go:125	          : 0
2023-06-14T07:24:33.117Z	INFO	logger/zaplogger.go:125	================= 自定义变量信息 =================
2023-06-14T07:24:33.117Z	INFO	logger/zaplogger.go:125	          : 1
2023-06-14T07:24:33.117Z	INFO	logger/zaplogger.go:125	          : 
2023-06-14T07:24:33.118Z	INFO	logger/zaplogger.go:125	          : 
2023-06-14T07:24:33.118Z	INFO	logger/zaplogger.go:125	          : 0
2023-06-14T07:24:33.118Z	INFO	logger/zaplogger.go:125	          : 0
2023-06-14T07:24:47.208Z	INFO	logger/zaplogger.go:125	计算分析数据模型/参数...
2023-06-14T07:24:47.208Z	INFO	logger/zaplogger.go:125	================= 原始需求信息 =================
2023-06-14T07:24:47.208Z	INFO	logger/zaplogger.go:125	视频路数              : 1
2023-06-14T07:24:47.208Z	INFO	logger/zaplogger.go:125	视频码流              : 4
2023-06-14T07:24:47.208Z	INFO	logger/zaplogger.go:125	保留期限              : 4
2023-06-14T07:24:47.208Z	INFO	logger/zaplogger.go:125	文件信息              : <nil>
2023-06-14T07:24:47.208Z	INFO	logger/zaplogger.go:125	追加分片数          : 1
2023-06-14T07:24:47.209Z	INFO	logger/zaplogger.go:125	总容量                  : 100000000000000
2023-06-14T07:24:47.209Z	INFO	logger/zaplogger.go:125	安全水位              : 0.91
2023-06-14T07:24:47.209Z	INFO	logger/zaplogger.go:125	安全容量              : 91000005459968
2023-06-14T07:24:47.209Z	INFO	logger/zaplogger.go:125	追加写模式          : false
2023-06-14T07:24:47.209Z	INFO	logger/zaplogger.go:125	非多段上传          : false
2023-06-14T07:24:47.209Z	INFO	logger/zaplogger.go:125	单桶模式              : false
2023-06-14T07:24:47.209Z	INFO	logger/zaplogger.go:125	================= 数据模型信息 =================
2023-06-14T07:24:47.209Z	INFO	logger/zaplogger.go:125	                              : {0 0 0 <nil> 0 0 0 0 false false false}
2023-06-14T07:24:47.209Z	INFO	logger/zaplogger.go:125	                              : 0
2023-06-14T07:24:47.209Z	INFO	logger/zaplogger.go:125	                              : 0
2023-06-14T07:24:47.209Z	INFO	logger/zaplogger.go:125	                              : 91000005459968
2023-06-14T07:24:47.209Z	INFO	logger/zaplogger.go:125	                              : 0
2023-06-14T07:24:47.209Z	INFO	logger/zaplogger.go:125	                              : 0
2023-06-14T07:24:47.209Z	INFO	logger/zaplogger.go:125	                              : 0
2023-06-14T07:24:47.209Z	INFO	logger/zaplogger.go:125	                              : 0
2023-06-14T07:24:47.209Z	INFO	logger/zaplogger.go:125	                              : 0
2023-06-14T07:24:47.209Z	INFO	logger/zaplogger.go:125	                              : 0
2023-06-14T07:24:47.209Z	INFO	logger/zaplogger.go:125	                              : 0
2023-06-14T07:24:47.209Z	INFO	logger/zaplogger.go:125	                              : 0
2023-06-14T07:24:47.209Z	INFO	logger/zaplogger.go:125	================= 自定义变量信息 =================
2023-06-14T07:24:47.209Z	INFO	logger/zaplogger.go:125	                              : 1
2023-06-14T07:24:47.209Z	INFO	logger/zaplogger.go:125	                              : 
2023-06-14T07:24:47.209Z	INFO	logger/zaplogger.go:125	                              : 
2023-06-14T07:24:47.209Z	INFO	logger/zaplogger.go:125	                              : 0
2023-06-14T07:24:47.209Z	INFO	logger/zaplogger.go:125	                              : 0
2023-06-14T07:25:26.725Z	INFO	logger/zaplogger.go:125	计算分析数据模型/参数...
2023-06-14T07:25:26.725Z	INFO	logger/zaplogger.go:125	================= 原始需求信息 =================
2023-06-14T07:25:26.725Z	INFO	logger/zaplogger.go:125	视频路数                          : 1
2023-06-14T07:25:26.725Z	INFO	logger/zaplogger.go:125	视频码流                          : 4
2023-06-14T07:25:26.725Z	INFO	logger/zaplogger.go:125	保留期限                          : 4
2023-06-14T07:25:26.725Z	INFO	logger/zaplogger.go:125	文件信息                          : <nil>
2023-06-14T07:25:26.725Z	INFO	logger/zaplogger.go:125	追加分片数                         : 1
2023-06-14T07:25:26.725Z	INFO	logger/zaplogger.go:125	总容量                           : 100000000000000
2023-06-14T07:25:26.725Z	INFO	logger/zaplogger.go:125	安全水位                          : 0.91
2023-06-14T07:25:26.725Z	INFO	logger/zaplogger.go:125	安全容量                          : 91000005459968
2023-06-14T07:25:26.725Z	INFO	logger/zaplogger.go:125	追加写模式                         : false
2023-06-14T07:25:26.725Z	INFO	logger/zaplogger.go:125	非多段上传                         : false
2023-06-14T07:25:26.725Z	INFO	logger/zaplogger.go:125	单桶模式                          : false
2023-06-14T07:25:26.725Z	INFO	logger/zaplogger.go:125	================= 数据模型信息 =================
2023-06-14T07:25:26.725Z	INFO	logger/zaplogger.go:125	                              : {0 0 0 <nil> 0 0 0 0 false false false}
2023-06-14T07:25:26.725Z	INFO	logger/zaplogger.go:125	                              : 0
2023-06-14T07:25:26.725Z	INFO	logger/zaplogger.go:125	                              : 0
2023-06-14T07:25:26.725Z	INFO	logger/zaplogger.go:125	                              : 91000005459968
2023-06-14T07:25:26.725Z	INFO	logger/zaplogger.go:125	                              : 0
2023-06-14T07:25:26.725Z	INFO	logger/zaplogger.go:125	                              : 0
2023-06-14T07:25:26.725Z	INFO	logger/zaplogger.go:125	                              : 0
2023-06-14T07:25:26.725Z	INFO	logger/zaplogger.go:125	                              : 0
2023-06-14T07:25:26.725Z	INFO	logger/zaplogger.go:125	                              : 0
2023-06-14T07:25:26.725Z	INFO	logger/zaplogger.go:125	                              : 0
2023-06-14T07:25:26.725Z	INFO	logger/zaplogger.go:125	                              : 0
2023-06-14T07:25:26.725Z	INFO	logger/zaplogger.go:125	                              : 0
2023-06-14T07:25:26.725Z	INFO	logger/zaplogger.go:125	================= 自定义变量信息 =================
2023-06-14T07:25:26.725Z	INFO	logger/zaplogger.go:125	                              : 1
2023-06-14T07:25:26.725Z	INFO	logger/zaplogger.go:125	                              : 
2023-06-14T07:25:26.725Z	INFO	logger/zaplogger.go:125	                              : 
2023-06-14T07:25:26.725Z	INFO	logger/zaplogger.go:125	                              : 0
2023-06-14T07:25:26.725Z	INFO	logger/zaplogger.go:125	                              : 0
2023-06-14T07:26:27.836Z	INFO	logger/zaplogger.go:125	计算分析数据模型/参数...
2023-06-14T07:26:27.836Z	INFO	logger/zaplogger.go:125	================= 原始需求信息 =================
2023-06-14T07:26:27.836Z	INFO	logger/zaplogger.go:125	视频路数              	: 1
2023-06-14T07:26:27.836Z	INFO	logger/zaplogger.go:125	视频码流              	: 4
2023-06-14T07:26:27.836Z	INFO	logger/zaplogger.go:125	保留期限              	: 4
2023-06-14T07:26:27.836Z	INFO	logger/zaplogger.go:125	文件信息              	: <nil>
2023-06-14T07:26:27.836Z	INFO	logger/zaplogger.go:125	追加分片数          	: 1
2023-06-14T07:26:27.836Z	INFO	logger/zaplogger.go:125	总容量                  	: 100000000000000
2023-06-14T07:26:27.836Z	INFO	logger/zaplogger.go:125	安全水位              	: 0.91
2023-06-14T07:26:27.836Z	INFO	logger/zaplogger.go:125	安全容量              	: 91000005459968
2023-06-14T07:26:27.836Z	INFO	logger/zaplogger.go:125	追加写模式          	: false
2023-06-14T07:26:27.836Z	INFO	logger/zaplogger.go:125	非多段上传          	: false
2023-06-14T07:26:27.836Z	INFO	logger/zaplogger.go:125	单桶模式              	: false
2023-06-14T07:26:27.836Z	INFO	logger/zaplogger.go:125	================= 数据模型信息 =================
2023-06-14T07:26:27.836Z	INFO	logger/zaplogger.go:125	                              	: {0 0 0 <nil> 0 0 0 0 false false false}
2023-06-14T07:26:27.837Z	INFO	logger/zaplogger.go:125	                              	: 0
2023-06-14T07:26:27.837Z	INFO	logger/zaplogger.go:125	                              	: 0
2023-06-14T07:26:27.837Z	INFO	logger/zaplogger.go:125	                              	: 91000005459968
2023-06-14T07:26:27.837Z	INFO	logger/zaplogger.go:125	                              	: 0
2023-06-14T07:26:27.837Z	INFO	logger/zaplogger.go:125	                              	: 0
2023-06-14T07:26:27.837Z	INFO	logger/zaplogger.go:125	                              	: 0
2023-06-14T07:26:27.837Z	INFO	logger/zaplogger.go:125	                              	: 0
2023-06-14T07:26:27.837Z	INFO	logger/zaplogger.go:125	                              	: 0
2023-06-14T07:26:27.837Z	INFO	logger/zaplogger.go:125	                              	: 0
2023-06-14T07:26:27.837Z	INFO	logger/zaplogger.go:125	                              	: 0
2023-06-14T07:26:27.837Z	INFO	logger/zaplogger.go:125	                              	: 0
2023-06-14T07:26:27.837Z	INFO	logger/zaplogger.go:125	================= 自定义变量信息 =================
2023-06-14T07:26:27.837Z	INFO	logger/zaplogger.go:125	                              	: 1
2023-06-14T07:26:27.837Z	INFO	logger/zaplogger.go:125	                              	: 
2023-06-14T07:26:27.837Z	INFO	logger/zaplogger.go:125	                              	: 
2023-06-14T07:26:27.837Z	INFO	logger/zaplogger.go:125	                              	: 0
2023-06-14T07:26:27.837Z	INFO	logger/zaplogger.go:125	                              	: 0
2023-06-14T07:26:47.993Z	INFO	logger/zaplogger.go:125	计算分析数据模型/参数...
2023-06-14T07:26:47.994Z	INFO	logger/zaplogger.go:125	================= 原始需求信息 =================
2023-06-14T07:26:47.994Z	INFO	logger/zaplogger.go:125	视频路数                          	: 1
2023-06-14T07:26:47.994Z	INFO	logger/zaplogger.go:125	视频码流                          	: 4
2023-06-14T07:26:47.994Z	INFO	logger/zaplogger.go:125	保留期限                          	: 4
2023-06-14T07:26:47.995Z	INFO	logger/zaplogger.go:125	文件信息                          	: <nil>
2023-06-14T07:26:47.995Z	INFO	logger/zaplogger.go:125	追加分片数                         	: 1
2023-06-14T07:26:47.995Z	INFO	logger/zaplogger.go:125	总容量                           	: 100000000000000
2023-06-14T07:26:47.995Z	INFO	logger/zaplogger.go:125	安全水位                          	: 0.91
2023-06-14T07:26:47.995Z	INFO	logger/zaplogger.go:125	安全容量                          	: 91000005459968
2023-06-14T07:26:47.995Z	INFO	logger/zaplogger.go:125	追加写模式                         	: false
2023-06-14T07:26:47.996Z	INFO	logger/zaplogger.go:125	非多段上传                         	: false
2023-06-14T07:26:47.996Z	INFO	logger/zaplogger.go:125	单桶模式                          	: false
2023-06-14T07:26:47.996Z	INFO	logger/zaplogger.go:125	================= 数据模型信息 =================
2023-06-14T07:26:47.996Z	INFO	logger/zaplogger.go:125	                              	: {0 0 0 <nil> 0 0 0 0 false false false}
2023-06-14T07:26:47.996Z	INFO	logger/zaplogger.go:125	                              	: 0
2023-06-14T07:26:47.996Z	INFO	logger/zaplogger.go:125	                              	: 0
2023-06-14T07:26:47.996Z	INFO	logger/zaplogger.go:125	                              	: 91000005459968
2023-06-14T07:26:47.996Z	INFO	logger/zaplogger.go:125	                              	: 0
2023-06-14T07:26:47.997Z	INFO	logger/zaplogger.go:125	                              	: 0
2023-06-14T07:26:47.997Z	INFO	logger/zaplogger.go:125	                              	: 0
2023-06-14T07:26:47.997Z	INFO	logger/zaplogger.go:125	                              	: 0
2023-06-14T07:26:47.997Z	INFO	logger/zaplogger.go:125	                              	: 0
2023-06-14T07:26:47.997Z	INFO	logger/zaplogger.go:125	                              	: 0
2023-06-14T07:26:47.997Z	INFO	logger/zaplogger.go:125	                              	: 0
2023-06-14T07:26:47.997Z	INFO	logger/zaplogger.go:125	                              	: 0
2023-06-14T07:26:47.998Z	INFO	logger/zaplogger.go:125	================= 自定义变量信息 =================
2023-06-14T07:26:47.998Z	INFO	logger/zaplogger.go:125	                              	: 1
2023-06-14T07:26:47.998Z	INFO	logger/zaplogger.go:125	                              	: 
2023-06-14T07:26:47.998Z	INFO	logger/zaplogger.go:125	                              	: 
2023-06-14T07:26:47.998Z	INFO	logger/zaplogger.go:125	                              	: 0
2023-06-14T07:26:47.998Z	INFO	logger/zaplogger.go:125	                              	: 0
2023-06-14T07:26:58.656Z	INFO	logger/zaplogger.go:125	计算分析数据模型/参数...
2023-06-14T07:26:58.656Z	INFO	logger/zaplogger.go:125	================= 原始需求信息 =================
2023-06-14T07:26:58.656Z	INFO	logger/zaplogger.go:125	视频路数      	: 1
2023-06-14T07:26:58.656Z	INFO	logger/zaplogger.go:125	视频码流      	: 4
2023-06-14T07:26:58.656Z	INFO	logger/zaplogger.go:125	保留期限      	: 4
2023-06-14T07:26:58.656Z	INFO	logger/zaplogger.go:125	文件信息      	: <nil>
2023-06-14T07:26:58.656Z	INFO	logger/zaplogger.go:125	追加分片数     	: 1
2023-06-14T07:26:58.656Z	INFO	logger/zaplogger.go:125	总容量       	: 100000000000000
2023-06-14T07:26:58.656Z	INFO	logger/zaplogger.go:125	安全水位      	: 0.91
2023-06-14T07:26:58.656Z	INFO	logger/zaplogger.go:125	安全容量      	: 91000005459968
2023-06-14T07:26:58.656Z	INFO	logger/zaplogger.go:125	追加写模式     	: false
2023-06-14T07:26:58.656Z	INFO	logger/zaplogger.go:125	非多段上传     	: false
2023-06-14T07:26:58.656Z	INFO	logger/zaplogger.go:125	单桶模式      	: false
2023-06-14T07:26:58.656Z	INFO	logger/zaplogger.go:125	================= 数据模型信息 =================
2023-06-14T07:26:58.656Z	INFO	logger/zaplogger.go:125	          	: {0 0 0 <nil> 0 0 0 0 false false false}
2023-06-14T07:26:58.657Z	INFO	logger/zaplogger.go:125	          	: 0
2023-06-14T07:26:58.657Z	INFO	logger/zaplogger.go:125	          	: 0
2023-06-14T07:26:58.657Z	INFO	logger/zaplogger.go:125	          	: 91000005459968
2023-06-14T07:26:58.657Z	INFO	logger/zaplogger.go:125	          	: 0
2023-06-14T07:26:58.657Z	INFO	logger/zaplogger.go:125	          	: 0
2023-06-14T07:26:58.657Z	INFO	logger/zaplogger.go:125	          	: 0
2023-06-14T07:26:58.657Z	INFO	logger/zaplogger.go:125	          	: 0
2023-06-14T07:26:58.657Z	INFO	logger/zaplogger.go:125	          	: 0
2023-06-14T07:26:58.657Z	INFO	logger/zaplogger.go:125	          	: 0
2023-06-14T07:26:58.657Z	INFO	logger/zaplogger.go:125	          	: 0
2023-06-14T07:26:58.657Z	INFO	logger/zaplogger.go:125	          	: 0
2023-06-14T07:26:58.657Z	INFO	logger/zaplogger.go:125	================= 自定义变量信息 =================
2023-06-14T07:26:58.657Z	INFO	logger/zaplogger.go:125	          	: 1
2023-06-14T07:26:58.657Z	INFO	logger/zaplogger.go:125	          	: 
2023-06-14T07:26:58.657Z	INFO	logger/zaplogger.go:125	          	: 
2023-06-14T07:26:58.657Z	INFO	logger/zaplogger.go:125	          	: 0
2023-06-14T07:26:58.657Z	INFO	logger/zaplogger.go:125	          	: 0
2023-06-14T07:33:09.852Z	INFO	logger/zaplogger.go:125	计算分析数据模型/参数...
2023-06-14T07:33:09.853Z	INFO	logger/zaplogger.go:125	================= 原始需求信息 =================
2023-06-14T07:33:09.853Z	INFO	logger/zaplogger.go:125	视频路数      	: 1
2023-06-14T07:33:09.853Z	INFO	logger/zaplogger.go:125	视频码流      	: 4
2023-06-14T07:33:09.853Z	INFO	logger/zaplogger.go:125	保留期限      	: 4
2023-06-14T07:33:09.853Z	INFO	logger/zaplogger.go:125	源文件信息     	: <nil>
2023-06-14T07:33:09.853Z	INFO	logger/zaplogger.go:125	追加分片数     	: 1
2023-06-14T07:33:09.853Z	INFO	logger/zaplogger.go:125	总容量       	: 100000000000000
2023-06-14T07:33:09.853Z	INFO	logger/zaplogger.go:125	安全水位      	: 0.91
2023-06-14T07:33:09.853Z	INFO	logger/zaplogger.go:125	安全容量      	: 91000005459968
2023-06-14T07:33:09.854Z	INFO	logger/zaplogger.go:125	追加写模式     	: false
2023-06-14T07:33:09.854Z	INFO	logger/zaplogger.go:125	非多段上传     	: false
2023-06-14T07:33:09.854Z	INFO	logger/zaplogger.go:125	单桶模式      	: false
2023-06-14T07:33:09.854Z	INFO	logger/zaplogger.go:125	================= 数据模型信息 =================
2023-06-14T07:33:09.854Z	INFO	logger/zaplogger.go:125	总带宽       	: 0
2023-06-14T07:33:09.854Z	INFO	logger/zaplogger.go:125	桶数量       	: 0
2023-06-14T07:33:09.854Z	INFO	logger/zaplogger.go:125	总对象数      	: 91000005459968
2023-06-14T07:33:09.854Z	INFO	logger/zaplogger.go:125	每路视频对象数   	: 0
2023-06-14T07:33:09.854Z	INFO	logger/zaplogger.go:125	每天对象数     	: 0
2023-06-14T07:33:09.854Z	INFO	logger/zaplogger.go:125	每路视频每天对象数 	: 0
2023-06-14T07:33:09.855Z	INFO	logger/zaplogger.go:125	一路视频每个对象产生间隔	: 0
2023-06-14T07:33:09.855Z	INFO	logger/zaplogger.go:125	一路视频每个对象分片产生间隔	: 0
2023-06-14T07:33:09.855Z	INFO	logger/zaplogger.go:125	一路视频最大并行数 	: 0
2023-06-14T07:33:09.855Z	INFO	logger/zaplogger.go:125	写删阶段平均每秒处理对象数	: 0
2023-06-14T07:33:09.855Z	INFO	logger/zaplogger.go:125	预埋阶段平均每秒处理对象数	: 0
2023-06-14T07:33:09.855Z	INFO	logger/zaplogger.go:125	================= 自定义变量信息 =================
2023-06-14T07:33:09.855Z	INFO	logger/zaplogger.go:125	预埋阶段视频路数  	: 1
2023-06-14T07:33:09.856Z	INFO	logger/zaplogger.go:125	桶前缀       	: 
2023-06-14T07:33:09.856Z	INFO	logger/zaplogger.go:125	对象前缀      	: 
2023-06-14T07:33:09.856Z	INFO	logger/zaplogger.go:125	对象名序号长度   	: 0
2023-06-14T07:33:09.856Z	INFO	logger/zaplogger.go:125	对象序号起始值   	: 0
2023-06-14T07:35:33.760Z	INFO	logger/zaplogger.go:125	计算分析数据模型/参数...
2023-06-14T07:35:33.761Z	INFO	logger/zaplogger.go:125	================= 原始需求信息 =================
2023-06-14T07:35:33.761Z	INFO	logger/zaplogger.go:125	视频路数      	: 1
2023-06-14T07:35:33.761Z	INFO	logger/zaplogger.go:125	视频码流      	: 4
2023-06-14T07:35:33.761Z	INFO	logger/zaplogger.go:125	保留期限      	: 4
2023-06-14T07:35:33.761Z	INFO	logger/zaplogger.go:125	源文件信息     	: <nil>
2023-06-14T07:35:33.761Z	INFO	logger/zaplogger.go:125	追加分片数     	: 1
2023-06-14T07:35:33.761Z	INFO	logger/zaplogger.go:125	总容量       	: 100000000000000
2023-06-14T07:35:33.761Z	INFO	logger/zaplogger.go:125	安全水位      	: 0.91
2023-06-14T07:35:33.761Z	INFO	logger/zaplogger.go:125	安全容量      	: 91000005459968
2023-06-14T07:35:33.761Z	INFO	logger/zaplogger.go:125	追加写模式     	: false
2023-06-14T07:35:33.761Z	INFO	logger/zaplogger.go:125	非多段上传     	: false
2023-06-14T07:35:33.761Z	INFO	logger/zaplogger.go:125	单桶模式      	: false
2023-06-14T07:35:33.761Z	INFO	logger/zaplogger.go:125	================= 数据模型信息 =================
2023-06-14T07:35:33.761Z	INFO	logger/zaplogger.go:125	总带宽       	: 0
2023-06-14T07:35:33.761Z	INFO	logger/zaplogger.go:125	桶数量       	: 0
2023-06-14T07:35:33.761Z	INFO	logger/zaplogger.go:125	总对象数      	: 91000005459968
2023-06-14T07:35:33.761Z	INFO	logger/zaplogger.go:125	每路视频对象数   	: 0
2023-06-14T07:35:33.761Z	INFO	logger/zaplogger.go:125	每天对象数     	: 0
2023-06-14T07:35:33.762Z	INFO	logger/zaplogger.go:125	每路视频每天对象数 	: 0
2023-06-14T07:35:33.762Z	INFO	logger/zaplogger.go:125	一路视频每个对象产生间隔	: 0
2023-06-14T07:35:33.762Z	INFO	logger/zaplogger.go:125	一路视频每个对象分片产生间隔	: 0
2023-06-14T07:35:33.762Z	INFO	logger/zaplogger.go:125	一路视频最大并行数 	: 0
2023-06-14T07:35:33.762Z	INFO	logger/zaplogger.go:125	写删阶段平均每秒处理对象数	: 0
2023-06-14T07:35:33.762Z	INFO	logger/zaplogger.go:125	预埋阶段平均每秒处理对象数	: 0
2023-06-14T07:35:33.762Z	INFO	logger/zaplogger.go:125	================= 自定义变量信息 =================
2023-06-14T07:35:33.762Z	INFO	logger/zaplogger.go:125	预埋阶段视频路数  	: 1
2023-06-14T07:35:33.762Z	INFO	logger/zaplogger.go:125	桶前缀       	: 
2023-06-14T07:35:33.762Z	INFO	logger/zaplogger.go:125	对象前缀      	: 
2023-06-14T07:35:33.762Z	INFO	logger/zaplogger.go:125	对象名序号长度   	: 0
2023-06-14T07:35:33.762Z	INFO	logger/zaplogger.go:125	对象序号起始值   	: 0
2023-06-14T07:35:46.103Z	INFO	logger/zaplogger.go:125	计算分析数据模型/参数...
2023-06-14T07:35:46.103Z	INFO	logger/zaplogger.go:125	================= 原始需求信息 =================
2023-06-14T07:35:46.103Z	INFO	logger/zaplogger.go:125	视频路数                          	: 1
2023-06-14T07:35:46.103Z	INFO	logger/zaplogger.go:125	视频码流                          	: 4
2023-06-14T07:35:46.103Z	INFO	logger/zaplogger.go:125	保留期限                          	: 4
2023-06-14T07:35:46.103Z	INFO	logger/zaplogger.go:125	源文件信息                         	: <nil>
2023-06-14T07:35:46.103Z	INFO	logger/zaplogger.go:125	追加分片数                         	: 1
2023-06-14T07:35:46.103Z	INFO	logger/zaplogger.go:125	总容量                           	: 100000000000000
2023-06-14T07:35:46.103Z	INFO	logger/zaplogger.go:125	安全水位                          	: 0.91
2023-06-14T07:35:46.103Z	INFO	logger/zaplogger.go:125	安全容量                          	: 91000005459968
2023-06-14T07:35:46.103Z	INFO	logger/zaplogger.go:125	追加写模式                         	: false
2023-06-14T07:35:46.103Z	INFO	logger/zaplogger.go:125	非多段上传                         	: false
2023-06-14T07:35:46.104Z	INFO	logger/zaplogger.go:125	单桶模式                          	: false
2023-06-14T07:35:46.104Z	INFO	logger/zaplogger.go:125	================= 数据模型信息 =================
2023-06-14T07:35:46.104Z	INFO	logger/zaplogger.go:125	总带宽                           	: 0
2023-06-14T07:35:46.104Z	INFO	logger/zaplogger.go:125	桶数量                           	: 0
2023-06-14T07:35:46.104Z	INFO	logger/zaplogger.go:125	总对象数                          	: 91000005459968
2023-06-14T07:35:46.104Z	INFO	logger/zaplogger.go:125	每路视频对象数                       	: 0
2023-06-14T07:35:46.104Z	INFO	logger/zaplogger.go:125	每天对象数                         	: 0
2023-06-14T07:35:46.104Z	INFO	logger/zaplogger.go:125	每路视频每天对象数                     	: 0
2023-06-14T07:35:46.104Z	INFO	logger/zaplogger.go:125	一路视频每个对象产生间隔                  	: 0
2023-06-14T07:35:46.104Z	INFO	logger/zaplogger.go:125	一路视频每个对象分片产生间隔                	: 0
2023-06-14T07:35:46.104Z	INFO	logger/zaplogger.go:125	一路视频最大并行数                     	: 0
2023-06-14T07:35:46.104Z	INFO	logger/zaplogger.go:125	写删阶段平均每秒处理对象数                 	: 0
2023-06-14T07:35:46.104Z	INFO	logger/zaplogger.go:125	预埋阶段平均每秒处理对象数                 	: 0
2023-06-14T07:35:46.104Z	INFO	logger/zaplogger.go:125	================= 自定义变量信息 =================
2023-06-14T07:35:46.104Z	INFO	logger/zaplogger.go:125	预埋阶段视频路数                      	: 1
2023-06-14T07:35:46.104Z	INFO	logger/zaplogger.go:125	桶前缀                           	: 
2023-06-14T07:35:46.104Z	INFO	logger/zaplogger.go:125	对象前缀                          	: 
2023-06-14T07:35:46.104Z	INFO	logger/zaplogger.go:125	对象名序号长度                       	: 0
2023-06-14T07:35:46.104Z	INFO	logger/zaplogger.go:125	对象序号起始值                       	: 0
2023-06-14T07:38:40.108Z	INFO	logger/zaplogger.go:125	计算分析数据模型/参数...
2023-06-14T07:38:40.108Z	INFO	logger/zaplogger.go:125	================= 原始需求信息 =================
2023-06-14T07:38:40.108Z	INFO	logger/zaplogger.go:125	视频路数                          	: 1
2023-06-14T07:38:40.109Z	INFO	logger/zaplogger.go:125	视频码流                          	: 4
2023-06-14T07:38:40.109Z	INFO	logger/zaplogger.go:125	保留期限                          	: 4
2023-06-14T07:38:40.109Z	INFO	logger/zaplogger.go:125	源文件信息                         	: <nil>
2023-06-14T07:38:40.109Z	INFO	logger/zaplogger.go:125	追加分片数                         	: 1
2023-06-14T07:38:40.110Z	INFO	logger/zaplogger.go:125	总容量                           	: 100000000000000
2023-06-14T07:38:40.110Z	INFO	logger/zaplogger.go:125	安全水位                          	: 0.91
2023-06-14T07:38:40.110Z	INFO	logger/zaplogger.go:125	安全容量                          	: 91000005459968
2023-06-14T07:38:40.110Z	INFO	logger/zaplogger.go:125	追加写模式                         	: false
2023-06-14T07:38:40.111Z	INFO	logger/zaplogger.go:125	非多段上传                         	: false
2023-06-14T07:38:40.111Z	INFO	logger/zaplogger.go:125	单桶模式                          	: false
2023-06-14T07:38:40.111Z	INFO	logger/zaplogger.go:125	================= 数据模型信息 =================
2023-06-14T07:38:40.111Z	INFO	logger/zaplogger.go:125	总带宽                           	: 0
2023-06-14T07:38:40.111Z	INFO	logger/zaplogger.go:125	桶数量                           	: 0
2023-06-14T07:38:40.111Z	INFO	logger/zaplogger.go:125	总对象数                          	: 91000005459968
2023-06-14T07:38:40.111Z	INFO	logger/zaplogger.go:125	每路视频对象数                       	: 0
2023-06-14T07:38:40.112Z	INFO	logger/zaplogger.go:125	每天对象数                         	: 0
2023-06-14T07:38:40.112Z	INFO	logger/zaplogger.go:125	每路视频每天对象数                     	: 0
2023-06-14T07:38:40.112Z	INFO	logger/zaplogger.go:125	一路视频对象产生间隔                    	: 0
2023-06-14T07:38:40.112Z	INFO	logger/zaplogger.go:125	一路视频对象分片产生间隔                  	: 0
2023-06-14T07:38:40.112Z	INFO	logger/zaplogger.go:125	一路视频最大并行数                     	: 0
2023-06-14T07:38:40.113Z	INFO	logger/zaplogger.go:125	写删阶段平均每秒处理对象数                 	: 0
2023-06-14T07:38:40.113Z	INFO	logger/zaplogger.go:125	预埋阶段平均每秒处理对象数                 	: 0
2023-06-14T07:38:40.113Z	INFO	logger/zaplogger.go:125	================= 自定义变量信息 =================
2023-06-14T07:38:40.113Z	INFO	logger/zaplogger.go:125	预埋阶段视频路数                      	: 1
2023-06-14T07:38:40.113Z	INFO	logger/zaplogger.go:125	桶前缀                           	: 
2023-06-14T07:38:40.113Z	INFO	logger/zaplogger.go:125	对象前缀                          	: 
2023-06-14T07:38:40.114Z	INFO	logger/zaplogger.go:125	对象名序号长度                       	: 0
2023-06-14T07:38:40.114Z	INFO	logger/zaplogger.go:125	对象序号起始值                       	: 0
2023-06-14T07:39:12.177Z	INFO	logger/zaplogger.go:125	计算分析数据模型/参数...
2023-06-14T07:39:12.178Z	INFO	logger/zaplogger.go:125	================= 原始需求信息 =================
2023-06-14T07:39:12.178Z	INFO	logger/zaplogger.go:125	视频路数                		: 1
2023-06-14T07:39:12.178Z	INFO	logger/zaplogger.go:125	视频码流                		: 4
2023-06-14T07:39:12.178Z	INFO	logger/zaplogger.go:125	保留期限                		: 4
2023-06-14T07:39:12.178Z	INFO	logger/zaplogger.go:125	源文件信息               		: <nil>
2023-06-14T07:39:12.178Z	INFO	logger/zaplogger.go:125	追加分片数               		: 1
2023-06-14T07:39:12.178Z	INFO	logger/zaplogger.go:125	总容量                 		: 100000000000000
2023-06-14T07:39:12.178Z	INFO	logger/zaplogger.go:125	安全水位                		: 0.91
2023-06-14T07:39:12.178Z	INFO	logger/zaplogger.go:125	安全容量                		: 91000005459968
2023-06-14T07:39:12.178Z	INFO	logger/zaplogger.go:125	追加写模式               		: false
2023-06-14T07:39:12.178Z	INFO	logger/zaplogger.go:125	非多段上传               		: false
2023-06-14T07:39:12.178Z	INFO	logger/zaplogger.go:125	单桶模式                		: false
2023-06-14T07:39:12.178Z	INFO	logger/zaplogger.go:125	================= 数据模型信息 =================
2023-06-14T07:39:12.178Z	INFO	logger/zaplogger.go:125	总带宽                 		: 0
2023-06-14T07:39:12.178Z	INFO	logger/zaplogger.go:125	桶数量                 		: 0
2023-06-14T07:39:12.178Z	INFO	logger/zaplogger.go:125	总对象数                		: 91000005459968
2023-06-14T07:39:12.178Z	INFO	logger/zaplogger.go:125	每路视频对象数             		: 0
2023-06-14T07:39:12.178Z	INFO	logger/zaplogger.go:125	每天对象数               		: 0
2023-06-14T07:39:12.178Z	INFO	logger/zaplogger.go:125	每路视频每天对象数           		: 0
2023-06-14T07:39:12.178Z	INFO	logger/zaplogger.go:125	一路视频对象产生间隔          		: 0
2023-06-14T07:39:12.178Z	INFO	logger/zaplogger.go:125	一路视频对象分片产生间隔        		: 0
2023-06-14T07:39:12.178Z	INFO	logger/zaplogger.go:125	一路视频最大并行数           		: 0
2023-06-14T07:39:12.178Z	INFO	logger/zaplogger.go:125	写删阶段平均每秒处理对象数       		: 0
2023-06-14T07:39:12.178Z	INFO	logger/zaplogger.go:125	预埋阶段平均每秒处理对象数       		: 0
2023-06-14T07:39:12.178Z	INFO	logger/zaplogger.go:125	================= 自定义变量信息 =================
2023-06-14T07:39:12.178Z	INFO	logger/zaplogger.go:125	预埋阶段视频路数            		: 1
2023-06-14T07:39:12.178Z	INFO	logger/zaplogger.go:125	桶前缀                 		: 
2023-06-14T07:39:12.178Z	INFO	logger/zaplogger.go:125	对象前缀                		: 
2023-06-14T07:39:12.178Z	INFO	logger/zaplogger.go:125	对象名序号长度             		: 0
2023-06-14T07:39:12.178Z	INFO	logger/zaplogger.go:125	对象序号起始值             		: 0
2023-06-14T07:39:24.416Z	INFO	logger/zaplogger.go:125	计算分析数据模型/参数...
2023-06-14T07:39:24.416Z	INFO	logger/zaplogger.go:125	================= 原始需求信息 =================
2023-06-14T07:39:24.416Z	INFO	logger/zaplogger.go:125	视频路数                          		: 1
2023-06-14T07:39:24.416Z	INFO	logger/zaplogger.go:125	视频码流                          		: 4
2023-06-14T07:39:24.416Z	INFO	logger/zaplogger.go:125	保留期限                          		: 4
2023-06-14T07:39:24.416Z	INFO	logger/zaplogger.go:125	源文件信息                         		: <nil>
2023-06-14T07:39:24.416Z	INFO	logger/zaplogger.go:125	追加分片数                         		: 1
2023-06-14T07:39:24.417Z	INFO	logger/zaplogger.go:125	总容量                           		: 100000000000000
2023-06-14T07:39:24.417Z	INFO	logger/zaplogger.go:125	安全水位                          		: 0.91
2023-06-14T07:39:24.417Z	INFO	logger/zaplogger.go:125	安全容量                          		: 91000005459968
2023-06-14T07:39:24.417Z	INFO	logger/zaplogger.go:125	追加写模式                         		: false
2023-06-14T07:39:24.417Z	INFO	logger/zaplogger.go:125	非多段上传                         		: false
2023-06-14T07:39:24.417Z	INFO	logger/zaplogger.go:125	单桶模式                          		: false
2023-06-14T07:39:24.417Z	INFO	logger/zaplogger.go:125	================= 数据模型信息 =================
2023-06-14T07:39:24.417Z	INFO	logger/zaplogger.go:125	总带宽                           		: 0
2023-06-14T07:39:24.417Z	INFO	logger/zaplogger.go:125	桶数量                           		: 0
2023-06-14T07:39:24.417Z	INFO	logger/zaplogger.go:125	总对象数                          		: 91000005459968
2023-06-14T07:39:24.417Z	INFO	logger/zaplogger.go:125	每路视频对象数                       		: 0
2023-06-14T07:39:24.418Z	INFO	logger/zaplogger.go:125	每天对象数                         		: 0
2023-06-14T07:39:24.418Z	INFO	logger/zaplogger.go:125	每路视频每天对象数                     		: 0
2023-06-14T07:39:24.418Z	INFO	logger/zaplogger.go:125	一路视频对象产生间隔                    		: 0
2023-06-14T07:39:24.418Z	INFO	logger/zaplogger.go:125	一路视频对象分片产生间隔                  		: 0
2023-06-14T07:39:24.418Z	INFO	logger/zaplogger.go:125	一路视频最大并行数                     		: 0
2023-06-14T07:39:24.418Z	INFO	logger/zaplogger.go:125	写删阶段平均每秒处理对象数                 		: 0
2023-06-14T07:39:24.418Z	INFO	logger/zaplogger.go:125	预埋阶段平均每秒处理对象数                 		: 0
2023-06-14T07:39:24.418Z	INFO	logger/zaplogger.go:125	================= 自定义变量信息 =================
2023-06-14T07:39:24.418Z	INFO	logger/zaplogger.go:125	预埋阶段视频路数                      		: 1
2023-06-14T07:39:24.418Z	INFO	logger/zaplogger.go:125	桶前缀                           		: 
2023-06-14T07:39:24.419Z	INFO	logger/zaplogger.go:125	对象前缀                          		: 
2023-06-14T07:39:24.419Z	INFO	logger/zaplogger.go:125	对象名序号长度                       		: 0
2023-06-14T07:39:24.419Z	INFO	logger/zaplogger.go:125	对象序号起始值                       		: 0
2023-06-14T07:41:02.285Z	INFO	logger/zaplogger.go:125	计算分析数据模型/参数...
2023-06-14T07:41:02.285Z	INFO	logger/zaplogger.go:125	================= 原始需求信息 =================
2023-06-14T07:41:02.285Z	INFO	logger/zaplogger.go:125	视频路数                          	: 1
2023-06-14T07:41:02.285Z	INFO	logger/zaplogger.go:125	视频码流                          	: 4
2023-06-14T07:41:02.285Z	INFO	logger/zaplogger.go:125	保留期限                          	: 4
2023-06-14T07:41:02.285Z	INFO	logger/zaplogger.go:125	源文件信息                         	: <nil>
2023-06-14T07:41:02.285Z	INFO	logger/zaplogger.go:125	追加分片数                         	: 1
2023-06-14T07:41:02.285Z	INFO	logger/zaplogger.go:125	总容量                           	: 100000000000000
2023-06-14T07:41:02.285Z	INFO	logger/zaplogger.go:125	安全水位                          	: 0.91
2023-06-14T07:41:02.285Z	INFO	logger/zaplogger.go:125	安全容量                          	: 91000005459968
2023-06-14T07:41:02.285Z	INFO	logger/zaplogger.go:125	追加写模式                         	: false
2023-06-14T07:41:02.285Z	INFO	logger/zaplogger.go:125	非多段上传                         	: false
2023-06-14T07:41:02.285Z	INFO	logger/zaplogger.go:125	单桶模式                          	: false
2023-06-14T07:41:02.285Z	INFO	logger/zaplogger.go:125	================= 数据模型信息 =================
2023-06-14T07:41:02.285Z	INFO	logger/zaplogger.go:125	总带宽                           	: 0
2023-06-14T07:41:02.285Z	INFO	logger/zaplogger.go:125	桶数量                           	: 0
2023-06-14T07:41:02.285Z	INFO	logger/zaplogger.go:125	总对象数                          	: 91000005459968
2023-06-14T07:41:02.285Z	INFO	logger/zaplogger.go:125	每路视频对象数                       	: 0
2023-06-14T07:41:02.285Z	INFO	logger/zaplogger.go:125	每天对象数                         	: 0
2023-06-14T07:41:02.285Z	INFO	logger/zaplogger.go:125	每路视频每天对象数                     	: 0
2023-06-14T07:41:02.285Z	INFO	logger/zaplogger.go:125	一个对象产生时间                      	: 0
2023-06-14T07:41:02.285Z	INFO	logger/zaplogger.go:125	一个对象分片产生时间                    	: 0
2023-06-14T07:41:02.285Z	INFO	logger/zaplogger.go:125	一路视频最大并行数                     	: 0
2023-06-14T07:41:02.285Z	INFO	logger/zaplogger.go:125	写删阶段每秒并行数                     	: 0
2023-06-14T07:41:02.285Z	INFO	logger/zaplogger.go:125	预埋阶段每秒并行数                     	: 0
2023-06-14T07:41:02.285Z	INFO	logger/zaplogger.go:125	================= 自定义变量信息 =================
2023-06-14T07:41:02.285Z	INFO	logger/zaplogger.go:125	预埋阶段视频路数                      	: 1
2023-06-14T07:41:02.285Z	INFO	logger/zaplogger.go:125	桶前缀                           	: 
2023-06-14T07:41:02.285Z	INFO	logger/zaplogger.go:125	对象前缀                          	: 
2023-06-14T07:41:02.285Z	INFO	logger/zaplogger.go:125	对象名序号长度                       	: 0
2023-06-14T07:41:02.285Z	INFO	logger/zaplogger.go:125	对象序号起始值                       	: 0
2023-06-14T07:41:23.700Z	INFO	logger/zaplogger.go:125	计算分析数据模型/参数...
2023-06-14T07:41:23.700Z	INFO	logger/zaplogger.go:125	================= 原始需求信息 =================
2023-06-14T07:41:23.700Z	INFO	logger/zaplogger.go:125	视频路数                          	: 1
2023-06-14T07:41:23.701Z	INFO	logger/zaplogger.go:125	视频码流                          	: 4
2023-06-14T07:41:23.701Z	INFO	logger/zaplogger.go:125	保留期限                          	: 4
2023-06-14T07:41:23.701Z	INFO	logger/zaplogger.go:125	源文件信息                         	: <nil>
2023-06-14T07:41:23.701Z	INFO	logger/zaplogger.go:125	追加分片数                         	: 1
2023-06-14T07:41:23.701Z	INFO	logger/zaplogger.go:125	总容量                           	: 100000000000000
2023-06-14T07:41:23.701Z	INFO	logger/zaplogger.go:125	安全水位                          	: 0.91
2023-06-14T07:41:23.701Z	INFO	logger/zaplogger.go:125	安全容量                          	: 91000005459968
2023-06-14T07:41:23.701Z	INFO	logger/zaplogger.go:125	追加写模式                         	: false
2023-06-14T07:41:23.701Z	INFO	logger/zaplogger.go:125	非多段上传                         	: false
2023-06-14T07:41:23.701Z	INFO	logger/zaplogger.go:125	单桶模式                          	: false
2023-06-14T07:41:23.701Z	INFO	logger/zaplogger.go:125	================= 数据模型信息 =================
2023-06-14T07:41:23.701Z	INFO	logger/zaplogger.go:125	总带宽                           	: 0
2023-06-14T07:41:23.701Z	INFO	logger/zaplogger.go:125	桶数量                           	: 0
2023-06-14T07:41:23.701Z	INFO	logger/zaplogger.go:125	总对象数                          	: 91000005459968
2023-06-14T07:41:23.701Z	INFO	logger/zaplogger.go:125	每路视频对象数                       	: 0
2023-06-14T07:41:23.701Z	INFO	logger/zaplogger.go:125	每天对象数                         	: 0
2023-06-14T07:41:23.701Z	INFO	logger/zaplogger.go:125	每路视频每天对象数                     	: 0
2023-06-14T07:41:23.701Z	INFO	logger/zaplogger.go:125	一个对象产生时间                      	: 0
2023-06-14T07:41:23.701Z	INFO	logger/zaplogger.go:125	一个分片产生时间                      	: 0
2023-06-14T07:41:23.701Z	INFO	logger/zaplogger.go:125	一路视频最大并行数                     	: 0
2023-06-14T07:41:23.701Z	INFO	logger/zaplogger.go:125	写删阶段每秒并行数                     	: 0
2023-06-14T07:41:23.701Z	INFO	logger/zaplogger.go:125	预埋阶段每秒并行数                     	: 0
2023-06-14T07:41:23.701Z	INFO	logger/zaplogger.go:125	================= 自定义变量信息 =================
2023-06-14T07:41:23.701Z	INFO	logger/zaplogger.go:125	预埋阶段视频路数                      	: 1
2023-06-14T07:41:23.701Z	INFO	logger/zaplogger.go:125	桶前缀                           	: 
2023-06-14T07:41:23.701Z	INFO	logger/zaplogger.go:125	对象前缀                          	: 
2023-06-14T07:41:23.701Z	INFO	logger/zaplogger.go:125	对象名序号长度                       	: 0
2023-06-14T07:41:23.701Z	INFO	logger/zaplogger.go:125	对象序号起始值                       	: 0
2023-06-14T07:41:31.684Z	INFO	logger/zaplogger.go:125	计算分析数据模型/参数...
2023-06-14T07:41:31.684Z	INFO	logger/zaplogger.go:125	================= 原始需求信息 =================
2023-06-14T07:41:31.684Z	INFO	logger/zaplogger.go:125	视频路数                	: 1
2023-06-14T07:41:31.684Z	INFO	logger/zaplogger.go:125	视频码流                	: 4
2023-06-14T07:41:31.684Z	INFO	logger/zaplogger.go:125	保留期限                	: 4
2023-06-14T07:41:31.684Z	INFO	logger/zaplogger.go:125	源文件信息               	: <nil>
2023-06-14T07:41:31.684Z	INFO	logger/zaplogger.go:125	追加分片数               	: 1
2023-06-14T07:41:31.684Z	INFO	logger/zaplogger.go:125	总容量                 	: 100000000000000
2023-06-14T07:41:31.684Z	INFO	logger/zaplogger.go:125	安全水位                	: 0.91
2023-06-14T07:41:31.684Z	INFO	logger/zaplogger.go:125	安全容量                	: 91000005459968
2023-06-14T07:41:31.685Z	INFO	logger/zaplogger.go:125	追加写模式               	: false
2023-06-14T07:41:31.685Z	INFO	logger/zaplogger.go:125	非多段上传               	: false
2023-06-14T07:41:31.685Z	INFO	logger/zaplogger.go:125	单桶模式                	: false
2023-06-14T07:41:31.685Z	INFO	logger/zaplogger.go:125	================= 数据模型信息 =================
2023-06-14T07:41:31.685Z	INFO	logger/zaplogger.go:125	总带宽                 	: 0
2023-06-14T07:41:31.685Z	INFO	logger/zaplogger.go:125	桶数量                 	: 0
2023-06-14T07:41:31.685Z	INFO	logger/zaplogger.go:125	总对象数                	: 91000005459968
2023-06-14T07:41:31.685Z	INFO	logger/zaplogger.go:125	每路视频对象数             	: 0
2023-06-14T07:41:31.685Z	INFO	logger/zaplogger.go:125	每天对象数               	: 0
2023-06-14T07:41:31.685Z	INFO	logger/zaplogger.go:125	每路视频每天对象数           	: 0
2023-06-14T07:41:31.685Z	INFO	logger/zaplogger.go:125	一个对象产生时间            	: 0
2023-06-14T07:41:31.685Z	INFO	logger/zaplogger.go:125	一个分片产生时间            	: 0
2023-06-14T07:41:31.686Z	INFO	logger/zaplogger.go:125	一路视频最大并行数           	: 0
2023-06-14T07:41:31.686Z	INFO	logger/zaplogger.go:125	写删阶段每秒并行数           	: 0
2023-06-14T07:41:31.686Z	INFO	logger/zaplogger.go:125	预埋阶段每秒并行数           	: 0
2023-06-14T07:41:31.686Z	INFO	logger/zaplogger.go:125	================= 自定义变量信息 =================
2023-06-14T07:41:31.686Z	INFO	logger/zaplogger.go:125	预埋阶段视频路数            	: 1
2023-06-14T07:41:31.686Z	INFO	logger/zaplogger.go:125	桶前缀                 	: 
2023-06-14T07:41:31.686Z	INFO	logger/zaplogger.go:125	对象前缀                	: 
2023-06-14T07:41:31.686Z	INFO	logger/zaplogger.go:125	对象名序号长度             	: 0
2023-06-14T07:41:31.686Z	INFO	logger/zaplogger.go:125	对象序号起始值             	: 0
2023-06-14T07:41:50.108Z	INFO	logger/zaplogger.go:125	计算分析数据模型/参数...
2023-06-14T07:41:50.108Z	INFO	logger/zaplogger.go:125	================= 原始需求信息 =================
2023-06-14T07:41:50.108Z	INFO	logger/zaplogger.go:125	视频路数                			: 1
2023-06-14T07:41:50.108Z	INFO	logger/zaplogger.go:125	视频码流                			: 4
2023-06-14T07:41:50.108Z	INFO	logger/zaplogger.go:125	保留期限                			: 4
2023-06-14T07:41:50.108Z	INFO	logger/zaplogger.go:125	源文件信息               			: <nil>
2023-06-14T07:41:50.108Z	INFO	logger/zaplogger.go:125	追加分片数               			: 1
2023-06-14T07:41:50.108Z	INFO	logger/zaplogger.go:125	总容量                 			: 100000000000000
2023-06-14T07:41:50.108Z	INFO	logger/zaplogger.go:125	安全水位                			: 0.91
2023-06-14T07:41:50.108Z	INFO	logger/zaplogger.go:125	安全容量                			: 91000005459968
2023-06-14T07:41:50.109Z	INFO	logger/zaplogger.go:125	追加写模式               			: false
2023-06-14T07:41:50.109Z	INFO	logger/zaplogger.go:125	非多段上传               			: false
2023-06-14T07:41:50.109Z	INFO	logger/zaplogger.go:125	单桶模式                			: false
2023-06-14T07:41:50.109Z	INFO	logger/zaplogger.go:125	================= 数据模型信息 =================
2023-06-14T07:41:50.109Z	INFO	logger/zaplogger.go:125	总带宽                 			: 0
2023-06-14T07:41:50.109Z	INFO	logger/zaplogger.go:125	桶数量                 			: 0
2023-06-14T07:41:50.109Z	INFO	logger/zaplogger.go:125	总对象数                			: 91000005459968
2023-06-14T07:41:50.110Z	INFO	logger/zaplogger.go:125	每路视频对象数             			: 0
2023-06-14T07:41:50.110Z	INFO	logger/zaplogger.go:125	每天对象数               			: 0
2023-06-14T07:41:50.110Z	INFO	logger/zaplogger.go:125	每路视频每天对象数           			: 0
2023-06-14T07:41:50.110Z	INFO	logger/zaplogger.go:125	一个对象产生时间            			: 0
2023-06-14T07:41:50.110Z	INFO	logger/zaplogger.go:125	一个分片产生时间            			: 0
2023-06-14T07:41:50.110Z	INFO	logger/zaplogger.go:125	一路视频最大并行数           			: 0
2023-06-14T07:41:50.110Z	INFO	logger/zaplogger.go:125	写删阶段每秒并行数           			: 0
2023-06-14T07:41:50.110Z	INFO	logger/zaplogger.go:125	预埋阶段每秒并行数           			: 0
2023-06-14T07:41:50.110Z	INFO	logger/zaplogger.go:125	================= 自定义变量信息 =================
2023-06-14T07:41:50.111Z	INFO	logger/zaplogger.go:125	预埋阶段视频路数            			: 1
2023-06-14T07:41:50.111Z	INFO	logger/zaplogger.go:125	桶前缀                 			: 
2023-06-14T07:41:50.111Z	INFO	logger/zaplogger.go:125	对象前缀                			: 
2023-06-14T07:41:50.111Z	INFO	logger/zaplogger.go:125	对象名序号长度             			: 0
2023-06-14T07:41:50.111Z	INFO	logger/zaplogger.go:125	对象序号起始值             			: 0
2023-06-14T07:42:03.076Z	INFO	logger/zaplogger.go:125	计算分析数据模型/参数...
2023-06-14T07:42:03.077Z	INFO	logger/zaplogger.go:125	================= 原始需求信息 =================
2023-06-14T07:42:03.077Z	INFO	logger/zaplogger.go:125	视频路数                     	: 1
2023-06-14T07:42:03.077Z	INFO	logger/zaplogger.go:125	视频码流                     	: 4
2023-06-14T07:42:03.077Z	INFO	logger/zaplogger.go:125	保留期限                     	: 4
2023-06-14T07:42:03.077Z	INFO	logger/zaplogger.go:125	源文件信息                    	: <nil>
2023-06-14T07:42:03.077Z	INFO	logger/zaplogger.go:125	追加分片数                    	: 1
2023-06-14T07:42:03.077Z	INFO	logger/zaplogger.go:125	总容量                      	: 100000000000000
2023-06-14T07:42:03.077Z	INFO	logger/zaplogger.go:125	安全水位                     	: 0.91
2023-06-14T07:42:03.077Z	INFO	logger/zaplogger.go:125	安全容量                     	: 91000005459968
2023-06-14T07:42:03.077Z	INFO	logger/zaplogger.go:125	追加写模式                    	: false
2023-06-14T07:42:03.077Z	INFO	logger/zaplogger.go:125	非多段上传                    	: false
2023-06-14T07:42:03.077Z	INFO	logger/zaplogger.go:125	单桶模式                     	: false
2023-06-14T07:42:03.077Z	INFO	logger/zaplogger.go:125	================= 数据模型信息 =================
2023-06-14T07:42:03.077Z	INFO	logger/zaplogger.go:125	总带宽                      	: 0
2023-06-14T07:42:03.077Z	INFO	logger/zaplogger.go:125	桶数量                      	: 0
2023-06-14T07:42:03.077Z	INFO	logger/zaplogger.go:125	总对象数                     	: 91000005459968
2023-06-14T07:42:03.077Z	INFO	logger/zaplogger.go:125	每路视频对象数                  	: 0
2023-06-14T07:42:03.077Z	INFO	logger/zaplogger.go:125	每天对象数                    	: 0
2023-06-14T07:42:03.077Z	INFO	logger/zaplogger.go:125	每路视频每天对象数                	: 0
2023-06-14T07:42:03.077Z	INFO	logger/zaplogger.go:125	一个对象产生时间                 	: 0
2023-06-14T07:42:03.077Z	INFO	logger/zaplogger.go:125	一个分片产生时间                 	: 0
2023-06-14T07:42:03.077Z	INFO	logger/zaplogger.go:125	一路视频最大并行数                	: 0
2023-06-14T07:42:03.077Z	INFO	logger/zaplogger.go:125	写删阶段每秒并行数                	: 0
2023-06-14T07:42:03.077Z	INFO	logger/zaplogger.go:125	预埋阶段每秒并行数                	: 0
2023-06-14T07:42:03.077Z	INFO	logger/zaplogger.go:125	================= 自定义变量信息 =================
2023-06-14T07:42:03.077Z	INFO	logger/zaplogger.go:125	预埋阶段视频路数                 	: 1
2023-06-14T07:42:03.077Z	INFO	logger/zaplogger.go:125	桶前缀                      	: 
2023-06-14T07:42:03.077Z	INFO	logger/zaplogger.go:125	对象前缀                     	: 
2023-06-14T07:42:03.077Z	INFO	logger/zaplogger.go:125	对象名序号长度                  	: 0
2023-06-14T07:42:03.077Z	INFO	logger/zaplogger.go:125	对象序号起始值                  	: 0
2023-06-14T07:42:09.888Z	INFO	logger/zaplogger.go:125	计算分析数据模型/参数...
2023-06-14T07:42:09.888Z	INFO	logger/zaplogger.go:125	================= 原始需求信息 =================
2023-06-14T07:42:09.889Z	INFO	logger/zaplogger.go:125	视频路数                          	: 1
2023-06-14T07:42:09.889Z	INFO	logger/zaplogger.go:125	视频码流                          	: 4
2023-06-14T07:42:09.889Z	INFO	logger/zaplogger.go:125	保留期限                          	: 4
2023-06-14T07:42:09.889Z	INFO	logger/zaplogger.go:125	源文件信息                         	: <nil>
2023-06-14T07:42:09.890Z	INFO	logger/zaplogger.go:125	追加分片数                         	: 1
2023-06-14T07:42:09.890Z	INFO	logger/zaplogger.go:125	总容量                           	: 100000000000000
2023-06-14T07:42:09.890Z	INFO	logger/zaplogger.go:125	安全水位                          	: 0.91
2023-06-14T07:42:09.890Z	INFO	logger/zaplogger.go:125	安全容量                          	: 91000005459968
2023-06-14T07:42:09.890Z	INFO	logger/zaplogger.go:125	追加写模式                         	: false
2023-06-14T07:42:09.890Z	INFO	logger/zaplogger.go:125	非多段上传                         	: false
2023-06-14T07:42:09.890Z	INFO	logger/zaplogger.go:125	单桶模式                          	: false
2023-06-14T07:42:09.890Z	INFO	logger/zaplogger.go:125	================= 数据模型信息 =================
2023-06-14T07:42:09.891Z	INFO	logger/zaplogger.go:125	总带宽                           	: 0
2023-06-14T07:42:09.891Z	INFO	logger/zaplogger.go:125	桶数量                           	: 0
2023-06-14T07:42:09.891Z	INFO	logger/zaplogger.go:125	总对象数                          	: 91000005459968
2023-06-14T07:42:09.891Z	INFO	logger/zaplogger.go:125	每路视频对象数                       	: 0
2023-06-14T07:42:09.891Z	INFO	logger/zaplogger.go:125	每天对象数                         	: 0
2023-06-14T07:42:09.891Z	INFO	logger/zaplogger.go:125	每路视频每天对象数                     	: 0
2023-06-14T07:42:09.891Z	INFO	logger/zaplogger.go:125	一个对象产生时间                      	: 0
2023-06-14T07:42:09.891Z	INFO	logger/zaplogger.go:125	一个分片产生时间                      	: 0
2023-06-14T07:42:09.891Z	INFO	logger/zaplogger.go:125	一路视频最大并行数                     	: 0
2023-06-14T07:42:09.891Z	INFO	logger/zaplogger.go:125	写删阶段每秒并行数                     	: 0
2023-06-14T07:42:09.891Z	INFO	logger/zaplogger.go:125	预埋阶段每秒并行数                     	: 0
2023-06-14T07:42:09.891Z	INFO	logger/zaplogger.go:125	================= 自定义变量信息 =================
2023-06-14T07:42:09.891Z	INFO	logger/zaplogger.go:125	预埋阶段视频路数                      	: 1
2023-06-14T07:42:09.891Z	INFO	logger/zaplogger.go:125	桶前缀                           	: 
2023-06-14T07:42:09.891Z	INFO	logger/zaplogger.go:125	对象前缀                          	: 
2023-06-14T07:42:09.891Z	INFO	logger/zaplogger.go:125	对象名序号长度                       	: 0
2023-06-14T07:42:09.891Z	INFO	logger/zaplogger.go:125	对象序号起始值                       	: 0
2023-06-14T07:43:58.907Z	INFO	logger/zaplogger.go:125	计算分析数据模型/参数...
2023-06-14T07:43:58.907Z	INFO	logger/zaplogger.go:125	================= 原始需求信息 =================
2023-06-14T07:43:58.907Z	INFO	logger/zaplogger.go:125	视频路数                          	: 1
2023-06-14T07:43:58.907Z	INFO	logger/zaplogger.go:125	视频码流                          	: 4
2023-06-14T07:43:58.907Z	INFO	logger/zaplogger.go:125	保留期限                          	: 4
2023-06-14T07:43:58.908Z	INFO	logger/zaplogger.go:125	源文件信息                         	: <nil>
2023-06-14T07:43:58.908Z	INFO	logger/zaplogger.go:125	追加分片数                         	: 1
2023-06-14T07:43:58.908Z	INFO	logger/zaplogger.go:125	总容量                           	: 100000000000000
2023-06-14T07:43:58.908Z	INFO	logger/zaplogger.go:125	安全水位                          	: 0.91
2023-06-14T07:43:58.908Z	INFO	logger/zaplogger.go:125	安全容量                          	: 91000005459968
2023-06-14T07:43:58.908Z	INFO	logger/zaplogger.go:125	追加写模式                         	: false
2023-06-14T07:43:58.909Z	INFO	logger/zaplogger.go:125	非多段上传                         	: false
2023-06-14T07:43:58.909Z	INFO	logger/zaplogger.go:125	单桶模式                          	: false
2023-06-14T07:43:58.909Z	INFO	logger/zaplogger.go:125	================= 数据模型信息 =================
2023-06-14T07:43:58.909Z	INFO	logger/zaplogger.go:125	总带宽                           	: 0
2023-06-14T07:43:58.909Z	INFO	logger/zaplogger.go:125	桶数量                           	: 0
2023-06-14T07:43:58.909Z	INFO	logger/zaplogger.go:125	总对象数                          	: 91000005459968
2023-06-14T07:43:58.909Z	INFO	logger/zaplogger.go:125	每路视频对象数                       	: 0
2023-06-14T07:43:58.909Z	INFO	logger/zaplogger.go:125	每天对象数                         	: 0
2023-06-14T07:43:58.910Z	INFO	logger/zaplogger.go:125	每路视频每天对象数                     	: 0
2023-06-14T07:43:58.910Z	INFO	logger/zaplogger.go:125	一个对象产生时间                      	: 0
2023-06-14T07:43:58.910Z	INFO	logger/zaplogger.go:125	一个分片产生时间                      	: 0
2023-06-14T07:43:58.910Z	INFO	logger/zaplogger.go:125	一路视频最大并行数                     	: 0
2023-06-14T07:43:58.910Z	INFO	logger/zaplogger.go:125	写删阶段每秒并行数                     	: 0
2023-06-14T07:43:58.910Z	INFO	logger/zaplogger.go:125	预埋阶段每秒并行数                     	: 0
2023-06-14T07:43:58.910Z	INFO	logger/zaplogger.go:125	================= 自定义变量信息 =================
2023-06-14T07:43:58.910Z	INFO	logger/zaplogger.go:125	预埋阶段视频路数                      	: 1
2023-06-14T07:43:58.910Z	INFO	logger/zaplogger.go:125	桶前缀                           	: 
2023-06-14T07:43:58.910Z	INFO	logger/zaplogger.go:125	对象前缀                          	: 
2023-06-14T07:43:58.910Z	INFO	logger/zaplogger.go:125	对象名序号长度                       	: 0
2023-06-14T07:43:58.911Z	INFO	logger/zaplogger.go:125	对象序号起始值                       	: 0
2023-06-14T07:49:54.334Z	INFO	logger/zaplogger.go:125	计算分析数据模型/参数...
2023-06-14T07:49:54.335Z	INFO	logger/zaplogger.go:125	================= 原始需求信息 =================
2023-06-14T07:49:54.335Z	INFO	logger/zaplogger.go:125	视频路数                          	: 1
2023-06-14T07:49:54.335Z	INFO	logger/zaplogger.go:125	视频码流                          	: 4
2023-06-14T07:49:54.335Z	INFO	logger/zaplogger.go:125	保留期限                          	: 4
2023-06-14T07:49:54.335Z	INFO	logger/zaplogger.go:125	源文件信息                         	: <nil>
2023-06-14T07:49:54.335Z	INFO	logger/zaplogger.go:125	追加分片数                         	: 1
2023-06-14T07:49:54.335Z	INFO	logger/zaplogger.go:125	总容量                           	: 100000000000000
2023-06-14T07:49:54.335Z	INFO	logger/zaplogger.go:125	安全水位                          	: 0.91
2023-06-14T07:49:54.335Z	INFO	logger/zaplogger.go:125	安全容量                          	: 91000005459968
2023-06-14T07:49:54.335Z	INFO	logger/zaplogger.go:125	追加写模式                         	: false
2023-06-14T07:49:54.335Z	INFO	logger/zaplogger.go:125	非多段上传                         	: false
2023-06-14T07:49:54.335Z	INFO	logger/zaplogger.go:125	单桶模式                          	: false
2023-06-14T07:49:54.335Z	INFO	logger/zaplogger.go:125	================= 数据模型信息 =================
2023-06-14T07:49:54.335Z	INFO	logger/zaplogger.go:125	总带宽                           	: 0
2023-06-14T07:49:54.335Z	INFO	logger/zaplogger.go:125	桶数量                           	: 0
2023-06-14T07:49:54.335Z	INFO	logger/zaplogger.go:125	总对象数                          	: 91000005459968
2023-06-14T07:49:54.335Z	INFO	logger/zaplogger.go:125	每路视频对象数                       	: 0
2023-06-14T07:49:54.335Z	INFO	logger/zaplogger.go:125	每天对象数                         	: 0
2023-06-14T07:49:54.335Z	INFO	logger/zaplogger.go:125	每路视频每天对象数                     	: 0
2023-06-14T07:49:54.335Z	INFO	logger/zaplogger.go:125	一个对象产生时间                      	: 0
2023-06-14T07:49:54.335Z	INFO	logger/zaplogger.go:125	一个分片产生时间                      	: 0
2023-06-14T07:49:54.335Z	INFO	logger/zaplogger.go:125	一路视频最大并行数                     	: 0
2023-06-14T07:49:54.335Z	INFO	logger/zaplogger.go:125	写删阶段每秒并行数                     	: 0
2023-06-14T07:49:54.335Z	INFO	logger/zaplogger.go:125	预埋阶段每秒并行数                     	: 0
2023-06-14T07:49:54.335Z	INFO	logger/zaplogger.go:125	================= 自定义变量信息 =================
2023-06-14T07:49:54.335Z	INFO	logger/zaplogger.go:125	预埋阶段视频路数                      	: 1
2023-06-14T07:49:54.335Z	INFO	logger/zaplogger.go:125	桶前缀                           	: 
2023-06-14T07:49:54.335Z	INFO	logger/zaplogger.go:125	对象前缀                          	: 
2023-06-14T07:49:54.335Z	INFO	logger/zaplogger.go:125	对象名序号长度                       	: 0
2023-06-14T07:49:54.336Z	INFO	logger/zaplogger.go:125	对象序号起始值                       	: 0
2023-06-14T07:56:40.957Z	INFO	logger/zaplogger.go:125	计算分析数据模型/参数...
2023-06-14T07:56:40.958Z	INFO	logger/zaplogger.go:125	================= 原始需求信息 =================
2023-06-14T08:25:24.729Z	INFO	logger/zaplogger.go:125	计算分析数据模型/参数...
2023-06-14T08:25:24.729Z	INFO	logger/zaplogger.go:125	================= 原始需求信息 =================
2023-06-14T08:25:24.729Z	INFO	logger/zaplogger.go:125	视频路数                          	: 1
2023-06-14T08:25:24.729Z	INFO	logger/zaplogger.go:125	视频码流                          	: 4
2023-06-14T08:25:24.729Z	INFO	logger/zaplogger.go:125	保留期限                          	: 4
2023-06-14T08:25:24.729Z	INFO	logger/zaplogger.go:125	源文件信息                         	: {      0  0 <nil>}
2023-06-14T08:25:24.729Z	INFO	logger/zaplogger.go:125	追加分片数                         	: 1
2023-06-14T08:25:24.729Z	INFO	logger/zaplogger.go:125	总容量                           	: 
2023-06-14T08:25:24.729Z	INFO	logger/zaplogger.go:125	安全水位                          	: 0.91
2023-06-14T08:25:24.729Z	INFO	logger/zaplogger.go:125	安全容量                          	: 0
2023-06-14T08:25:24.729Z	INFO	logger/zaplogger.go:125	追加写模式                         	: false
2023-06-14T08:25:24.729Z	INFO	logger/zaplogger.go:125	非多段上传                         	: false
2023-06-14T08:25:24.729Z	INFO	logger/zaplogger.go:125	单桶模式                          	: false
2023-06-14T08:25:24.729Z	INFO	logger/zaplogger.go:125	================= 数据模型信息 =================
2023-06-14T08:25:24.729Z	INFO	logger/zaplogger.go:125	总带宽                           	: 0
2023-06-14T08:25:24.729Z	INFO	logger/zaplogger.go:125	桶数量                           	: 0
2023-06-14T08:25:24.730Z	INFO	logger/zaplogger.go:125	总对象数                          	: 91000005459968
2023-06-14T08:25:24.730Z	INFO	logger/zaplogger.go:125	每路视频对象数                       	: 0
2023-06-14T08:25:24.730Z	INFO	logger/zaplogger.go:125	每天对象数                         	: 0
2023-06-14T08:25:24.730Z	INFO	logger/zaplogger.go:125	每路视频每天对象数                     	: 0
2023-06-14T08:25:24.730Z	INFO	logger/zaplogger.go:125	一个对象产生时间                      	: 0
2023-06-14T08:25:24.730Z	INFO	logger/zaplogger.go:125	一个分片产生时间                      	: 0
2023-06-14T08:25:24.730Z	INFO	logger/zaplogger.go:125	一路视频最大并行数                     	: 0
2023-06-14T08:25:24.730Z	INFO	logger/zaplogger.go:125	写删阶段每秒并行数                     	: 0
2023-06-14T08:25:24.730Z	INFO	logger/zaplogger.go:125	预埋阶段每秒并行数                     	: 0
2023-06-14T08:25:24.730Z	INFO	logger/zaplogger.go:125	================= 自定义变量信息 =================
2023-06-14T08:25:24.730Z	INFO	logger/zaplogger.go:125	预埋阶段视频路数                      	: 1
2023-06-14T08:25:24.730Z	INFO	logger/zaplogger.go:125	桶前缀                           	: 
2023-06-14T08:25:24.730Z	INFO	logger/zaplogger.go:125	对象前缀                          	: 
2023-06-14T08:25:24.730Z	INFO	logger/zaplogger.go:125	对象名序号长度                       	: 0
2023-06-14T08:25:24.730Z	INFO	logger/zaplogger.go:125	对象序号起始值                       	: 0
2023-06-14T08:27:10.505Z	INFO	logger/zaplogger.go:125	计算分析数据模型/参数...
2023-06-14T08:27:10.505Z	INFO	logger/zaplogger.go:125	================= 原始需求信息 =================
2023-06-14T08:27:10.505Z	INFO	logger/zaplogger.go:125	视频路数                          	: 1
2023-06-14T08:27:10.506Z	INFO	logger/zaplogger.go:125	视频码流                          	: 4
2023-06-14T08:27:10.506Z	INFO	logger/zaplogger.go:125	保留期限                          	: 4
2023-06-14T08:27:10.506Z	INFO	logger/zaplogger.go:125	源文件信息                         	: {      0  0 <nil>}
2023-06-14T08:27:10.506Z	INFO	logger/zaplogger.go:125	追加分片数                         	: 1
2023-06-14T08:27:10.506Z	INFO	logger/zaplogger.go:125	总容量                           	: 100 TB
2023-06-14T08:27:10.506Z	INFO	logger/zaplogger.go:125	安全水位                          	: 0.91
2023-06-14T08:27:10.506Z	INFO	logger/zaplogger.go:125	安全容量                          	: 91 TB
2023-06-14T08:27:10.506Z	INFO	logger/zaplogger.go:125	追加写模式                         	: false
2023-06-14T08:27:10.506Z	INFO	logger/zaplogger.go:125	非多段上传                         	: false
2023-06-14T08:27:10.506Z	INFO	logger/zaplogger.go:125	单桶模式                          	: false
2023-06-14T08:27:10.507Z	INFO	logger/zaplogger.go:125	================= 数据模型信息 =================
2023-06-14T08:27:10.507Z	INFO	logger/zaplogger.go:125	总带宽                           	: 0
2023-06-14T08:27:10.507Z	INFO	logger/zaplogger.go:125	桶数量                           	: 0
2023-06-14T08:27:10.507Z	INFO	logger/zaplogger.go:125	总对象数                          	: 91000005459968
2023-06-14T08:27:10.507Z	INFO	logger/zaplogger.go:125	每路视频对象数                       	: 0
2023-06-14T08:27:10.507Z	INFO	logger/zaplogger.go:125	每天对象数                         	: 0
2023-06-14T08:27:10.507Z	INFO	logger/zaplogger.go:125	每路视频每天对象数                     	: 0
2023-06-14T08:27:10.507Z	INFO	logger/zaplogger.go:125	一个对象产生时间                      	: 0
2023-06-14T08:27:10.508Z	INFO	logger/zaplogger.go:125	一个分片产生时间                      	: 0
2023-06-14T08:27:10.508Z	INFO	logger/zaplogger.go:125	一路视频最大并行数                     	: 0
2023-06-14T08:27:10.508Z	INFO	logger/zaplogger.go:125	写删阶段每秒并行数                     	: 0
2023-06-14T08:27:10.508Z	INFO	logger/zaplogger.go:125	预埋阶段每秒并行数                     	: 0
2023-06-14T08:27:10.508Z	INFO	logger/zaplogger.go:125	================= 自定义变量信息 =================
2023-06-14T08:27:10.508Z	INFO	logger/zaplogger.go:125	预埋阶段视频路数                      	: 1
2023-06-14T08:27:10.508Z	INFO	logger/zaplogger.go:125	桶前缀                           	: 
2023-06-14T08:27:10.508Z	INFO	logger/zaplogger.go:125	对象前缀                          	: 
2023-06-14T08:27:10.508Z	INFO	logger/zaplogger.go:125	对象名序号长度                       	: 0
2023-06-14T08:27:10.508Z	INFO	logger/zaplogger.go:125	对象序号起始值                       	: 0
2023-06-16T02:00:02.925Z	INFO	logger/zaplogger.go:125	计算分析数据模型/参数...
2023-06-16T02:06:59.827Z	INFO	logger/zaplogger.go:125	计算分析数据模型/参数...
2023-06-16T02:08:20.539Z	WARN	logger/zaplogger.go:130	%!s(uint64=100000000000000)
2023-06-16T02:08:20.539Z	INFO	logger/zaplogger.go:125	计算分析数据模型/参数...
2023-06-16T02:11:01.107Z	WARN	logger/zaplogger.go:130	100000000000000
2023-06-16T02:11:01.107Z	INFO	logger/zaplogger.go:125	计算分析数据模型/参数...
2023-06-16T02:15:39.918Z	WARN	logger/zaplogger.go:130	100000000000000
2023-06-16T02:15:39.918Z	INFO	logger/zaplogger.go:125	计算分析数据模型/参数...
2023-06-16T02:15:39.918Z	INFO	logger/zaplogger.go:125	================= 原始需求信息 =================
2023-06-16T02:15:39.918Z	INFO	logger/zaplogger.go:125	视频路数                          	: 1
2023-06-16T02:15:39.918Z	INFO	logger/zaplogger.go:125	视频码流                          	: 4
2023-06-16T02:15:39.918Z	INFO	logger/zaplogger.go:125	保留期限                          	: 2.1064817e+09
2023-06-16T02:15:39.918Z	INFO	logger/zaplogger.go:125	源文件信息                         	: {      0  0 <nil>}
2023-06-16T02:15:39.919Z	INFO	logger/zaplogger.go:125	追加分片数                         	: 1
2023-06-16T02:15:39.919Z	INFO	logger/zaplogger.go:125	总容量                           	: 100 TB
2023-06-16T02:15:39.919Z	INFO	logger/zaplogger.go:125	安全水位                          	: 0.91
2023-06-16T02:15:39.919Z	INFO	logger/zaplogger.go:125	安全容量                          	: 91 TB
2023-06-16T02:15:39.919Z	INFO	logger/zaplogger.go:125	追加写模式                         	: false
2023-06-16T02:15:39.919Z	INFO	logger/zaplogger.go:125	非多段上传                         	: false
2023-06-16T02:15:39.919Z	INFO	logger/zaplogger.go:125	单桶模式                          	: false
2023-06-16T02:15:39.919Z	INFO	logger/zaplogger.go:125	================= 数据模型信息 =================
2023-06-16T02:15:39.919Z	INFO	logger/zaplogger.go:125	总带宽                           	: 0.5
2023-06-16T02:15:39.919Z	INFO	logger/zaplogger.go:125	桶数量                           	: 0
2023-06-16T02:15:39.919Z	INFO	logger/zaplogger.go:125	总对象数                          	: 91000005459968
2023-06-16T02:15:39.919Z	INFO	logger/zaplogger.go:125	每路视频对象数                       	: 0
2023-06-16T02:15:39.919Z	INFO	logger/zaplogger.go:125	每天对象数                         	: 0
2023-06-16T02:15:39.919Z	INFO	logger/zaplogger.go:125	每路视频每天对象数                     	: 0
2023-06-16T02:15:39.919Z	INFO	logger/zaplogger.go:125	一个对象产生时间                      	: 0
2023-06-16T02:15:39.919Z	INFO	logger/zaplogger.go:125	一个分片产生时间                      	: 0
2023-06-16T02:15:39.919Z	INFO	logger/zaplogger.go:125	一路视频最大并行数                     	: 0
2023-06-16T02:15:39.919Z	INFO	logger/zaplogger.go:125	写删阶段每秒并行数                     	: 0
2023-06-16T02:15:39.919Z	INFO	logger/zaplogger.go:125	预埋阶段每秒并行数                     	: 0
2023-06-16T02:15:39.919Z	INFO	logger/zaplogger.go:125	================= 自定义变量信息 =================
2023-06-16T02:15:39.919Z	INFO	logger/zaplogger.go:125	预埋阶段视频路数                      	: 1
2023-06-16T02:15:39.919Z	INFO	logger/zaplogger.go:125	桶前缀                           	: 
2023-06-16T02:15:39.919Z	INFO	logger/zaplogger.go:125	对象前缀                          	: 
2023-06-16T02:15:39.919Z	INFO	logger/zaplogger.go:125	对象名序号长度                       	: 0
2023-06-16T02:15:39.919Z	INFO	logger/zaplogger.go:125	对象序号起始值                       	: 0
2023-06-16T02:51:19.808Z	WARN	logger/zaplogger.go:130	100000000000000
2023-06-16T02:51:19.808Z	INFO	logger/zaplogger.go:125	计算分析数据模型/参数...
2023-06-16T02:51:19.808Z	INFO	logger/zaplogger.go:125	================= 原始需求信息 =================
2023-06-16T02:51:19.808Z	INFO	logger/zaplogger.go:125	视频路数                          	: 1
2023-06-16T02:51:19.808Z	INFO	logger/zaplogger.go:125	视频码流(Mbps)                    	: 4
2023-06-16T02:51:19.808Z	INFO	logger/zaplogger.go:125	保留期限(天)                       	: 2.1064817e+09
2023-06-16T02:51:19.808Z	INFO	logger/zaplogger.go:125	源文件信息                         	: {      0  0 <nil>}
2023-06-16T02:51:19.808Z	INFO	logger/zaplogger.go:125	追加分片数                         	: 1
2023-06-16T02:51:19.808Z	INFO	logger/zaplogger.go:125	总容量                           	: 100 TB
2023-06-16T02:51:19.808Z	INFO	logger/zaplogger.go:125	安全水位                          	: 0.91
2023-06-16T02:51:19.808Z	INFO	logger/zaplogger.go:125	安全容量                          	: 91 TB
2023-06-16T02:51:19.808Z	INFO	logger/zaplogger.go:125	追加写模式                         	: false
2023-06-16T02:51:19.808Z	INFO	logger/zaplogger.go:125	非多段上传                         	: false
2023-06-16T02:51:19.808Z	INFO	logger/zaplogger.go:125	单桶模式                          	: false
2023-06-16T02:51:19.808Z	INFO	logger/zaplogger.go:125	================= 数据模型信息 =================
2023-06-16T02:51:19.808Z	INFO	logger/zaplogger.go:125	总带宽(MiB/s)                    	: 0.5
2023-06-16T02:51:19.808Z	INFO	logger/zaplogger.go:125	桶数量                           	: 0
2023-06-16T02:51:19.808Z	INFO	logger/zaplogger.go:125	总对象数                          	: 91000005459968
2023-06-16T02:51:19.808Z	INFO	logger/zaplogger.go:125	每路视频对象数                       	: 0
2023-06-16T02:51:19.808Z	INFO	logger/zaplogger.go:125	每天对象数                         	: 0
2023-06-16T02:51:19.808Z	INFO	logger/zaplogger.go:125	每路视频每天对象数                     	: 0
2023-06-16T02:51:19.809Z	INFO	logger/zaplogger.go:125	一个对象产生时间                      	: 0
2023-06-16T02:51:19.809Z	INFO	logger/zaplogger.go:125	一个分片产生时间                      	: 0
2023-06-16T02:51:19.809Z	INFO	logger/zaplogger.go:125	一路视频最大并行数                     	: 0
2023-06-16T02:51:19.809Z	INFO	logger/zaplogger.go:125	写删阶段每秒并行数                     	: 0
2023-06-16T02:51:19.809Z	INFO	logger/zaplogger.go:125	预埋阶段每秒并行数                     	: 0
2023-06-16T02:51:19.809Z	INFO	logger/zaplogger.go:125	================= 自定义变量信息 =================
2023-06-16T02:51:19.809Z	INFO	logger/zaplogger.go:125	预埋阶段视频路数                      	: 1
2023-06-16T02:51:19.809Z	INFO	logger/zaplogger.go:125	桶前缀                           	: 
2023-06-16T02:51:19.809Z	INFO	logger/zaplogger.go:125	对象前缀                          	: 
2023-06-16T02:51:19.809Z	INFO	logger/zaplogger.go:125	对象名序号长度                       	: 0
2023-06-16T02:51:19.809Z	INFO	logger/zaplogger.go:125	对象序号起始值                       	: 0
2023-06-16T02:52:26.470Z	WARN	logger/zaplogger.go:130	100000000000000
2023-06-16T02:52:26.471Z	INFO	logger/zaplogger.go:125	计算分析数据模型/参数...
2023-06-16T02:52:26.471Z	INFO	logger/zaplogger.go:125	================= 原始需求信息 =================
2023-06-16T02:52:26.471Z	INFO	logger/zaplogger.go:125	视频路数                          	: 1
2023-06-16T02:52:26.471Z	INFO	logger/zaplogger.go:125	视频码流(Mbps)                    	: 4
2023-06-16T02:52:26.471Z	INFO	logger/zaplogger.go:125	保留期限(天)                       	: 2.1064817e+09
2023-06-16T02:52:26.471Z	INFO	logger/zaplogger.go:125	源文件信息                         	: {      0  0 <nil>}
2023-06-16T02:52:26.471Z	INFO	logger/zaplogger.go:125	追加分片数                         	: 1
2023-06-16T02:52:26.471Z	INFO	logger/zaplogger.go:125	总容量                           	: 100 TB
2023-06-16T02:52:26.471Z	INFO	logger/zaplogger.go:125	安全水位                          	: 0.91
2023-06-16T02:52:26.471Z	INFO	logger/zaplogger.go:125	安全容量                          	: 91 TB
2023-06-16T02:52:26.471Z	INFO	logger/zaplogger.go:125	追加写模式                         	: false
2023-06-16T02:52:26.471Z	INFO	logger/zaplogger.go:125	非多段上传                         	: false
2023-06-16T02:52:26.471Z	INFO	logger/zaplogger.go:125	单桶模式                          	: false
2023-06-16T02:52:26.472Z	INFO	logger/zaplogger.go:125	================= 数据模型信息 =================
2023-06-16T02:52:26.472Z	INFO	logger/zaplogger.go:125	总带宽(MiB/s)                    	: 0.5
2023-06-16T02:52:26.472Z	INFO	logger/zaplogger.go:125	桶数量                           	: 0
2023-06-16T02:52:26.472Z	INFO	logger/zaplogger.go:125	总对象数                          	: 91000005459968
2023-06-16T02:52:26.472Z	INFO	logger/zaplogger.go:125	每路视频对象数                       	: 0
2023-06-16T02:52:26.472Z	INFO	logger/zaplogger.go:125	每天对象数                         	: 0
2023-06-16T02:52:26.472Z	INFO	logger/zaplogger.go:125	每路视频每天对象数                     	: 0
2023-06-16T02:52:26.472Z	INFO	logger/zaplogger.go:125	一个对象产生时间                      	: 0
2023-06-16T02:52:26.472Z	INFO	logger/zaplogger.go:125	一个分片产生时间                      	: 0
2023-06-16T02:52:26.472Z	INFO	logger/zaplogger.go:125	一路视频最大并行数                     	: 0
2023-06-16T02:52:26.472Z	INFO	logger/zaplogger.go:125	写删阶段每秒并行数                     	: 0
2023-06-16T02:52:26.472Z	INFO	logger/zaplogger.go:125	预埋阶段每秒并行数                     	: 0
2023-06-16T02:52:26.472Z	INFO	logger/zaplogger.go:125	================= 自定义变量信息 =================
2023-06-16T02:52:26.472Z	INFO	logger/zaplogger.go:125	预埋阶段视频路数                      	: 1
2023-06-16T02:52:26.472Z	INFO	logger/zaplogger.go:125	桶前缀                           	: 
2023-06-16T02:52:26.472Z	INFO	logger/zaplogger.go:125	对象前缀                          	: 
2023-06-16T02:52:26.472Z	INFO	logger/zaplogger.go:125	对象名序号长度                       	: 0
2023-06-16T02:52:26.472Z	INFO	logger/zaplogger.go:125	对象序号起始值                       	: 0
2023-06-16T03:00:12.310Z	WARN	logger/zaplogger.go:130	100000000000000
2023-06-16T03:00:12.310Z	INFO	logger/zaplogger.go:125	计算分析数据模型/参数...
2023-06-16T03:00:12.310Z	INFO	logger/zaplogger.go:125	================= 原始需求信息 =================
2023-06-16T03:00:12.310Z	INFO	logger/zaplogger.go:125	视频路数                          	: 1
2023-06-16T03:00:12.310Z	INFO	logger/zaplogger.go:125	视频码流(Mbps)                    	: 4
2023-06-16T03:00:12.310Z	INFO	logger/zaplogger.go:125	保留期限(天)                       	: 2.1064817e+09
2023-06-16T03:00:12.310Z	INFO	logger/zaplogger.go:125	源文件信息                         	: {      0  0 <nil>}
2023-06-16T03:00:12.310Z	INFO	logger/zaplogger.go:125	追加分片数                         	: 1
2023-06-16T03:00:12.310Z	INFO	logger/zaplogger.go:125	总容量                           	: 100 TB
2023-06-16T03:00:12.310Z	INFO	logger/zaplogger.go:125	安全水位                          	: 0.91
2023-06-16T03:00:12.310Z	INFO	logger/zaplogger.go:125	安全容量                          	: 91 TB
2023-06-16T03:00:12.310Z	INFO	logger/zaplogger.go:125	追加写模式                         	: false
2023-06-16T03:00:12.310Z	INFO	logger/zaplogger.go:125	非多段上传                         	: false
2023-06-16T03:00:12.310Z	INFO	logger/zaplogger.go:125	单桶模式                          	: false
2023-06-16T03:00:12.310Z	INFO	logger/zaplogger.go:125	================= 数据模型信息 =================
2023-06-16T03:00:12.310Z	INFO	logger/zaplogger.go:125	总带宽(MiB/s)                    	: 0.5
2023-06-16T03:00:12.310Z	INFO	logger/zaplogger.go:125	桶数量                           	: 0
2023-06-16T03:00:12.310Z	INFO	logger/zaplogger.go:125	总对象数                          	: 91000005459968
2023-06-16T03:00:12.310Z	INFO	logger/zaplogger.go:125	每路视频对象数                       	: 0
2023-06-16T03:00:12.310Z	INFO	logger/zaplogger.go:125	每天对象数                         	: 0
2023-06-16T03:00:12.310Z	INFO	logger/zaplogger.go:125	每路视频每天对象数                     	: 0
2023-06-16T03:00:12.310Z	INFO	logger/zaplogger.go:125	一个对象产生时间                      	: 0
2023-06-16T03:00:12.310Z	INFO	logger/zaplogger.go:125	一个分片产生时间                      	: 0
2023-06-16T03:00:12.310Z	INFO	logger/zaplogger.go:125	一路视频最大并行数                     	: 0
2023-06-16T03:00:12.310Z	INFO	logger/zaplogger.go:125	写删阶段每秒并行数                     	: 0
2023-06-16T03:00:12.310Z	INFO	logger/zaplogger.go:125	预埋阶段每秒并行数                     	: 0
2023-06-16T03:00:12.310Z	INFO	logger/zaplogger.go:125	================= 自定义变量信息 =================
2023-06-16T03:00:12.310Z	INFO	logger/zaplogger.go:125	预埋阶段视频路数                      	: 1
2023-06-16T03:00:12.311Z	INFO	logger/zaplogger.go:125	桶前缀                           	: 
2023-06-16T03:00:12.311Z	INFO	logger/zaplogger.go:125	对象前缀                          	: 
2023-06-16T03:00:12.311Z	INFO	logger/zaplogger.go:125	对象名序号长度                       	: 0
2023-06-16T03:00:12.311Z	INFO	logger/zaplogger.go:125	对象序号起始值                       	: 0
2023-06-16T03:03:15.893Z	WARN	logger/zaplogger.go:130	100000000000000
2023-06-16T03:03:15.893Z	INFO	logger/zaplogger.go:125	计算分析数据模型/参数...
2023-06-16T03:03:15.893Z	INFO	logger/zaplogger.go:125	==================== 原始需求信息 ====================
2023-06-16T03:03:15.893Z	INFO	logger/zaplogger.go:125	视频路数                          	: 1
2023-06-16T03:03:15.894Z	INFO	logger/zaplogger.go:125	视频码流(Mbps)                    	: 4
2023-06-16T03:03:15.894Z	INFO	logger/zaplogger.go:125	保留期限(天)                       	: 2.1064817e+09
2023-06-16T03:03:15.894Z	INFO	logger/zaplogger.go:125	源文件信息                         	: {      0  0 <nil>}
2023-06-16T03:03:15.894Z	INFO	logger/zaplogger.go:125	追加分片数                         	: 1
2023-06-16T03:03:15.894Z	INFO	logger/zaplogger.go:125	总容量                           	: 100 TB
2023-06-16T03:03:15.894Z	INFO	logger/zaplogger.go:125	安全水位                          	: 0.91
2023-06-16T03:03:15.894Z	INFO	logger/zaplogger.go:125	安全容量                          	: 91 TB
2023-06-16T03:03:15.894Z	INFO	logger/zaplogger.go:125	追加写模式                         	: false
2023-06-16T03:03:15.894Z	INFO	logger/zaplogger.go:125	非多段上传                         	: false
2023-06-16T03:03:15.895Z	INFO	logger/zaplogger.go:125	单桶模式                          	: false
2023-06-16T03:03:15.895Z	INFO	logger/zaplogger.go:125	================= 数据模型信息 =================
2023-06-16T03:03:15.895Z	INFO	logger/zaplogger.go:125	总带宽(MiB/s)                    	: 0.5
2023-06-16T03:03:15.895Z	INFO	logger/zaplogger.go:125	桶数量                           	: 0
2023-06-16T03:03:15.895Z	INFO	logger/zaplogger.go:125	总对象数                          	: 91000005459968
2023-06-16T03:03:15.895Z	INFO	logger/zaplogger.go:125	每路视频对象数                       	: 0
2023-06-16T03:03:15.895Z	INFO	logger/zaplogger.go:125	每天对象数                         	: 0
2023-06-16T03:03:15.895Z	INFO	logger/zaplogger.go:125	每路视频每天对象数                     	: 0
2023-06-16T03:03:15.895Z	INFO	logger/zaplogger.go:125	一个对象产生时间                      	: 0
2023-06-16T03:03:15.895Z	INFO	logger/zaplogger.go:125	一个分片产生时间                      	: 0
2023-06-16T03:03:15.895Z	INFO	logger/zaplogger.go:125	一路视频最大并行数                     	: 0
2023-06-16T03:03:15.895Z	INFO	logger/zaplogger.go:125	写删阶段每秒并行数                     	: 0
2023-06-16T03:03:15.895Z	INFO	logger/zaplogger.go:125	预埋阶段每秒并行数                     	: 0
2023-06-16T03:03:15.895Z	INFO	logger/zaplogger.go:125	================= 自定义变量信息 =================
2023-06-16T03:03:15.896Z	INFO	logger/zaplogger.go:125	预埋阶段视频路数                      	: 1
2023-06-16T03:03:15.896Z	INFO	logger/zaplogger.go:125	桶前缀                           	: 
2023-06-16T03:03:15.896Z	INFO	logger/zaplogger.go:125	对象前缀                          	: 
2023-06-16T03:03:15.896Z	INFO	logger/zaplogger.go:125	对象名序号长度                       	: 0
2023-06-16T03:03:15.896Z	INFO	logger/zaplogger.go:125	对象序号起始值                       	: 0
2023-06-16T03:04:26.222Z	WARN	logger/zaplogger.go:130	100000000000000
2023-06-16T03:04:26.222Z	INFO	logger/zaplogger.go:125	计算分析数据模型/参数...
2023-06-16T03:04:26.222Z	INFO	logger/zaplogger.go:125	============================== 原始需求信息 ==============================
2023-06-16T03:04:26.222Z	INFO	logger/zaplogger.go:125	视频路数                          	: 1
2023-06-16T03:04:26.222Z	INFO	logger/zaplogger.go:125	视频码流(Mbps)                    	: 4
2023-06-16T03:04:26.222Z	INFO	logger/zaplogger.go:125	保留期限(天)                       	: 2.1064817e+09
2023-06-16T03:04:26.222Z	INFO	logger/zaplogger.go:125	源文件信息                         	: {      0  0 <nil>}
2023-06-16T03:04:26.222Z	INFO	logger/zaplogger.go:125	追加分片数                         	: 1
2023-06-16T03:04:26.222Z	INFO	logger/zaplogger.go:125	总容量                           	: 100 TB
2023-06-16T03:04:26.222Z	INFO	logger/zaplogger.go:125	安全水位                          	: 0.91
2023-06-16T03:04:26.223Z	INFO	logger/zaplogger.go:125	安全容量                          	: 91 TB
2023-06-16T03:04:26.223Z	INFO	logger/zaplogger.go:125	追加写模式                         	: false
2023-06-16T03:04:26.223Z	INFO	logger/zaplogger.go:125	非多段上传                         	: false
2023-06-16T03:04:26.223Z	INFO	logger/zaplogger.go:125	单桶模式                          	: false
2023-06-16T03:04:26.223Z	INFO	logger/zaplogger.go:125	============================== 数据模型信息 ==============================
2023-06-16T03:04:26.223Z	INFO	logger/zaplogger.go:125	总带宽(MiB/s)                    	: 0.5
2023-06-16T03:04:26.223Z	INFO	logger/zaplogger.go:125	桶数量                           	: 0
2023-06-16T03:04:26.223Z	INFO	logger/zaplogger.go:125	总对象数                          	: 91000005459968
2023-06-16T03:04:26.223Z	INFO	logger/zaplogger.go:125	每路视频对象数                       	: 0
2023-06-16T03:04:26.223Z	INFO	logger/zaplogger.go:125	每天对象数                         	: 0
2023-06-16T03:04:26.223Z	INFO	logger/zaplogger.go:125	每路视频每天对象数                     	: 0
2023-06-16T03:04:26.223Z	INFO	logger/zaplogger.go:125	一个对象产生时间                      	: 0
2023-06-16T03:04:26.223Z	INFO	logger/zaplogger.go:125	一个分片产生时间                      	: 0
2023-06-16T03:04:26.223Z	INFO	logger/zaplogger.go:125	一路视频最大并行数                     	: 0
2023-06-16T03:04:26.223Z	INFO	logger/zaplogger.go:125	写删阶段每秒并行数                     	: 0
2023-06-16T03:04:26.223Z	INFO	logger/zaplogger.go:125	预埋阶段每秒并行数                     	: 0
2023-06-16T03:04:26.223Z	INFO	logger/zaplogger.go:125	============================== 自定义变量信息 ==============================
2023-06-16T03:04:26.223Z	INFO	logger/zaplogger.go:125	预埋阶段视频路数                      	: 1
2023-06-16T03:04:26.223Z	INFO	logger/zaplogger.go:125	桶前缀                           	: 
2023-06-16T03:04:26.223Z	INFO	logger/zaplogger.go:125	对象前缀                          	: 
2023-06-16T03:04:26.223Z	INFO	logger/zaplogger.go:125	对象名序号长度                       	: 0
2023-06-16T03:04:26.223Z	INFO	logger/zaplogger.go:125	对象序号起始值                       	: 0
2023-06-16T03:04:29.269Z	WARN	logger/zaplogger.go:130	100000000000000
2023-06-16T03:04:29.269Z	INFO	logger/zaplogger.go:125	计算分析数据模型/参数...
2023-06-16T03:04:29.269Z	INFO	logger/zaplogger.go:125	============================== 原始需求信息 ==============================
2023-06-16T03:04:29.269Z	INFO	logger/zaplogger.go:125	视频路数                          	: 1
2023-06-16T03:04:29.269Z	INFO	logger/zaplogger.go:125	视频码流(Mbps)                    	: 4
2023-06-16T03:04:29.269Z	INFO	logger/zaplogger.go:125	保留期限(天)                       	: 2.1064817e+09
2023-06-16T03:04:29.269Z	INFO	logger/zaplogger.go:125	源文件信息                         	: {      0  0 <nil>}
2023-06-16T03:04:29.270Z	INFO	logger/zaplogger.go:125	追加分片数                         	: 1
2023-06-16T03:04:29.270Z	INFO	logger/zaplogger.go:125	总容量                           	: 100 TB
2023-06-16T03:04:29.270Z	INFO	logger/zaplogger.go:125	安全水位                          	: 0.91
2023-06-16T03:04:29.270Z	INFO	logger/zaplogger.go:125	安全容量                          	: 91 TB
2023-06-16T03:04:29.270Z	INFO	logger/zaplogger.go:125	追加写模式                         	: false
2023-06-16T03:04:29.270Z	INFO	logger/zaplogger.go:125	非多段上传                         	: false
2023-06-16T03:04:29.270Z	INFO	logger/zaplogger.go:125	单桶模式                          	: false
2023-06-16T03:04:29.270Z	INFO	logger/zaplogger.go:125	============================== 数据模型信息 ==============================
2023-06-16T03:04:29.270Z	INFO	logger/zaplogger.go:125	总带宽(MiB/s)                    	: 0.5
2023-06-16T03:04:29.270Z	INFO	logger/zaplogger.go:125	桶数量                           	: 0
2023-06-16T03:04:29.270Z	INFO	logger/zaplogger.go:125	总对象数                          	: 91000005459968
2023-06-16T03:04:29.270Z	INFO	logger/zaplogger.go:125	每路视频对象数                       	: 0
2023-06-16T03:04:29.270Z	INFO	logger/zaplogger.go:125	每天对象数                         	: 0
2023-06-16T03:04:29.270Z	INFO	logger/zaplogger.go:125	每路视频每天对象数                     	: 0
2023-06-16T03:04:29.270Z	INFO	logger/zaplogger.go:125	一个对象产生时间                      	: 0
2023-06-16T03:04:29.270Z	INFO	logger/zaplogger.go:125	一个分片产生时间                      	: 0
2023-06-16T03:04:29.270Z	INFO	logger/zaplogger.go:125	一路视频最大并行数                     	: 0
2023-06-16T03:04:29.270Z	INFO	logger/zaplogger.go:125	写删阶段每秒并行数                     	: 0
2023-06-16T03:04:29.270Z	INFO	logger/zaplogger.go:125	预埋阶段每秒并行数                     	: 0
2023-06-16T03:04:29.270Z	INFO	logger/zaplogger.go:125	============================== 自定义变量信息 ==============================
2023-06-16T03:04:29.270Z	INFO	logger/zaplogger.go:125	预埋阶段视频路数                      	: 1
2023-06-16T03:04:29.271Z	INFO	logger/zaplogger.go:125	桶前缀                           	: 
2023-06-16T03:04:29.271Z	INFO	logger/zaplogger.go:125	对象前缀                          	: 
2023-06-16T03:04:29.271Z	INFO	logger/zaplogger.go:125	对象名序号长度                       	: 0
2023-06-16T03:04:29.271Z	INFO	logger/zaplogger.go:125	对象序号起始值                       	: 0
2023-06-16T03:04:33.725Z	WARN	logger/zaplogger.go:130	100000000000000
2023-06-16T03:04:33.725Z	INFO	logger/zaplogger.go:125	计算分析数据模型/参数...
2023-06-16T03:04:33.725Z	INFO	logger/zaplogger.go:125	============================== 原始需求信息 ==============================
2023-06-16T03:04:33.725Z	INFO	logger/zaplogger.go:125	视频路数                          	: 1
2023-06-16T03:04:33.725Z	INFO	logger/zaplogger.go:125	视频码流(Mbps)                    	: 4
2023-06-16T03:04:33.725Z	INFO	logger/zaplogger.go:125	保留期限(天)                       	: 2.1064817e+09
2023-06-16T03:04:33.725Z	INFO	logger/zaplogger.go:125	源文件信息                         	: {      0  0 <nil>}
2023-06-16T03:04:33.725Z	INFO	logger/zaplogger.go:125	追加分片数                         	: 1
2023-06-16T03:04:33.725Z	INFO	logger/zaplogger.go:125	总容量                           	: 100 TB
2023-06-16T03:04:33.725Z	INFO	logger/zaplogger.go:125	安全水位                          	: 0.91
2023-06-16T03:04:33.725Z	INFO	logger/zaplogger.go:125	安全容量                          	: 91 TB
2023-06-16T03:04:33.725Z	INFO	logger/zaplogger.go:125	追加写模式                         	: false
2023-06-16T03:04:33.725Z	INFO	logger/zaplogger.go:125	非多段上传                         	: false
2023-06-16T03:04:33.725Z	INFO	logger/zaplogger.go:125	单桶模式                          	: false
2023-06-16T03:04:33.726Z	INFO	logger/zaplogger.go:125	============================== 数据模型信息 ==============================
2023-06-16T03:04:33.726Z	INFO	logger/zaplogger.go:125	总带宽(MiB/s)                    	: 0.5
2023-06-16T03:04:33.726Z	INFO	logger/zaplogger.go:125	桶数量                           	: 0
2023-06-16T03:04:33.726Z	INFO	logger/zaplogger.go:125	总对象数                          	: 91000005459968
2023-06-16T03:04:33.726Z	INFO	logger/zaplogger.go:125	每路视频对象数                       	: 0
2023-06-16T03:04:33.726Z	INFO	logger/zaplogger.go:125	每天对象数                         	: 0
2023-06-16T03:04:33.726Z	INFO	logger/zaplogger.go:125	每路视频每天对象数                     	: 0
2023-06-16T03:04:33.726Z	INFO	logger/zaplogger.go:125	一个对象产生时间                      	: 0
2023-06-16T03:04:33.726Z	INFO	logger/zaplogger.go:125	一个分片产生时间                      	: 0
2023-06-16T03:04:33.726Z	INFO	logger/zaplogger.go:125	一路视频最大并行数                     	: 0
2023-06-16T03:04:33.726Z	INFO	logger/zaplogger.go:125	写删阶段每秒并行数                     	: 0
2023-06-16T03:04:33.726Z	INFO	logger/zaplogger.go:125	预埋阶段每秒并行数                     	: 0
2023-06-16T03:04:33.726Z	INFO	logger/zaplogger.go:125	============================== 自定义变量信息 ==============================
2023-06-16T03:04:33.726Z	INFO	logger/zaplogger.go:125	预埋阶段视频路数                      	: 1
2023-06-16T03:04:33.726Z	INFO	logger/zaplogger.go:125	桶前缀                           	: 
2023-06-16T03:04:33.726Z	INFO	logger/zaplogger.go:125	对象前缀                          	: 
2023-06-16T03:04:33.726Z	INFO	logger/zaplogger.go:125	对象名序号长度                       	: 0
2023-06-16T03:04:33.726Z	INFO	logger/zaplogger.go:125	对象序号起始值                       	: 0
2023-06-16T03:21:51.732Z	WARN	logger/zaplogger.go:130	100000000000000
2023-06-16T03:21:51.733Z	INFO	logger/zaplogger.go:125	计算分析数据模型/参数...
2023-06-16T03:21:51.733Z	INFO	logger/zaplogger.go:125	============================== 原始需求信息 ==============================
2023-06-16T03:21:51.733Z	INFO	logger/zaplogger.go:125	视频路数                          	: 1
2023-06-16T03:21:51.733Z	INFO	logger/zaplogger.go:125	视频码流(Mbps)                    	: 4
2023-06-16T03:21:51.733Z	INFO	logger/zaplogger.go:125	保留期限(天)                       	: 2.1064817e+09
2023-06-16T03:21:51.733Z	INFO	logger/zaplogger.go:125	源文件信息                         	: {      0  0 <nil>}
2023-06-16T03:21:51.733Z	INFO	logger/zaplogger.go:125	追加分片数                         	: 1
2023-06-16T03:21:51.733Z	INFO	logger/zaplogger.go:125	总容量                           	: 100 TB
2023-06-16T03:21:51.733Z	INFO	logger/zaplogger.go:125	安全水位                          	: 0.91
2023-06-16T03:21:51.733Z	INFO	logger/zaplogger.go:125	安全容量                          	: 91 TB
2023-06-16T03:21:51.733Z	INFO	logger/zaplogger.go:125	追加写模式                         	: false
2023-06-16T03:21:51.733Z	INFO	logger/zaplogger.go:125	非多段上传                         	: false
2023-06-16T03:21:51.733Z	INFO	logger/zaplogger.go:125	单桶模式                          	: false
2023-06-16T03:21:51.733Z	INFO	logger/zaplogger.go:125	============================== 数据模型信息 ==============================
2023-06-16T03:21:51.733Z	INFO	logger/zaplogger.go:125	总带宽(MiB/s)                    	: 0.5
2023-06-16T03:21:51.733Z	INFO	logger/zaplogger.go:125	桶数量                           	: 0
2023-06-16T03:21:51.733Z	INFO	logger/zaplogger.go:125	总对象数                          	: 91000005459968
2023-06-16T03:21:51.733Z	INFO	logger/zaplogger.go:125	每路视频对象数                       	: 0
2023-06-16T03:21:51.733Z	INFO	logger/zaplogger.go:125	每天对象数                         	: 0
2023-06-16T03:21:51.733Z	INFO	logger/zaplogger.go:125	每路视频每天对象数                     	: 0
2023-06-16T03:21:51.733Z	INFO	logger/zaplogger.go:125	一个对象产生时间                      	: 0
2023-06-16T03:21:51.733Z	INFO	logger/zaplogger.go:125	一个分片产生时间                      	: 0
2023-06-16T03:21:51.733Z	INFO	logger/zaplogger.go:125	一路视频最大并行数                     	: 0
2023-06-16T03:21:51.733Z	INFO	logger/zaplogger.go:125	写删阶段每秒并行数                     	: 0
2023-06-16T03:21:51.734Z	INFO	logger/zaplogger.go:125	预埋阶段每秒并行数                     	: 0
2023-06-16T03:21:51.734Z	INFO	logger/zaplogger.go:125	============================== 自定义变量信息 ==============================
2023-06-16T03:21:51.734Z	INFO	logger/zaplogger.go:125	预埋阶段视频路数                      	: 1
2023-06-16T03:21:51.734Z	INFO	logger/zaplogger.go:125	桶前缀                           	: 
2023-06-16T03:21:51.734Z	INFO	logger/zaplogger.go:125	对象前缀                          	: 
2023-06-16T03:21:51.734Z	INFO	logger/zaplogger.go:125	对象名序号长度                       	: 0
2023-06-16T03:21:51.734Z	INFO	logger/zaplogger.go:125	对象序号起始值                       	: 0
2023-06-16T03:23:21.438Z	WARN	logger/zaplogger.go:130	100000000000000
2023-06-16T03:23:21.439Z	INFO	logger/zaplogger.go:125	计算分析数据模型/参数...
2023-06-16T03:23:21.439Z	INFO	logger/zaplogger.go:125	============================== 原始需求信息 ==============================
2023-06-16T03:23:21.439Z	INFO	logger/zaplogger.go:125	视频路数                          	: 1
2023-06-16T03:23:21.439Z	INFO	logger/zaplogger.go:125	视频码流(Mbps)                    	: 4
2023-06-16T03:23:21.439Z	INFO	logger/zaplogger.go:125	保留期限(天)                       	: 2.1064817e+09
2023-06-16T03:23:21.439Z	INFO	logger/zaplogger.go:125	源文件信息                         	: {      0  0 <nil>}
2023-06-16T03:23:21.439Z	INFO	logger/zaplogger.go:125	追加分片数                         	: 1
2023-06-16T03:23:21.439Z	INFO	logger/zaplogger.go:125	总容量                           	: 100 TB
2023-06-16T03:23:21.439Z	INFO	logger/zaplogger.go:125	安全水位                          	: 0.91
2023-06-16T03:23:21.439Z	INFO	logger/zaplogger.go:125	安全容量                          	: 91 TB
2023-06-16T03:23:21.439Z	INFO	logger/zaplogger.go:125	追加写模式                         	: false
2023-06-16T03:23:21.439Z	INFO	logger/zaplogger.go:125	非多段上传                         	: false
2023-06-16T03:23:21.440Z	INFO	logger/zaplogger.go:125	单桶模式                          	: false
2023-06-16T03:23:21.440Z	INFO	logger/zaplogger.go:125	============================== 数据模型信息 ==============================
2023-06-16T03:23:21.440Z	INFO	logger/zaplogger.go:125	总带宽(MiB/s)                    	: 0.5
2023-06-16T03:23:21.440Z	INFO	logger/zaplogger.go:125	桶数量                           	: 0
2023-06-16T03:23:21.440Z	INFO	logger/zaplogger.go:125	总对象数                          	: 91000005459968
2023-06-16T03:23:21.440Z	INFO	logger/zaplogger.go:125	每路视频对象数                       	: 0
2023-06-16T03:23:21.440Z	INFO	logger/zaplogger.go:125	每天对象数                         	: 0
2023-06-16T03:23:21.440Z	INFO	logger/zaplogger.go:125	每路视频每天对象数                     	: 0
2023-06-16T03:23:21.440Z	INFO	logger/zaplogger.go:125	一个对象产生时间                      	: 0
2023-06-16T03:23:21.440Z	INFO	logger/zaplogger.go:125	一个分片产生时间                      	: 0
2023-06-16T03:23:21.440Z	INFO	logger/zaplogger.go:125	一路视频最大并行数                     	: 0
2023-06-16T03:23:21.440Z	INFO	logger/zaplogger.go:125	写删阶段每秒并行数                     	: 0
2023-06-16T03:23:21.440Z	INFO	logger/zaplogger.go:125	预埋阶段每秒并行数                     	: 0
2023-06-16T03:23:21.440Z	INFO	logger/zaplogger.go:125	============================== 自定义变量信息 ==============================
2023-06-16T03:23:21.440Z	INFO	logger/zaplogger.go:125	预埋阶段视频路数                      	: 1
2023-06-16T03:23:21.440Z	INFO	logger/zaplogger.go:125	桶前缀                           	: 
2023-06-16T03:23:21.440Z	INFO	logger/zaplogger.go:125	对象前缀                          	: 
2023-06-16T03:23:21.440Z	INFO	logger/zaplogger.go:125	对象名序号长度                       	: 0
2023-06-16T03:23:21.440Z	INFO	logger/zaplogger.go:125	对象序号起始值                       	: 0
2023-06-16T03:23:40.046Z	WARN	logger/zaplogger.go:130	100000000000000
2023-06-16T03:23:40.048Z	INFO	logger/zaplogger.go:125	计算分析数据模型/参数...
2023-06-16T03:25:00.608Z	WARN	logger/zaplogger.go:130	100000000000000
2023-06-16T03:25:00.608Z	INFO	logger/zaplogger.go:125	计算分析数据模型/参数...
2023-06-16T03:25:00.608Z	INFO	logger/zaplogger.go:125	============================== 原始需求信息 ==============================
2023-06-16T03:25:00.608Z	INFO	logger/zaplogger.go:125	视频路数                          	: 1
2023-06-16T03:25:00.608Z	INFO	logger/zaplogger.go:125	视频码流(Mbps)                    	: 4
2023-06-16T03:25:00.608Z	INFO	logger/zaplogger.go:125	保留期限(天)                       	: 2000
2023-06-16T03:25:00.608Z	INFO	logger/zaplogger.go:125	源文件信息                         	: {      0  0 <nil>}
2023-06-16T03:25:00.608Z	INFO	logger/zaplogger.go:125	追加分片数                         	: 1
2023-06-16T03:25:00.608Z	INFO	logger/zaplogger.go:125	总容量                           	: 100 TB
2023-06-16T03:25:00.608Z	INFO	logger/zaplogger.go:125	安全水位                          	: 0.91
2023-06-16T03:25:00.608Z	INFO	logger/zaplogger.go:125	安全容量                          	: 91 TB
2023-06-16T03:25:00.608Z	INFO	logger/zaplogger.go:125	追加写模式                         	: false
2023-06-16T03:25:00.608Z	INFO	logger/zaplogger.go:125	非多段上传                         	: false
2023-06-16T03:25:00.608Z	INFO	logger/zaplogger.go:125	单桶模式                          	: false
2023-06-16T03:25:00.608Z	INFO	logger/zaplogger.go:125	============================== 数据模型信息 ==============================
2023-06-16T03:25:00.609Z	INFO	logger/zaplogger.go:125	总带宽(MiB/s)                    	: 0.5
2023-06-16T03:25:00.609Z	INFO	logger/zaplogger.go:125	桶数量                           	: 0
2023-06-16T03:25:00.609Z	INFO	logger/zaplogger.go:125	总对象数                          	: 91000005459968
2023-06-16T03:25:00.609Z	INFO	logger/zaplogger.go:125	每路视频对象数                       	: 0
2023-06-16T03:25:00.609Z	INFO	logger/zaplogger.go:125	每天对象数                         	: 0
2023-06-16T03:25:00.609Z	INFO	logger/zaplogger.go:125	每路视频每天对象数                     	: 0
2023-06-16T03:25:00.609Z	INFO	logger/zaplogger.go:125	一个对象产生时间                      	: 0
2023-06-16T03:25:00.609Z	INFO	logger/zaplogger.go:125	一个分片产生时间                      	: 0
2023-06-16T03:25:00.609Z	INFO	logger/zaplogger.go:125	一路视频最大并行数                     	: 0
2023-06-16T03:25:00.609Z	INFO	logger/zaplogger.go:125	写删阶段每秒并行数                     	: 0
2023-06-16T03:25:00.610Z	INFO	logger/zaplogger.go:125	预埋阶段每秒并行数                     	: 0
2023-06-16T03:25:00.610Z	INFO	logger/zaplogger.go:125	============================== 自定义变量信息 ==============================
2023-06-16T03:25:00.610Z	INFO	logger/zaplogger.go:125	预埋阶段视频路数                      	: 1
2023-06-16T03:25:00.610Z	INFO	logger/zaplogger.go:125	桶前缀                           	: 
2023-06-16T03:25:00.610Z	INFO	logger/zaplogger.go:125	对象前缀                          	: 
2023-06-16T03:25:00.610Z	INFO	logger/zaplogger.go:125	对象名序号长度                       	: 0
2023-06-16T03:25:00.610Z	INFO	logger/zaplogger.go:125	对象序号起始值                       	: 0
2023-06-16T03:25:22.792Z	WARN	logger/zaplogger.go:130	100000000000
2023-06-16T03:25:22.792Z	INFO	logger/zaplogger.go:125	计算分析数据模型/参数...
2023-06-16T03:25:22.792Z	INFO	logger/zaplogger.go:125	============================== 原始需求信息 ==============================
2023-06-16T03:25:22.792Z	INFO	logger/zaplogger.go:125	视频路数                          	: 1
2023-06-16T03:25:22.793Z	INFO	logger/zaplogger.go:125	视频码流(Mbps)                    	: 4
2023-06-16T03:25:22.793Z	INFO	logger/zaplogger.go:125	保留期限(天)                       	: 0
2023-06-16T03:25:22.793Z	INFO	logger/zaplogger.go:125	源文件信息                         	: {      0  0 <nil>}
2023-06-16T03:25:22.793Z	INFO	logger/zaplogger.go:125	追加分片数                         	: 1
2023-06-16T03:25:22.793Z	INFO	logger/zaplogger.go:125	总容量                           	: 100 GB
2023-06-16T03:25:22.793Z	INFO	logger/zaplogger.go:125	安全水位                          	: 0.91
2023-06-16T03:25:22.793Z	INFO	logger/zaplogger.go:125	安全容量                          	: 91 GB
2023-06-16T03:25:22.793Z	INFO	logger/zaplogger.go:125	追加写模式                         	: false
2023-06-16T03:25:22.793Z	INFO	logger/zaplogger.go:125	非多段上传                         	: false
2023-06-16T03:25:22.793Z	INFO	logger/zaplogger.go:125	单桶模式                          	: false
2023-06-16T03:25:22.793Z	INFO	logger/zaplogger.go:125	============================== 数据模型信息 ==============================
2023-06-16T03:25:22.793Z	INFO	logger/zaplogger.go:125	总带宽(MiB/s)                    	: 0.5
2023-06-16T03:25:22.793Z	INFO	logger/zaplogger.go:125	桶数量                           	: 0
2023-06-16T03:25:22.793Z	INFO	logger/zaplogger.go:125	总对象数                          	: 91000004608
2023-06-16T03:25:22.793Z	INFO	logger/zaplogger.go:125	每路视频对象数                       	: 0
2023-06-16T03:25:22.793Z	INFO	logger/zaplogger.go:125	每天对象数                         	: 0
2023-06-16T03:25:22.793Z	INFO	logger/zaplogger.go:125	每路视频每天对象数                     	: 0
2023-06-16T03:25:22.793Z	INFO	logger/zaplogger.go:125	一个对象产生时间                      	: 0
2023-06-16T03:25:22.793Z	INFO	logger/zaplogger.go:125	一个分片产生时间                      	: 0
2023-06-16T03:25:22.793Z	INFO	logger/zaplogger.go:125	一路视频最大并行数                     	: 0
2023-06-16T03:25:22.793Z	INFO	logger/zaplogger.go:125	写删阶段每秒并行数                     	: 0
2023-06-16T03:25:22.793Z	INFO	logger/zaplogger.go:125	预埋阶段每秒并行数                     	: 0
2023-06-16T03:25:22.793Z	INFO	logger/zaplogger.go:125	============================== 自定义变量信息 ==============================
2023-06-16T03:25:22.794Z	INFO	logger/zaplogger.go:125	预埋阶段视频路数                      	: 1
2023-06-16T03:25:22.794Z	INFO	logger/zaplogger.go:125	桶前缀                           	: 
2023-06-16T03:25:22.794Z	INFO	logger/zaplogger.go:125	对象前缀                          	: 
2023-06-16T03:25:22.794Z	INFO	logger/zaplogger.go:125	对象名序号长度                       	: 0
2023-06-16T03:25:22.794Z	INFO	logger/zaplogger.go:125	对象序号起始值                       	: 0
2023-06-16T03:25:34.482Z	WARN	logger/zaplogger.go:130	100000000000000
2023-06-16T03:25:34.482Z	INFO	logger/zaplogger.go:125	计算分析数据模型/参数...
2023-06-16T03:25:34.482Z	INFO	logger/zaplogger.go:125	============================== 原始需求信息 ==============================
2023-06-16T03:25:34.482Z	INFO	logger/zaplogger.go:125	视频路数                          	: 1
2023-06-16T03:25:34.482Z	INFO	logger/zaplogger.go:125	视频码流(Mbps)                    	: 4
2023-06-16T03:25:34.482Z	INFO	logger/zaplogger.go:125	保留期限(天)                       	: 2000
2023-06-16T03:25:34.482Z	INFO	logger/zaplogger.go:125	源文件信息                         	: {      0  0 <nil>}
2023-06-16T03:25:34.482Z	INFO	logger/zaplogger.go:125	追加分片数                         	: 1
2023-06-16T03:25:34.482Z	INFO	logger/zaplogger.go:125	总容量                           	: 100 TB
2023-06-16T03:25:34.482Z	INFO	logger/zaplogger.go:125	安全水位                          	: 0.91
2023-06-16T03:25:34.482Z	INFO	logger/zaplogger.go:125	安全容量                          	: 91 TB
2023-06-16T03:25:34.482Z	INFO	logger/zaplogger.go:125	追加写模式                         	: false
2023-06-16T03:25:34.482Z	INFO	logger/zaplogger.go:125	非多段上传                         	: false
2023-06-16T03:25:34.482Z	INFO	logger/zaplogger.go:125	单桶模式                          	: false
2023-06-16T03:25:34.483Z	INFO	logger/zaplogger.go:125	============================== 数据模型信息 ==============================
2023-06-16T03:25:34.483Z	INFO	logger/zaplogger.go:125	总带宽(MiB/s)                    	: 0.5
2023-06-16T03:25:34.483Z	INFO	logger/zaplogger.go:125	桶数量                           	: 0
2023-06-16T03:25:34.483Z	INFO	logger/zaplogger.go:125	总对象数                          	: 91000005459968
2023-06-16T03:25:34.483Z	INFO	logger/zaplogger.go:125	每路视频对象数                       	: 0
2023-06-16T03:25:34.483Z	INFO	logger/zaplogger.go:125	每天对象数                         	: 0
2023-06-16T03:25:34.483Z	INFO	logger/zaplogger.go:125	每路视频每天对象数                     	: 0
2023-06-16T03:25:34.483Z	INFO	logger/zaplogger.go:125	一个对象产生时间                      	: 0
2023-06-16T03:25:34.483Z	INFO	logger/zaplogger.go:125	一个分片产生时间                      	: 0
2023-06-16T03:25:34.483Z	INFO	logger/zaplogger.go:125	一路视频最大并行数                     	: 0
2023-06-16T03:25:34.483Z	INFO	logger/zaplogger.go:125	写删阶段每秒并行数                     	: 0
2023-06-16T03:25:34.483Z	INFO	logger/zaplogger.go:125	预埋阶段每秒并行数                     	: 0
2023-06-16T03:25:34.483Z	INFO	logger/zaplogger.go:125	============================== 自定义变量信息 ==============================
2023-06-16T03:25:34.483Z	INFO	logger/zaplogger.go:125	预埋阶段视频路数                      	: 1
2023-06-16T03:25:34.483Z	INFO	logger/zaplogger.go:125	桶前缀                           	: 
2023-06-16T03:25:34.483Z	INFO	logger/zaplogger.go:125	对象前缀                          	: 
2023-06-16T03:25:34.483Z	INFO	logger/zaplogger.go:125	对象名序号长度                       	: 0
2023-06-16T03:25:34.483Z	INFO	logger/zaplogger.go:125	对象序号起始值                       	: 0
2023-06-16T03:26:21.086Z	WARN	logger/zaplogger.go:130	100000000000
2023-06-16T03:26:21.086Z	INFO	logger/zaplogger.go:125	计算分析数据模型/参数...
2023-06-16T03:26:21.086Z	INFO	logger/zaplogger.go:125	============================== 原始需求信息 ==============================
2023-06-16T03:26:21.086Z	INFO	logger/zaplogger.go:125	视频路数                          	: 1
2023-06-16T03:26:21.086Z	INFO	logger/zaplogger.go:125	视频码流(Mbps)                    	: 4
2023-06-16T03:26:21.087Z	INFO	logger/zaplogger.go:125	保留期限(天)                       	: 2
2023-06-16T03:26:21.087Z	INFO	logger/zaplogger.go:125	源文件信息                         	: {      0  0 <nil>}
2023-06-16T03:26:21.087Z	INFO	logger/zaplogger.go:125	追加分片数                         	: 1
2023-06-16T03:26:21.087Z	INFO	logger/zaplogger.go:125	总容量                           	: 100 GB
2023-06-16T03:26:21.087Z	INFO	logger/zaplogger.go:125	安全水位                          	: 0.91
2023-06-16T03:26:21.087Z	INFO	logger/zaplogger.go:125	安全容量                          	: 91 GB
2023-06-16T03:26:21.087Z	INFO	logger/zaplogger.go:125	追加写模式                         	: false
2023-06-16T03:26:21.087Z	INFO	logger/zaplogger.go:125	非多段上传                         	: false
2023-06-16T03:26:21.087Z	INFO	logger/zaplogger.go:125	单桶模式                          	: false
2023-06-16T03:26:21.087Z	INFO	logger/zaplogger.go:125	============================== 数据模型信息 ==============================
2023-06-16T03:26:21.087Z	INFO	logger/zaplogger.go:125	总带宽(MiB/s)                    	: 0.5
2023-06-16T03:26:21.087Z	INFO	logger/zaplogger.go:125	桶数量                           	: 0
2023-06-16T03:26:21.087Z	INFO	logger/zaplogger.go:125	总对象数                          	: 91000004608
2023-06-16T03:26:21.087Z	INFO	logger/zaplogger.go:125	每路视频对象数                       	: 0
2023-06-16T03:26:21.087Z	INFO	logger/zaplogger.go:125	每天对象数                         	: 0
2023-06-16T03:26:21.087Z	INFO	logger/zaplogger.go:125	每路视频每天对象数                     	: 0
2023-06-16T03:26:21.087Z	INFO	logger/zaplogger.go:125	一个对象产生时间                      	: 0
2023-06-16T03:26:21.087Z	INFO	logger/zaplogger.go:125	一个分片产生时间                      	: 0
2023-06-16T03:26:21.087Z	INFO	logger/zaplogger.go:125	一路视频最大并行数                     	: 0
2023-06-16T03:26:21.087Z	INFO	logger/zaplogger.go:125	写删阶段每秒并行数                     	: 0
2023-06-16T03:26:21.087Z	INFO	logger/zaplogger.go:125	预埋阶段每秒并行数                     	: 0
2023-06-16T03:26:21.087Z	INFO	logger/zaplogger.go:125	============================== 自定义变量信息 ==============================
2023-06-16T03:26:21.087Z	INFO	logger/zaplogger.go:125	预埋阶段视频路数                      	: 1
2023-06-16T03:26:21.087Z	INFO	logger/zaplogger.go:125	桶前缀                           	: 
2023-06-16T03:26:21.087Z	INFO	logger/zaplogger.go:125	对象前缀                          	: 
2023-06-16T03:26:21.087Z	INFO	logger/zaplogger.go:125	对象名序号长度                       	: 0
2023-06-16T03:26:21.087Z	INFO	logger/zaplogger.go:125	对象序号起始值                       	: 0
2023-06-16T03:26:26.838Z	WARN	logger/zaplogger.go:130	100000000000
2023-06-16T03:26:26.838Z	INFO	logger/zaplogger.go:125	计算分析数据模型/参数...
2023-06-16T03:26:26.838Z	INFO	logger/zaplogger.go:125	============================== 原始需求信息 ==============================
2023-06-16T03:26:26.838Z	INFO	logger/zaplogger.go:125	视频路数                          	: 1
2023-06-16T03:26:26.838Z	INFO	logger/zaplogger.go:125	视频码流(Mbps)                    	: 4
2023-06-16T03:26:26.838Z	INFO	logger/zaplogger.go:125	保留期限(天)                       	: 2
2023-06-16T03:26:26.838Z	INFO	logger/zaplogger.go:125	源文件信息                         	: {      0  0 <nil>}
2023-06-16T03:26:26.838Z	INFO	logger/zaplogger.go:125	追加分片数                         	: 1
2023-06-16T03:26:26.838Z	INFO	logger/zaplogger.go:125	总容量                           	: 100 GB
2023-06-16T03:26:26.839Z	INFO	logger/zaplogger.go:125	安全水位                          	: 0.91
2023-06-16T03:26:26.839Z	INFO	logger/zaplogger.go:125	安全容量                          	: 91 GB
2023-06-16T03:26:26.839Z	INFO	logger/zaplogger.go:125	追加写模式                         	: false
2023-06-16T03:26:26.839Z	INFO	logger/zaplogger.go:125	非多段上传                         	: false
2023-06-16T03:26:26.839Z	INFO	logger/zaplogger.go:125	单桶模式                          	: false
2023-06-16T03:26:26.839Z	INFO	logger/zaplogger.go:125	============================== 数据模型信息 ==============================
2023-06-16T03:26:26.839Z	INFO	logger/zaplogger.go:125	总带宽(MiB/s)                    	: 0.5
2023-06-16T03:26:26.839Z	INFO	logger/zaplogger.go:125	桶数量                           	: 0
2023-06-16T03:26:26.839Z	INFO	logger/zaplogger.go:125	总对象数                          	: 91000004608
2023-06-16T03:26:26.839Z	INFO	logger/zaplogger.go:125	每路视频对象数                       	: 0
2023-06-16T03:26:26.839Z	INFO	logger/zaplogger.go:125	每天对象数                         	: 0
2023-06-16T03:26:26.839Z	INFO	logger/zaplogger.go:125	每路视频每天对象数                     	: 0
2023-06-16T03:26:26.839Z	INFO	logger/zaplogger.go:125	一个对象产生时间                      	: 0
2023-06-16T03:26:26.839Z	INFO	logger/zaplogger.go:125	一个分片产生时间                      	: 0
2023-06-16T03:26:26.839Z	INFO	logger/zaplogger.go:125	一路视频最大并行数                     	: 0
2023-06-16T03:26:26.839Z	INFO	logger/zaplogger.go:125	写删阶段每秒并行数                     	: 0
2023-06-16T03:26:26.839Z	INFO	logger/zaplogger.go:125	预埋阶段每秒并行数                     	: 0
2023-06-16T03:26:26.839Z	INFO	logger/zaplogger.go:125	============================== 自定义变量信息 ==============================
2023-06-16T03:26:26.839Z	INFO	logger/zaplogger.go:125	预埋阶段视频路数                      	: 1
2023-06-16T03:26:26.839Z	INFO	logger/zaplogger.go:125	桶前缀                           	: 
2023-06-16T03:26:26.839Z	INFO	logger/zaplogger.go:125	对象前缀                          	: 
2023-06-16T03:26:26.839Z	INFO	logger/zaplogger.go:125	对象名序号长度                       	: 0
2023-06-16T03:26:26.839Z	INFO	logger/zaplogger.go:125	对象序号起始值                       	: 0
2023-06-16T03:26:51.515Z	WARN	logger/zaplogger.go:130	160000000000
2023-06-16T03:26:51.515Z	INFO	logger/zaplogger.go:125	计算分析数据模型/参数...
2023-06-16T03:26:51.515Z	INFO	logger/zaplogger.go:125	============================== 原始需求信息 ==============================
2023-06-16T03:26:51.515Z	INFO	logger/zaplogger.go:125	视频路数                          	: 1000
2023-06-16T03:26:51.515Z	INFO	logger/zaplogger.go:125	视频码流(Mbps)                    	: 4
2023-06-16T03:26:51.516Z	INFO	logger/zaplogger.go:125	保留期限(天)                       	: 0
2023-06-16T03:26:51.516Z	INFO	logger/zaplogger.go:125	源文件信息                         	: {      0  0 <nil>}
2023-06-16T03:26:51.516Z	INFO	logger/zaplogger.go:125	追加分片数                         	: 1
2023-06-16T03:26:51.516Z	INFO	logger/zaplogger.go:125	总容量                           	: 160 GB
2023-06-16T03:26:51.516Z	INFO	logger/zaplogger.go:125	安全水位                          	: 0.91
2023-06-16T03:26:51.516Z	INFO	logger/zaplogger.go:125	安全容量                          	: 146 GB
2023-06-16T03:26:51.516Z	INFO	logger/zaplogger.go:125	追加写模式                         	: false
2023-06-16T03:26:51.516Z	INFO	logger/zaplogger.go:125	非多段上传                         	: false
2023-06-16T03:26:51.516Z	INFO	logger/zaplogger.go:125	单桶模式                          	: false
2023-06-16T03:26:51.516Z	INFO	logger/zaplogger.go:125	============================== 数据模型信息 ==============================
2023-06-16T03:26:51.516Z	INFO	logger/zaplogger.go:125	总带宽(MiB/s)                    	: 500
2023-06-16T03:26:51.516Z	INFO	logger/zaplogger.go:125	桶数量                           	: 0
2023-06-16T03:26:51.516Z	INFO	logger/zaplogger.go:125	总对象数                          	: 145600004096
2023-06-16T03:26:51.516Z	INFO	logger/zaplogger.go:125	每路视频对象数                       	: 0
2023-06-16T03:26:51.516Z	INFO	logger/zaplogger.go:125	每天对象数                         	: 0
2023-06-16T03:26:51.516Z	INFO	logger/zaplogger.go:125	每路视频每天对象数                     	: 0
2023-06-16T03:26:51.516Z	INFO	logger/zaplogger.go:125	一个对象产生时间                      	: 0
2023-06-16T03:26:51.516Z	INFO	logger/zaplogger.go:125	一个分片产生时间                      	: 0
2023-06-16T03:26:51.516Z	INFO	logger/zaplogger.go:125	一路视频最大并行数                     	: 0
2023-06-16T03:26:51.516Z	INFO	logger/zaplogger.go:125	写删阶段每秒并行数                     	: 0
2023-06-16T03:26:51.516Z	INFO	logger/zaplogger.go:125	预埋阶段每秒并行数                     	: 0
2023-06-16T03:26:51.516Z	INFO	logger/zaplogger.go:125	============================== 自定义变量信息 ==============================
2023-06-16T03:26:51.516Z	INFO	logger/zaplogger.go:125	预埋阶段视频路数                      	: 1000
2023-06-16T03:26:51.516Z	INFO	logger/zaplogger.go:125	桶前缀                           	: 
2023-06-16T03:26:51.517Z	INFO	logger/zaplogger.go:125	对象前缀                          	: 
2023-06-16T03:26:51.517Z	INFO	logger/zaplogger.go:125	对象名序号长度                       	: 0
2023-06-16T03:26:51.517Z	INFO	logger/zaplogger.go:125	对象序号起始值                       	: 0
2023-06-16T03:31:51.487Z	WARN	logger/zaplogger.go:130	160000000000
2023-06-16T03:31:51.488Z	INFO	logger/zaplogger.go:125	计算分析数据模型/参数...
2023-06-16T03:31:51.488Z	INFO	logger/zaplogger.go:125	============================== 原始需求信息 ==============================
2023-06-16T03:31:51.488Z	INFO	logger/zaplogger.go:125	视频路数                          	: 1000
2023-06-16T03:31:51.488Z	INFO	logger/zaplogger.go:125	视频码流(Mbps)                    	: 4
2023-06-16T03:31:51.488Z	INFO	logger/zaplogger.go:125	保留期限(天)                       	: 0
2023-06-16T03:31:51.488Z	INFO	logger/zaplogger.go:125	源文件信息                         	: {      0  0 <nil>}
2023-06-16T03:31:51.488Z	INFO	logger/zaplogger.go:125	追加分片数                         	: 1
2023-06-16T03:31:51.488Z	INFO	logger/zaplogger.go:125	总容量                           	: 160 GB
2023-06-16T03:31:51.488Z	INFO	logger/zaplogger.go:125	安全水位                          	: 0.91
2023-06-16T03:31:51.488Z	INFO	logger/zaplogger.go:125	安全容量                          	: 146 GB
2023-06-16T03:31:51.488Z	INFO	logger/zaplogger.go:125	追加写模式                         	: false
2023-06-16T03:31:51.488Z	INFO	logger/zaplogger.go:125	非多段上传                         	: false
2023-06-16T03:31:51.488Z	INFO	logger/zaplogger.go:125	单桶模式                          	: false
2023-06-16T03:31:51.488Z	INFO	logger/zaplogger.go:125	============================== 数据模型信息 ==============================
2023-06-16T03:31:51.488Z	INFO	logger/zaplogger.go:125	总带宽(MiB/s)                    	: 500
2023-06-16T03:31:51.488Z	INFO	logger/zaplogger.go:125	桶数量                           	: 0
2023-06-16T03:31:51.489Z	INFO	logger/zaplogger.go:125	总对象数                          	: 145600004096
2023-06-16T03:31:51.489Z	INFO	logger/zaplogger.go:125	每路视频对象数                       	: 0
2023-06-16T03:31:51.489Z	INFO	logger/zaplogger.go:125	每天对象数                         	: 0
2023-06-16T03:31:51.489Z	INFO	logger/zaplogger.go:125	每路视频每天对象数                     	: 0
2023-06-16T03:31:51.489Z	INFO	logger/zaplogger.go:125	一个对象产生时间                      	: 0
2023-06-16T03:31:51.489Z	INFO	logger/zaplogger.go:125	一个分片产生时间                      	: 0
2023-06-16T03:31:51.489Z	INFO	logger/zaplogger.go:125	一路视频最大并行数                     	: 0
2023-06-16T03:31:51.489Z	INFO	logger/zaplogger.go:125	写删阶段每秒并行数                     	: 0
2023-06-16T03:31:51.489Z	INFO	logger/zaplogger.go:125	预埋阶段每秒并行数                     	: 0
2023-06-16T03:31:51.489Z	INFO	logger/zaplogger.go:125	============================== 自定义变量信息 ==============================
2023-06-16T03:31:51.489Z	INFO	logger/zaplogger.go:125	预埋阶段视频路数                      	: 1000
2023-06-16T03:31:51.489Z	INFO	logger/zaplogger.go:125	桶前缀                           	: 
2023-06-16T03:31:51.489Z	INFO	logger/zaplogger.go:125	对象前缀                          	: 
2023-06-16T03:31:51.489Z	INFO	logger/zaplogger.go:125	对象名序号长度                       	: 0
2023-06-16T03:31:51.489Z	INFO	logger/zaplogger.go:125	对象序号起始值                       	: 0
2023-06-16T03:31:53.522Z	WARN	logger/zaplogger.go:130	160000000000
2023-06-16T03:31:53.522Z	INFO	logger/zaplogger.go:125	计算分析数据模型/参数...
2023-06-16T03:31:53.522Z	INFO	logger/zaplogger.go:125	============================== 原始需求信息 ==============================
2023-06-16T03:31:53.522Z	INFO	logger/zaplogger.go:125	视频路数                          	: 1000
2023-06-16T03:31:53.522Z	INFO	logger/zaplogger.go:125	视频码流(Mbps)                    	: 4
2023-06-16T03:31:53.523Z	INFO	logger/zaplogger.go:125	保留期限(天)                       	: 0
2023-06-16T03:31:53.523Z	INFO	logger/zaplogger.go:125	源文件信息                         	: {      0  0 <nil>}
2023-06-16T03:31:53.523Z	INFO	logger/zaplogger.go:125	追加分片数                         	: 1
2023-06-16T03:31:53.523Z	INFO	logger/zaplogger.go:125	总容量                           	: 160 GB
2023-06-16T03:31:53.523Z	INFO	logger/zaplogger.go:125	安全水位                          	: 0.91
2023-06-16T03:31:53.523Z	INFO	logger/zaplogger.go:125	安全容量                          	: 146 GB
2023-06-16T03:31:53.523Z	INFO	logger/zaplogger.go:125	追加写模式                         	: false
2023-06-16T03:31:53.524Z	INFO	logger/zaplogger.go:125	非多段上传                         	: false
2023-06-16T03:31:53.524Z	INFO	logger/zaplogger.go:125	单桶模式                          	: false
2023-06-16T03:31:53.524Z	INFO	logger/zaplogger.go:125	============================== 数据模型信息 ==============================
2023-06-16T03:31:53.524Z	INFO	logger/zaplogger.go:125	总带宽(MiB/s)                    	: 500
2023-06-16T03:31:53.524Z	INFO	logger/zaplogger.go:125	桶数量                           	: 0
2023-06-16T03:31:53.524Z	INFO	logger/zaplogger.go:125	总对象数                          	: 145600004096
2023-06-16T03:31:53.524Z	INFO	logger/zaplogger.go:125	每路视频对象数                       	: 0
2023-06-16T03:31:53.524Z	INFO	logger/zaplogger.go:125	每天对象数                         	: 0
2023-06-16T03:31:53.524Z	INFO	logger/zaplogger.go:125	每路视频每天对象数                     	: 0
2023-06-16T03:31:53.524Z	INFO	logger/zaplogger.go:125	一个对象产生时间                      	: 0
2023-06-16T03:31:53.524Z	INFO	logger/zaplogger.go:125	一个分片产生时间                      	: 0
2023-06-16T03:31:53.524Z	INFO	logger/zaplogger.go:125	一路视频最大并行数                     	: 0
2023-06-16T03:31:53.524Z	INFO	logger/zaplogger.go:125	写删阶段每秒并行数                     	: 0
2023-06-16T03:31:53.524Z	INFO	logger/zaplogger.go:125	预埋阶段每秒并行数                     	: 0
2023-06-16T03:31:53.524Z	INFO	logger/zaplogger.go:125	============================== 自定义变量信息 ==============================
2023-06-16T03:31:53.524Z	INFO	logger/zaplogger.go:125	预埋阶段视频路数                      	: 1000
2023-06-16T03:31:53.524Z	INFO	logger/zaplogger.go:125	桶前缀                           	: 
2023-06-16T03:31:53.524Z	INFO	logger/zaplogger.go:125	对象前缀                          	: 
2023-06-16T03:31:53.524Z	INFO	logger/zaplogger.go:125	对象名序号长度                       	: 0
2023-06-16T03:31:53.524Z	INFO	logger/zaplogger.go:125	对象序号起始值                       	: 0
2023-06-16T03:32:15.196Z	WARN	logger/zaplogger.go:130	100000000000000
2023-06-16T03:32:15.196Z	INFO	logger/zaplogger.go:125	计算分析数据模型/参数...
2023-06-16T03:34:00.778Z	INFO	logger/zaplogger.go:125	============================== 原始需求信息 ==============================
2023-06-16T03:34:00.779Z	INFO	logger/zaplogger.go:125	视频路数                          	: 1
2023-06-16T03:34:00.779Z	INFO	logger/zaplogger.go:125	视频码流(Mbps)                    	: 4
2023-06-16T03:34:00.779Z	INFO	logger/zaplogger.go:125	保留期限(天)                       	: 2008
2023-06-16T03:34:00.779Z	INFO	logger/zaplogger.go:125	源文件信息                         	: {      0  0 <nil>}
2023-06-16T03:34:00.779Z	INFO	logger/zaplogger.go:125	追加分片数                         	: 1
2023-06-16T03:34:00.779Z	INFO	logger/zaplogger.go:125	总容量                           	: 100 TB
2023-06-16T03:34:00.779Z	INFO	logger/zaplogger.go:125	安全水位                          	: 0.91
2023-06-16T03:34:00.779Z	INFO	logger/zaplogger.go:125	安全容量                          	: 91 TB
2023-06-16T03:34:00.779Z	INFO	logger/zaplogger.go:125	追加写模式                         	: false
2023-06-16T03:34:00.779Z	INFO	logger/zaplogger.go:125	非多段上传                         	: false
2023-06-16T03:34:00.779Z	INFO	logger/zaplogger.go:125	单桶模式                          	: false
2023-06-16T03:34:00.779Z	INFO	logger/zaplogger.go:125	============================== 数据模型信息 ==============================
2023-06-16T03:34:00.779Z	INFO	logger/zaplogger.go:125	总带宽(MiB/s)                    	: 0.5
2023-06-16T03:34:00.779Z	INFO	logger/zaplogger.go:125	桶数量                           	: 0
2023-06-16T03:34:00.779Z	INFO	logger/zaplogger.go:125	总对象数                          	: 91000005459968
2023-06-16T03:34:00.779Z	INFO	logger/zaplogger.go:125	每路视频对象数                       	: 0
2023-06-16T03:34:00.779Z	INFO	logger/zaplogger.go:125	每天对象数                         	: 0
2023-06-16T03:34:00.779Z	INFO	logger/zaplogger.go:125	每路视频每天对象数                     	: 0
2023-06-16T03:34:00.779Z	INFO	logger/zaplogger.go:125	一个对象产生时间                      	: 0
2023-06-16T03:34:00.779Z	INFO	logger/zaplogger.go:125	一个分片产生时间                      	: 0
2023-06-16T03:34:00.779Z	INFO	logger/zaplogger.go:125	一路视频最大并行数                     	: 0
2023-06-16T03:34:00.779Z	INFO	logger/zaplogger.go:125	写删阶段每秒并行数                     	: 0
2023-06-16T03:34:00.779Z	INFO	logger/zaplogger.go:125	预埋阶段每秒并行数                     	: 0
2023-06-16T03:34:00.779Z	INFO	logger/zaplogger.go:125	============================== 自定义变量信息 ==============================
2023-06-16T03:34:00.779Z	INFO	logger/zaplogger.go:125	预埋阶段视频路数                      	: 1
2023-06-16T03:34:00.779Z	INFO	logger/zaplogger.go:125	桶前缀                           	: 
2023-06-16T03:34:00.779Z	INFO	logger/zaplogger.go:125	对象前缀                          	: 
2023-06-16T03:34:00.779Z	INFO	logger/zaplogger.go:125	对象名序号长度                       	: 0
2023-06-16T03:34:00.779Z	INFO	logger/zaplogger.go:125	对象序号起始值                       	: 0
2023-06-16T03:34:18.579Z	WARN	logger/zaplogger.go:130	160000000000
2023-06-16T03:34:18.580Z	INFO	logger/zaplogger.go:125	计算分析数据模型/参数...
2023-06-16T03:34:18.580Z	INFO	logger/zaplogger.go:125	============================== 原始需求信息 ==============================
2023-06-16T03:34:18.580Z	INFO	logger/zaplogger.go:125	视频路数                          	: 1000
2023-06-16T03:34:18.580Z	INFO	logger/zaplogger.go:125	视频码流(Mbps)                    	: 4
2023-06-16T03:34:18.580Z	INFO	logger/zaplogger.go:125	保留期限(天)                       	: 0
2023-06-16T03:34:18.580Z	INFO	logger/zaplogger.go:125	源文件信息                         	: {      0  0 <nil>}
2023-06-16T03:34:18.580Z	INFO	logger/zaplogger.go:125	追加分片数                         	: 1
2023-06-16T03:34:18.580Z	INFO	logger/zaplogger.go:125	总容量                           	: 160 GB
2023-06-16T03:34:18.580Z	INFO	logger/zaplogger.go:125	安全水位                          	: 0.91
2023-06-16T03:34:18.580Z	INFO	logger/zaplogger.go:125	安全容量                          	: 146 GB
2023-06-16T03:34:18.580Z	INFO	logger/zaplogger.go:125	追加写模式                         	: false
2023-06-16T03:34:18.580Z	INFO	logger/zaplogger.go:125	非多段上传                         	: false
2023-06-16T03:34:18.580Z	INFO	logger/zaplogger.go:125	单桶模式                          	: false
2023-06-16T03:34:18.580Z	INFO	logger/zaplogger.go:125	============================== 数据模型信息 ==============================
2023-06-16T03:34:18.580Z	INFO	logger/zaplogger.go:125	总带宽(MiB/s)                    	: 500
2023-06-16T03:34:18.580Z	INFO	logger/zaplogger.go:125	桶数量                           	: 0
2023-06-16T03:34:18.580Z	INFO	logger/zaplogger.go:125	总对象数                          	: 145600004096
2023-06-16T03:34:18.581Z	INFO	logger/zaplogger.go:125	每路视频对象数                       	: 0
2023-06-16T03:34:18.581Z	INFO	logger/zaplogger.go:125	每天对象数                         	: 0
2023-06-16T03:34:18.581Z	INFO	logger/zaplogger.go:125	每路视频每天对象数                     	: 0
2023-06-16T03:34:18.581Z	INFO	logger/zaplogger.go:125	一个对象产生时间                      	: 0
2023-06-16T03:34:18.581Z	INFO	logger/zaplogger.go:125	一个分片产生时间                      	: 0
2023-06-16T03:34:18.581Z	INFO	logger/zaplogger.go:125	一路视频最大并行数                     	: 0
2023-06-16T03:34:18.581Z	INFO	logger/zaplogger.go:125	写删阶段每秒并行数                     	: 0
2023-06-16T03:34:18.581Z	INFO	logger/zaplogger.go:125	预埋阶段每秒并行数                     	: 0
2023-06-16T03:34:18.581Z	INFO	logger/zaplogger.go:125	============================== 自定义变量信息 ==============================
2023-06-16T03:34:18.581Z	INFO	logger/zaplogger.go:125	预埋阶段视频路数                      	: 1000
2023-06-16T03:34:18.581Z	INFO	logger/zaplogger.go:125	桶前缀                           	: 
2023-06-16T03:34:18.581Z	INFO	logger/zaplogger.go:125	对象前缀                          	: 
2023-06-16T03:34:18.581Z	INFO	logger/zaplogger.go:125	对象名序号长度                       	: 0
2023-06-16T03:34:18.581Z	INFO	logger/zaplogger.go:125	对象序号起始值                       	: 0
2023-06-16T03:39:44.809Z	WARN	logger/zaplogger.go:130	160000000000
2023-06-16T03:39:44.809Z	INFO	logger/zaplogger.go:125	计算分析数据模型/参数...
2023-06-16T03:39:44.809Z	INFO	logger/zaplogger.go:125	============================== 原始需求信息 ==============================
2023-06-16T03:39:44.809Z	INFO	logger/zaplogger.go:125	视频路数                          	: 1000
2023-06-16T03:39:44.809Z	INFO	logger/zaplogger.go:125	视频码流(Mbps)                    	: 4
2023-06-16T03:39:44.809Z	INFO	logger/zaplogger.go:125	保留期限(天)                       	: 0
2023-06-16T03:39:44.809Z	INFO	logger/zaplogger.go:125	源文件信息                         	: {      0  0 <nil>}
2023-06-16T03:39:44.809Z	INFO	logger/zaplogger.go:125	追加分片数                         	: 1
2023-06-16T03:39:44.809Z	INFO	logger/zaplogger.go:125	总容量                           	: 160 GB
2023-06-16T03:39:44.809Z	INFO	logger/zaplogger.go:125	安全水位                          	: 0.91%
2023-06-16T03:39:44.809Z	INFO	logger/zaplogger.go:125	安全容量                          	: 146 GB
2023-06-16T03:39:44.809Z	INFO	logger/zaplogger.go:125	追加写模式                         	: false
2023-06-16T03:39:44.809Z	INFO	logger/zaplogger.go:125	非多段上传                         	: false
2023-06-16T03:39:44.809Z	INFO	logger/zaplogger.go:125	单桶模式                          	: false
2023-06-16T03:39:44.809Z	INFO	logger/zaplogger.go:125	============================== 数据模型信息 ==============================
2023-06-16T03:39:44.809Z	INFO	logger/zaplogger.go:125	总带宽(MiB/s)                    	: 500
2023-06-16T03:39:44.809Z	INFO	logger/zaplogger.go:125	桶数量                           	: 0
2023-06-16T03:39:44.809Z	INFO	logger/zaplogger.go:125	总对象数                          	: 145600004096
2023-06-16T03:39:44.809Z	INFO	logger/zaplogger.go:125	每路视频对象数                       	: 0
2023-06-16T03:39:44.809Z	INFO	logger/zaplogger.go:125	每天对象数                         	: 0
2023-06-16T03:39:44.809Z	INFO	logger/zaplogger.go:125	每路视频每天对象数                     	: 0
2023-06-16T03:39:44.809Z	INFO	logger/zaplogger.go:125	一个对象产生时间                      	: 0
2023-06-16T03:39:44.810Z	INFO	logger/zaplogger.go:125	一个分片产生时间                      	: 0
2023-06-16T03:39:44.810Z	INFO	logger/zaplogger.go:125	一路视频最大并行数                     	: 0
2023-06-16T03:39:44.810Z	INFO	logger/zaplogger.go:125	写删阶段每秒并行数                     	: 0
2023-06-16T03:39:44.810Z	INFO	logger/zaplogger.go:125	预埋阶段每秒并行数                     	: 0
2023-06-16T03:39:44.810Z	INFO	logger/zaplogger.go:125	============================== 自定义变量信息 ==============================
2023-06-16T03:39:44.810Z	INFO	logger/zaplogger.go:125	预埋阶段视频路数                      	: 1000
2023-06-16T03:39:44.810Z	INFO	logger/zaplogger.go:125	桶前缀                           	: 
2023-06-16T03:39:44.810Z	INFO	logger/zaplogger.go:125	对象前缀                          	: 
2023-06-16T03:39:44.810Z	INFO	logger/zaplogger.go:125	对象名序号长度                       	: 0
2023-06-16T03:39:44.810Z	INFO	logger/zaplogger.go:125	对象序号起始值                       	: 0
2023-06-16T03:39:58.976Z	WARN	logger/zaplogger.go:130	160000000000
2023-06-16T03:39:58.976Z	INFO	logger/zaplogger.go:125	计算分析数据模型/参数...
2023-06-16T03:39:58.976Z	INFO	logger/zaplogger.go:125	============================== 原始需求信息 ==============================
2023-06-16T03:39:58.976Z	INFO	logger/zaplogger.go:125	视频路数                          	: 1000
2023-06-16T03:39:58.976Z	INFO	logger/zaplogger.go:125	视频码流(Mbps)                    	: 4
2023-06-16T03:39:58.976Z	INFO	logger/zaplogger.go:125	保留期限(天)                       	: 0
2023-06-16T03:39:58.976Z	INFO	logger/zaplogger.go:125	源文件信息                         	: {      0  0 <nil>}
2023-06-16T03:39:58.977Z	INFO	logger/zaplogger.go:125	追加分片数                         	: 1
2023-06-16T03:39:58.977Z	INFO	logger/zaplogger.go:125	总容量                           	: 160 GB
2023-06-16T03:39:58.977Z	INFO	logger/zaplogger.go:125	安全水位                          	: 91%
2023-06-16T03:39:58.977Z	INFO	logger/zaplogger.go:125	安全容量                          	: 146 GB
2023-06-16T03:39:58.977Z	INFO	logger/zaplogger.go:125	追加写模式                         	: false
2023-06-16T03:39:58.977Z	INFO	logger/zaplogger.go:125	非多段上传                         	: false
2023-06-16T03:39:58.977Z	INFO	logger/zaplogger.go:125	单桶模式                          	: false
2023-06-16T03:39:58.977Z	INFO	logger/zaplogger.go:125	============================== 数据模型信息 ==============================
2023-06-16T03:39:58.977Z	INFO	logger/zaplogger.go:125	总带宽(MiB/s)                    	: 500
2023-06-16T03:39:58.977Z	INFO	logger/zaplogger.go:125	桶数量                           	: 0
2023-06-16T03:39:58.977Z	INFO	logger/zaplogger.go:125	总对象数                          	: 145600004096
2023-06-16T03:39:58.977Z	INFO	logger/zaplogger.go:125	每路视频对象数                       	: 0
2023-06-16T03:39:58.977Z	INFO	logger/zaplogger.go:125	每天对象数                         	: 0
2023-06-16T03:39:58.977Z	INFO	logger/zaplogger.go:125	每路视频每天对象数                     	: 0
2023-06-16T03:39:58.977Z	INFO	logger/zaplogger.go:125	一个对象产生时间                      	: 0
2023-06-16T03:39:58.977Z	INFO	logger/zaplogger.go:125	一个分片产生时间                      	: 0
2023-06-16T03:39:58.977Z	INFO	logger/zaplogger.go:125	一路视频最大并行数                     	: 0
2023-06-16T03:39:58.977Z	INFO	logger/zaplogger.go:125	写删阶段每秒并行数                     	: 0
2023-06-16T03:39:58.977Z	INFO	logger/zaplogger.go:125	预埋阶段每秒并行数                     	: 0
2023-06-16T03:39:58.977Z	INFO	logger/zaplogger.go:125	============================== 自定义变量信息 ==============================
2023-06-16T03:39:58.977Z	INFO	logger/zaplogger.go:125	预埋阶段视频路数                      	: 1000
2023-06-16T03:39:58.978Z	INFO	logger/zaplogger.go:125	桶前缀                           	: 
2023-06-16T03:39:58.978Z	INFO	logger/zaplogger.go:125	对象前缀                          	: 
2023-06-16T03:39:58.978Z	INFO	logger/zaplogger.go:125	对象名序号长度                       	: 0
2023-06-16T03:39:58.978Z	INFO	logger/zaplogger.go:125	对象序号起始值                       	: 0
2023-06-16T03:40:34.901Z	WARN	logger/zaplogger.go:130	160000000000
2023-06-16T03:40:34.901Z	INFO	logger/zaplogger.go:125	计算分析数据模型/参数...
2023-06-16T03:40:34.901Z	INFO	logger/zaplogger.go:125	============================== 原始需求信息 ==============================
2023-06-16T03:40:34.901Z	INFO	logger/zaplogger.go:125	视频路数                          	: 1000
2023-06-16T03:40:34.901Z	INFO	logger/zaplogger.go:125	视频码流(Mbps)                    	: 4
2023-06-16T03:40:34.901Z	INFO	logger/zaplogger.go:125	保留期限(天)                       	: 0
2023-06-16T03:40:34.901Z	INFO	logger/zaplogger.go:125	源文件信息                         	: {      0  0 <nil>}
2023-06-16T03:40:34.901Z	INFO	logger/zaplogger.go:125	追加分片数                         	: 1
2023-06-16T03:40:34.901Z	INFO	logger/zaplogger.go:125	总容量                           	: 160 GB
2023-06-16T03:40:34.901Z	INFO	logger/zaplogger.go:125	安全水位                          	: 91.2 %
2023-06-16T03:40:34.901Z	INFO	logger/zaplogger.go:125	安全容量                          	: 146 GB
2023-06-16T03:40:34.901Z	INFO	logger/zaplogger.go:125	追加写模式                         	: false
2023-06-16T03:40:34.901Z	INFO	logger/zaplogger.go:125	非多段上传                         	: false
2023-06-16T03:40:34.901Z	INFO	logger/zaplogger.go:125	单桶模式                          	: false
2023-06-16T03:40:34.901Z	INFO	logger/zaplogger.go:125	============================== 数据模型信息 ==============================
2023-06-16T03:40:34.902Z	INFO	logger/zaplogger.go:125	总带宽(MiB/s)                    	: 500
2023-06-16T03:40:34.902Z	INFO	logger/zaplogger.go:125	桶数量                           	: 0
2023-06-16T03:40:34.902Z	INFO	logger/zaplogger.go:125	总对象数                          	: 145920000000
2023-06-16T03:40:34.902Z	INFO	logger/zaplogger.go:125	每路视频对象数                       	: 0
2023-06-16T03:40:34.902Z	INFO	logger/zaplogger.go:125	每天对象数                         	: 0
2023-06-16T03:40:34.902Z	INFO	logger/zaplogger.go:125	每路视频每天对象数                     	: 0
2023-06-16T03:40:34.902Z	INFO	logger/zaplogger.go:125	一个对象产生时间                      	: 0
2023-06-16T03:40:34.902Z	INFO	logger/zaplogger.go:125	一个分片产生时间                      	: 0
2023-06-16T03:40:34.902Z	INFO	logger/zaplogger.go:125	一路视频最大并行数                     	: 0
2023-06-16T03:40:34.902Z	INFO	logger/zaplogger.go:125	写删阶段每秒并行数                     	: 0
2023-06-16T03:40:34.902Z	INFO	logger/zaplogger.go:125	预埋阶段每秒并行数                     	: 0
2023-06-16T03:40:34.902Z	INFO	logger/zaplogger.go:125	============================== 自定义变量信息 ==============================
2023-06-16T03:40:34.902Z	INFO	logger/zaplogger.go:125	预埋阶段视频路数                      	: 1000
2023-06-16T03:40:34.902Z	INFO	logger/zaplogger.go:125	桶前缀                           	: 
2023-06-16T03:40:34.902Z	INFO	logger/zaplogger.go:125	对象前缀                          	: 
2023-06-16T03:40:34.902Z	INFO	logger/zaplogger.go:125	对象名序号长度                       	: 0
2023-06-16T03:40:34.902Z	INFO	logger/zaplogger.go:125	对象序号起始值                       	: 0
2023-06-16T03:43:54.248Z	WARN	logger/zaplogger.go:130	160000000000
2023-06-16T03:43:54.248Z	INFO	logger/zaplogger.go:125	计算分析数据模型/参数...
2023-06-16T03:43:54.248Z	INFO	logger/zaplogger.go:125	============================== 原始需求信息 ==============================
2023-06-16T03:43:54.248Z	INFO	logger/zaplogger.go:125	视频路数                          	: 1000
2023-06-16T03:43:54.248Z	INFO	logger/zaplogger.go:125	视频码流(Mbps)                    	: 4
2023-06-16T03:43:54.248Z	INFO	logger/zaplogger.go:125	DataLife                      	: 0
2023-06-16T03:43:54.248Z	INFO	logger/zaplogger.go:125	源文件信息                         	: {      0  0 <nil>}
2023-06-16T03:43:54.248Z	INFO	logger/zaplogger.go:125	追加分片数                         	: 1
2023-06-16T03:43:54.248Z	INFO	logger/zaplogger.go:125	追加写模式                         	: false
2023-06-16T03:43:54.248Z	INFO	logger/zaplogger.go:125	非多段上传                         	: false
2023-06-16T03:43:54.248Z	INFO	logger/zaplogger.go:125	单桶模式                          	: false
2023-06-16T03:43:54.248Z	INFO	logger/zaplogger.go:125	保留期限(天)                       	: 0.000
2023-06-16T03:43:54.248Z	INFO	logger/zaplogger.go:125	总容量                           	: 160 GB
2023-06-16T03:43:54.248Z	INFO	logger/zaplogger.go:125	安全水位                          	: 91.2 %
2023-06-16T03:43:54.248Z	INFO	logger/zaplogger.go:125	安全容量                          	: 146 GB
2023-06-16T03:43:54.248Z	INFO	logger/zaplogger.go:125	============================== 数据模型信息 ==============================
2023-06-16T03:43:54.248Z	INFO	logger/zaplogger.go:125	总带宽(MiB/s)                    	: 500
2023-06-16T03:43:54.248Z	INFO	logger/zaplogger.go:125	桶数量                           	: 0
2023-06-16T03:43:54.248Z	INFO	logger/zaplogger.go:125	总对象数                          	: 145920000000
2023-06-16T03:43:54.249Z	INFO	logger/zaplogger.go:125	每路视频对象数                       	: 0
2023-06-16T03:43:54.249Z	INFO	logger/zaplogger.go:125	每天对象数                         	: 0
2023-06-16T03:43:54.249Z	INFO	logger/zaplogger.go:125	每路视频每天对象数                     	: 0
2023-06-16T03:43:54.249Z	INFO	logger/zaplogger.go:125	一个对象产生时间                      	: 0
2023-06-16T03:43:54.249Z	INFO	logger/zaplogger.go:125	一个分片产生时间                      	: 0
2023-06-16T03:43:54.249Z	INFO	logger/zaplogger.go:125	一路视频最大并行数                     	: 0
2023-06-16T03:43:54.249Z	INFO	logger/zaplogger.go:125	写删阶段每秒并行数                     	: 0
2023-06-16T03:43:54.249Z	INFO	logger/zaplogger.go:125	预埋阶段每秒并行数                     	: 0
2023-06-16T03:43:54.249Z	INFO	logger/zaplogger.go:125	============================== 自定义变量信息 ==============================
2023-06-16T03:43:54.249Z	INFO	logger/zaplogger.go:125	预埋阶段视频路数                      	: 1000
2023-06-16T03:43:54.249Z	INFO	logger/zaplogger.go:125	桶前缀                           	: 
2023-06-16T03:43:54.249Z	INFO	logger/zaplogger.go:125	对象前缀                          	: 
2023-06-16T03:43:54.249Z	INFO	logger/zaplogger.go:125	对象名序号长度                       	: 0
2023-06-16T03:43:54.249Z	INFO	logger/zaplogger.go:125	对象序号起始值                       	: 0
2023-06-16T03:44:25.829Z	WARN	logger/zaplogger.go:130	160000000000
2023-06-16T03:44:25.830Z	INFO	logger/zaplogger.go:125	计算分析数据模型/参数...
2023-06-16T03:44:25.830Z	INFO	logger/zaplogger.go:125	============================== 原始需求信息 ==============================
2023-06-16T03:44:25.830Z	INFO	logger/zaplogger.go:125	视频路数                          	: 1000
2023-06-16T03:44:25.830Z	INFO	logger/zaplogger.go:125	视频码流(Mbps)                    	: 4
2023-06-16T03:44:25.830Z	INFO	logger/zaplogger.go:125	源文件信息                         	: {      0  0 <nil>}
2023-06-16T03:44:25.830Z	INFO	logger/zaplogger.go:125	追加分片数                         	: 1
2023-06-16T03:44:25.830Z	INFO	logger/zaplogger.go:125	追加写模式                         	: false
2023-06-16T03:44:25.830Z	INFO	logger/zaplogger.go:125	非多段上传                         	: false
2023-06-16T03:44:25.830Z	INFO	logger/zaplogger.go:125	单桶模式                          	: false
2023-06-16T03:44:25.830Z	INFO	logger/zaplogger.go:125	保留期限(天)                       	: 0.000
2023-06-16T03:44:25.830Z	INFO	logger/zaplogger.go:125	总容量                           	: 160 GB
2023-06-16T03:44:25.830Z	INFO	logger/zaplogger.go:125	安全水位                          	: 91.2 %
2023-06-16T03:44:25.830Z	INFO	logger/zaplogger.go:125	安全容量                          	: 146 GB
2023-06-16T03:44:25.830Z	INFO	logger/zaplogger.go:125	============================== 数据模型信息 ==============================
2023-06-16T03:44:25.830Z	INFO	logger/zaplogger.go:125	总带宽(MiB/s)                    	: 500
2023-06-16T03:44:25.830Z	INFO	logger/zaplogger.go:125	桶数量                           	: 0
2023-06-16T03:44:25.830Z	INFO	logger/zaplogger.go:125	总对象数                          	: 145920000000
2023-06-16T03:44:25.830Z	INFO	logger/zaplogger.go:125	每路视频对象数                       	: 0
2023-06-16T03:44:25.830Z	INFO	logger/zaplogger.go:125	每天对象数                         	: 0
2023-06-16T03:44:25.831Z	INFO	logger/zaplogger.go:125	每路视频每天对象数                     	: 0
2023-06-16T03:44:25.831Z	INFO	logger/zaplogger.go:125	一个对象产生时间                      	: 0
2023-06-16T03:44:25.831Z	INFO	logger/zaplogger.go:125	一个分片产生时间                      	: 0
2023-06-16T03:44:25.831Z	INFO	logger/zaplogger.go:125	一路视频最大并行数                     	: 0
2023-06-16T03:44:25.831Z	INFO	logger/zaplogger.go:125	写删阶段每秒并行数                     	: 0
2023-06-16T03:44:25.831Z	INFO	logger/zaplogger.go:125	预埋阶段每秒并行数                     	: 0
2023-06-16T03:44:25.831Z	INFO	logger/zaplogger.go:125	============================== 自定义变量信息 ==============================
2023-06-16T03:44:25.831Z	INFO	logger/zaplogger.go:125	预埋阶段视频路数                      	: 1000
2023-06-16T03:44:25.831Z	INFO	logger/zaplogger.go:125	桶前缀                           	: 
2023-06-16T03:44:25.831Z	INFO	logger/zaplogger.go:125	对象前缀                          	: 
2023-06-16T03:44:25.831Z	INFO	logger/zaplogger.go:125	对象名序号长度                       	: 0
2023-06-16T03:44:25.831Z	INFO	logger/zaplogger.go:125	对象序号起始值                       	: 0
2023-06-16T03:54:30.837Z	WARN	logger/zaplogger.go:130	160000000000
2023-06-16T03:54:30.838Z	INFO	logger/zaplogger.go:125	计算分析数据模型/参数...
2023-06-16T03:54:30.838Z	INFO	logger/zaplogger.go:125	============================== 原始需求信息 ==============================
2023-06-16T03:54:30.838Z	INFO	logger/zaplogger.go:125	视频路数                          	: 1000
2023-06-16T03:54:30.838Z	INFO	logger/zaplogger.go:125	视频码流(Mbps)                    	: 4
2023-06-16T03:54:30.838Z	INFO	logger/zaplogger.go:125	源文件信息                         	: {      0  0 <nil>}
2023-06-16T03:54:30.838Z	INFO	logger/zaplogger.go:125	追加分片数                         	: 1
2023-06-16T03:54:30.838Z	INFO	logger/zaplogger.go:125	追加写模式                         	: false
2023-06-16T03:54:30.838Z	INFO	logger/zaplogger.go:125	非多段上传                         	: false
2023-06-16T03:54:30.839Z	INFO	logger/zaplogger.go:125	单桶模式                          	: false
2023-06-16T03:54:30.839Z	INFO	logger/zaplogger.go:125	保留期限(天)                       	: 0.000
2023-06-16T03:54:30.839Z	INFO	logger/zaplogger.go:125	总容量                           	: 160 GB
2023-06-16T03:54:30.839Z	INFO	logger/zaplogger.go:125	安全水位                          	: 91.2 %
2023-06-16T03:54:30.839Z	INFO	logger/zaplogger.go:125	安全容量                          	: 146 GB
2023-06-16T03:54:30.839Z	INFO	logger/zaplogger.go:125	============================== 数据模型信息 ==============================
2023-06-16T03:54:30.839Z	INFO	logger/zaplogger.go:125	总带宽(MiB/s)                    	: 500
2023-06-16T03:54:30.839Z	INFO	logger/zaplogger.go:125	桶数量                           	: 0
2023-06-16T03:54:30.839Z	INFO	logger/zaplogger.go:125	总对象数                          	: 145920000000
2023-06-16T03:54:30.839Z	INFO	logger/zaplogger.go:125	每路视频对象数                       	: 0
2023-06-16T03:54:30.839Z	INFO	logger/zaplogger.go:125	每天对象数                         	: 0
2023-06-16T03:54:30.839Z	INFO	logger/zaplogger.go:125	每路视频每天对象数                     	: 0
2023-06-16T03:54:30.839Z	INFO	logger/zaplogger.go:125	一个对象产生时间                      	: 0
2023-06-16T03:54:30.839Z	INFO	logger/zaplogger.go:125	一个分片产生时间                      	: 0
2023-06-16T03:54:30.839Z	INFO	logger/zaplogger.go:125	一路视频最大并行数                     	: 0
2023-06-16T03:54:30.840Z	INFO	logger/zaplogger.go:125	写删阶段每秒并行数                     	: 0
2023-06-16T03:54:30.840Z	INFO	logger/zaplogger.go:125	预埋阶段每秒并行数                     	: 0
2023-06-16T03:54:30.840Z	INFO	logger/zaplogger.go:125	============================== 自定义变量信息 ==============================
2023-06-16T03:54:30.840Z	INFO	logger/zaplogger.go:125	预埋阶段视频路数                      	: 1000
2023-06-16T03:54:30.840Z	INFO	logger/zaplogger.go:125	桶前缀                           	: 
2023-06-16T03:54:30.840Z	INFO	logger/zaplogger.go:125	对象前缀                          	: 
2023-06-16T03:54:30.840Z	INFO	logger/zaplogger.go:125	对象名序号长度                       	: 0
2023-06-16T03:54:30.840Z	INFO	logger/zaplogger.go:125	对象序号起始值                       	: 0
2023-06-16T03:55:42.559Z	WARN	logger/zaplogger.go:130	160000000000
2023-06-16T03:55:42.560Z	INFO	logger/zaplogger.go:125	计算分析数据模型/参数...
2023-06-16T03:55:42.560Z	WARN	logger/zaplogger.go:130	0
2023-06-16T03:55:42.560Z	INFO	logger/zaplogger.go:125	============================== 原始需求信息 ==============================
2023-06-16T03:55:42.560Z	INFO	logger/zaplogger.go:125	视频路数                          	: 1000
2023-06-16T03:55:42.560Z	INFO	logger/zaplogger.go:125	视频码流(Mbps)                    	: 4
2023-06-16T03:55:42.560Z	INFO	logger/zaplogger.go:125	源文件信息                         	: {      0  0 <nil>}
2023-06-16T03:55:42.560Z	INFO	logger/zaplogger.go:125	追加分片数                         	: 1
2023-06-16T03:55:42.560Z	INFO	logger/zaplogger.go:125	追加写模式                         	: false
2023-06-16T03:55:42.560Z	INFO	logger/zaplogger.go:125	非多段上传                         	: false
2023-06-16T03:55:42.560Z	INFO	logger/zaplogger.go:125	单桶模式                          	: false
2023-06-16T03:55:42.560Z	INFO	logger/zaplogger.go:125	保留期限(天)                       	: 0.000
2023-06-16T03:55:42.560Z	INFO	logger/zaplogger.go:125	总容量                           	: 160 GB
2023-06-16T03:55:42.560Z	INFO	logger/zaplogger.go:125	安全水位                          	: 91.2 %
2023-06-16T03:55:42.560Z	INFO	logger/zaplogger.go:125	安全容量                          	: 146 GB
2023-06-16T03:55:42.560Z	INFO	logger/zaplogger.go:125	============================== 数据模型信息 ==============================
2023-06-16T03:55:42.560Z	INFO	logger/zaplogger.go:125	总带宽(MiB/s)                    	: 500
2023-06-16T03:55:42.560Z	INFO	logger/zaplogger.go:125	桶数量                           	: 0
2023-06-16T03:55:42.560Z	INFO	logger/zaplogger.go:125	总对象数                          	: 145920000000
2023-06-16T03:55:42.560Z	INFO	logger/zaplogger.go:125	每路视频对象数                       	: 0
2023-06-16T03:55:42.560Z	INFO	logger/zaplogger.go:125	每天对象数                         	: 0
2023-06-16T03:55:42.560Z	INFO	logger/zaplogger.go:125	每路视频每天对象数                     	: 0
2023-06-16T03:55:42.560Z	INFO	logger/zaplogger.go:125	一个对象产生时间                      	: 0
2023-06-16T03:55:42.561Z	INFO	logger/zaplogger.go:125	一个分片产生时间                      	: 0
2023-06-16T03:55:42.561Z	INFO	logger/zaplogger.go:125	一路视频最大并行数                     	: 0
2023-06-16T03:55:42.561Z	INFO	logger/zaplogger.go:125	写删阶段每秒并行数                     	: 0
2023-06-16T03:55:42.561Z	INFO	logger/zaplogger.go:125	预埋阶段每秒并行数                     	: 0
2023-06-16T03:55:42.561Z	INFO	logger/zaplogger.go:125	============================== 自定义变量信息 ==============================
2023-06-16T03:55:42.561Z	INFO	logger/zaplogger.go:125	预埋阶段视频路数                      	: 1000
2023-06-16T03:55:42.561Z	INFO	logger/zaplogger.go:125	桶前缀                           	: 
2023-06-16T03:55:42.561Z	INFO	logger/zaplogger.go:125	对象前缀                          	: 
2023-06-16T03:55:42.561Z	INFO	logger/zaplogger.go:125	对象名序号长度                       	: 0
2023-06-16T03:55:42.561Z	INFO	logger/zaplogger.go:125	对象序号起始值                       	: 0
2023-06-16T03:56:14.236Z	WARN	logger/zaplogger.go:130	160000000000
2023-06-16T03:56:14.236Z	INFO	logger/zaplogger.go:125	计算分析数据模型/参数...
2023-06-16T03:56:14.236Z	WARN	logger/zaplogger.go:130	0
2023-06-16T03:56:14.236Z	INFO	logger/zaplogger.go:125	============================== 原始需求信息 ==============================
2023-06-16T03:56:14.236Z	INFO	logger/zaplogger.go:125	视频路数                          	: 1000
2023-06-16T03:56:14.236Z	INFO	logger/zaplogger.go:125	视频码流(Mbps)                    	: 4
2023-06-16T03:56:14.236Z	INFO	logger/zaplogger.go:125	源文件信息                         	: {      0  0 <nil>}
2023-06-16T03:56:14.236Z	INFO	logger/zaplogger.go:125	追加分片数                         	: 1
2023-06-16T03:56:14.236Z	INFO	logger/zaplogger.go:125	追加写模式                         	: false
2023-06-16T03:56:14.236Z	INFO	logger/zaplogger.go:125	非多段上传                         	: false
2023-06-16T03:56:14.236Z	INFO	logger/zaplogger.go:125	单桶模式                          	: false
2023-06-16T03:56:14.236Z	INFO	logger/zaplogger.go:125	保留期限(天)                       	: 0.000
2023-06-16T03:56:14.236Z	INFO	logger/zaplogger.go:125	总容量                           	: 160 GB
2023-06-16T03:56:14.236Z	INFO	logger/zaplogger.go:125	安全水位                          	: 91.2 %
2023-06-16T03:56:14.236Z	INFO	logger/zaplogger.go:125	安全容量                          	: 146 GB
2023-06-16T03:56:14.236Z	INFO	logger/zaplogger.go:125	============================== 数据模型信息 ==============================
2023-06-16T03:56:14.236Z	INFO	logger/zaplogger.go:125	总带宽(MiB/s)                    	: 500
2023-06-16T03:56:14.236Z	INFO	logger/zaplogger.go:125	桶数量                           	: 0
2023-06-16T03:56:14.236Z	INFO	logger/zaplogger.go:125	总对象数                          	: 145920000000
2023-06-16T03:56:14.236Z	INFO	logger/zaplogger.go:125	每路视频对象数                       	: 0
2023-06-16T03:56:14.236Z	INFO	logger/zaplogger.go:125	每天对象数                         	: 0
2023-06-16T03:56:14.237Z	INFO	logger/zaplogger.go:125	每路视频每天对象数                     	: 0
2023-06-16T03:56:14.237Z	INFO	logger/zaplogger.go:125	一个对象产生时间                      	: 0
2023-06-16T03:56:14.237Z	INFO	logger/zaplogger.go:125	一个分片产生时间                      	: 0
2023-06-16T03:56:14.237Z	INFO	logger/zaplogger.go:125	一路视频最大并行数                     	: 0
2023-06-16T03:56:14.237Z	INFO	logger/zaplogger.go:125	写删阶段每秒并行数                     	: 0
2023-06-16T03:56:14.237Z	INFO	logger/zaplogger.go:125	预埋阶段每秒并行数                     	: 0
2023-06-16T03:56:14.237Z	INFO	logger/zaplogger.go:125	============================== 自定义变量信息 ==============================
2023-06-16T03:56:14.237Z	INFO	logger/zaplogger.go:125	预埋阶段视频路数                      	: 1000
2023-06-16T03:56:14.237Z	INFO	logger/zaplogger.go:125	桶前缀                           	: 
2023-06-16T03:56:14.237Z	INFO	logger/zaplogger.go:125	对象前缀                          	: 
2023-06-16T03:56:14.237Z	INFO	logger/zaplogger.go:125	对象名序号长度                       	: 0
2023-06-16T03:56:14.237Z	INFO	logger/zaplogger.go:125	对象序号起始值                       	: 0
2023-06-16T03:56:35.144Z	WARN	logger/zaplogger.go:130	160000000000
2023-06-16T03:56:35.144Z	INFO	logger/zaplogger.go:125	计算分析数据模型/参数...
2023-06-16T03:56:35.144Z	WARN	logger/zaplogger.go:130	145920000000
2023-06-16T03:56:35.144Z	WARN	logger/zaplogger.go:130	4.5298483e+13
2023-06-16T03:56:35.144Z	INFO	logger/zaplogger.go:125	============================== 原始需求信息 ==============================
2023-06-16T03:56:35.144Z	INFO	logger/zaplogger.go:125	视频路数                          	: 1000
2023-06-16T03:56:35.144Z	INFO	logger/zaplogger.go:125	视频码流(Mbps)                    	: 4
2023-06-16T03:56:35.144Z	INFO	logger/zaplogger.go:125	源文件信息                         	: {      0  0 <nil>}
2023-06-16T03:56:35.144Z	INFO	logger/zaplogger.go:125	追加分片数                         	: 1
2023-06-16T03:56:35.144Z	INFO	logger/zaplogger.go:125	追加写模式                         	: false
2023-06-16T03:56:35.145Z	INFO	logger/zaplogger.go:125	非多段上传                         	: false
2023-06-16T03:56:35.145Z	INFO	logger/zaplogger.go:125	单桶模式                          	: false
2023-06-16T03:56:35.145Z	INFO	logger/zaplogger.go:125	保留期限(天)                       	: 0.000
2023-06-16T03:56:35.145Z	INFO	logger/zaplogger.go:125	总容量                           	: 160 GB
2023-06-16T03:56:35.145Z	INFO	logger/zaplogger.go:125	安全水位                          	: 91.2 %
2023-06-16T03:56:35.145Z	INFO	logger/zaplogger.go:125	安全容量                          	: 146 GB
2023-06-16T03:56:35.145Z	INFO	logger/zaplogger.go:125	============================== 数据模型信息 ==============================
2023-06-16T03:56:35.145Z	INFO	logger/zaplogger.go:125	总带宽(MiB/s)                    	: 500
2023-06-16T03:56:35.145Z	INFO	logger/zaplogger.go:125	桶数量                           	: 0
2023-06-16T03:56:35.145Z	INFO	logger/zaplogger.go:125	总对象数                          	: 145920000000
2023-06-16T03:56:35.145Z	INFO	logger/zaplogger.go:125	每路视频对象数                       	: 0
2023-06-16T03:56:35.145Z	INFO	logger/zaplogger.go:125	每天对象数                         	: 0
2023-06-16T03:56:35.145Z	INFO	logger/zaplogger.go:125	每路视频每天对象数                     	: 0
2023-06-16T03:56:35.145Z	INFO	logger/zaplogger.go:125	一个对象产生时间                      	: 0
2023-06-16T03:56:35.145Z	INFO	logger/zaplogger.go:125	一个分片产生时间                      	: 0
2023-06-16T03:56:35.145Z	INFO	logger/zaplogger.go:125	一路视频最大并行数                     	: 0
2023-06-16T03:56:35.145Z	INFO	logger/zaplogger.go:125	写删阶段每秒并行数                     	: 0
2023-06-16T03:56:35.145Z	INFO	logger/zaplogger.go:125	预埋阶段每秒并行数                     	: 0
2023-06-16T03:56:35.145Z	INFO	logger/zaplogger.go:125	============================== 自定义变量信息 ==============================
2023-06-16T03:56:35.145Z	INFO	logger/zaplogger.go:125	预埋阶段视频路数                      	: 1000
2023-06-16T03:56:35.145Z	INFO	logger/zaplogger.go:125	桶前缀                           	: 
2023-06-16T03:56:35.145Z	INFO	logger/zaplogger.go:125	对象前缀                          	: 
2023-06-16T03:56:35.145Z	INFO	logger/zaplogger.go:125	对象名序号长度                       	: 0
2023-06-16T03:56:35.145Z	INFO	logger/zaplogger.go:125	对象序号起始值                       	: 0
2023-06-16T03:57:15.849Z	WARN	logger/zaplogger.go:130	160000000000
2023-06-16T03:57:15.849Z	INFO	logger/zaplogger.go:125	计算分析数据模型/参数...
2023-06-16T03:57:15.849Z	WARN	logger/zaplogger.go:130	145920000000
2023-06-16T03:57:15.849Z	WARN	logger/zaplogger.go:130	500
2023-06-16T03:57:15.849Z	WARN	logger/zaplogger.go:130	4.5298483e+13
2023-06-16T03:57:15.849Z	INFO	logger/zaplogger.go:125	============================== 原始需求信息 ==============================
2023-06-16T03:57:15.849Z	INFO	logger/zaplogger.go:125	视频路数                          	: 1000
2023-06-16T03:57:15.849Z	INFO	logger/zaplogger.go:125	视频码流(Mbps)                    	: 4
2023-06-16T03:57:15.849Z	INFO	logger/zaplogger.go:125	源文件信息                         	: {      0  0 <nil>}
2023-06-16T03:57:15.849Z	INFO	logger/zaplogger.go:125	追加分片数                         	: 1
2023-06-16T03:57:15.849Z	INFO	logger/zaplogger.go:125	追加写模式                         	: false
2023-06-16T03:57:15.849Z	INFO	logger/zaplogger.go:125	非多段上传                         	: false
2023-06-16T03:57:15.849Z	INFO	logger/zaplogger.go:125	单桶模式                          	: false
2023-06-16T03:57:15.849Z	INFO	logger/zaplogger.go:125	保留期限(天)                       	: 0.000
2023-06-16T03:57:15.849Z	INFO	logger/zaplogger.go:125	总容量                           	: 160 GB
2023-06-16T03:57:15.849Z	INFO	logger/zaplogger.go:125	安全水位                          	: 91.2 %
2023-06-16T03:57:15.850Z	INFO	logger/zaplogger.go:125	安全容量                          	: 146 GB
2023-06-16T03:57:15.850Z	INFO	logger/zaplogger.go:125	============================== 数据模型信息 ==============================
2023-06-16T03:57:15.850Z	INFO	logger/zaplogger.go:125	总带宽(MiB/s)                    	: 500
2023-06-16T03:57:15.850Z	INFO	logger/zaplogger.go:125	桶数量                           	: 0
2023-06-16T03:57:15.850Z	INFO	logger/zaplogger.go:125	总对象数                          	: 145920000000
2023-06-16T03:57:15.850Z	INFO	logger/zaplogger.go:125	每路视频对象数                       	: 0
2023-06-16T03:57:15.850Z	INFO	logger/zaplogger.go:125	每天对象数                         	: 0
2023-06-16T03:57:15.850Z	INFO	logger/zaplogger.go:125	每路视频每天对象数                     	: 0
2023-06-16T03:57:15.850Z	INFO	logger/zaplogger.go:125	一个对象产生时间                      	: 0
2023-06-16T03:57:15.850Z	INFO	logger/zaplogger.go:125	一个分片产生时间                      	: 0
2023-06-16T03:57:15.850Z	INFO	logger/zaplogger.go:125	一路视频最大并行数                     	: 0
2023-06-16T03:57:15.850Z	INFO	logger/zaplogger.go:125	写删阶段每秒并行数                     	: 0
2023-06-16T03:57:15.850Z	INFO	logger/zaplogger.go:125	预埋阶段每秒并行数                     	: 0
2023-06-16T03:57:15.850Z	INFO	logger/zaplogger.go:125	============================== 自定义变量信息 ==============================
2023-06-16T03:57:15.850Z	INFO	logger/zaplogger.go:125	预埋阶段视频路数                      	: 1000
2023-06-16T03:57:15.850Z	INFO	logger/zaplogger.go:125	桶前缀                           	: 
2023-06-16T03:57:15.850Z	INFO	logger/zaplogger.go:125	对象前缀                          	: 
2023-06-16T03:57:15.850Z	INFO	logger/zaplogger.go:125	对象名序号长度                       	: 0
2023-06-16T03:57:15.850Z	INFO	logger/zaplogger.go:125	对象序号起始值                       	: 0
2023-06-16T04:05:56.114Z	WARN	logger/zaplogger.go:130	160000000000000
2023-06-16T04:05:56.114Z	INFO	logger/zaplogger.go:125	计算分析数据模型/参数...
2023-06-16T04:05:56.114Z	WARN	logger/zaplogger.go:130	145920003932160
2023-06-16T04:05:56.114Z	WARN	logger/zaplogger.go:130	500
2023-06-16T04:05:56.114Z	WARN	logger/zaplogger.go:130	4.5298483e+13
2023-06-16T04:05:56.114Z	INFO	logger/zaplogger.go:125	============================== 原始需求信息 ==============================
2023-06-16T04:05:56.114Z	INFO	logger/zaplogger.go:125	视频路数                          	: 1000
2023-06-16T04:05:56.114Z	INFO	logger/zaplogger.go:125	视频码流(Mbps)                    	: 4
2023-06-16T04:05:56.114Z	INFO	logger/zaplogger.go:125	源文件信息                         	: {      0  0 <nil>}
2023-06-16T04:05:56.114Z	INFO	logger/zaplogger.go:125	追加分片数                         	: 1
2023-06-16T04:05:56.114Z	INFO	logger/zaplogger.go:125	追加写模式                         	: false
2023-06-16T04:05:56.114Z	INFO	logger/zaplogger.go:125	非多段上传                         	: false
2023-06-16T04:05:56.114Z	INFO	logger/zaplogger.go:125	单桶模式                          	: false
2023-06-16T04:05:56.114Z	INFO	logger/zaplogger.go:125	保留期限(天)                       	: 3.000
2023-06-16T04:05:56.114Z	INFO	logger/zaplogger.go:125	总容量                           	: 160 TB
2023-06-16T04:05:56.114Z	INFO	logger/zaplogger.go:125	安全水位                          	: 91.2 %
2023-06-16T04:05:56.114Z	INFO	logger/zaplogger.go:125	安全容量                          	: 146 TB
2023-06-16T04:05:56.114Z	INFO	logger/zaplogger.go:125	============================== 数据模型信息 ==============================
2023-06-16T04:05:56.114Z	INFO	logger/zaplogger.go:125	总带宽(MiB/s)                    	: 500
2023-06-16T04:05:56.114Z	INFO	logger/zaplogger.go:125	桶数量                           	: 0
2023-06-16T04:05:56.115Z	INFO	logger/zaplogger.go:125	总对象数                          	: 145920003932160
2023-06-16T04:05:56.115Z	INFO	logger/zaplogger.go:125	每路视频对象数                       	: 0
2023-06-16T04:05:56.115Z	INFO	logger/zaplogger.go:125	每天对象数                         	: 0
2023-06-16T04:05:56.115Z	INFO	logger/zaplogger.go:125	每路视频每天对象数                     	: 0
2023-06-16T04:05:56.115Z	INFO	logger/zaplogger.go:125	一个对象产生时间                      	: 0
2023-06-16T04:05:56.115Z	INFO	logger/zaplogger.go:125	一个分片产生时间                      	: 0
2023-06-16T04:05:56.115Z	INFO	logger/zaplogger.go:125	一路视频最大并行数                     	: 0
2023-06-16T04:05:56.115Z	INFO	logger/zaplogger.go:125	写删阶段每秒并行数                     	: 0
2023-06-16T04:05:56.115Z	INFO	logger/zaplogger.go:125	预埋阶段每秒并行数                     	: 0
2023-06-16T04:05:56.115Z	INFO	logger/zaplogger.go:125	============================== 自定义变量信息 ==============================
2023-06-16T04:05:56.115Z	INFO	logger/zaplogger.go:125	预埋阶段视频路数                      	: 1000
2023-06-16T04:05:56.115Z	INFO	logger/zaplogger.go:125	桶前缀                           	: 
2023-06-16T04:05:56.115Z	INFO	logger/zaplogger.go:125	对象前缀                          	: 
2023-06-16T04:05:56.115Z	INFO	logger/zaplogger.go:125	对象名序号长度                       	: 0
2023-06-16T04:05:56.115Z	INFO	logger/zaplogger.go:125	对象序号起始值                       	: 0
2023-06-16T04:06:59.760Z	WARN	logger/zaplogger.go:130	160000000000000
2023-06-16T04:06:59.760Z	INFO	logger/zaplogger.go:125	计算分析数据模型/参数...
2023-06-16T04:06:59.760Z	WARN	logger/zaplogger.go:130	3
2023-06-16T04:06:59.760Z	INFO	logger/zaplogger.go:125	============================== 原始需求信息 ==============================
2023-06-16T04:06:59.760Z	INFO	logger/zaplogger.go:125	视频路数                          	: 1000
2023-06-16T04:06:59.760Z	INFO	logger/zaplogger.go:125	视频码流(Mbps)                    	: 4
2023-06-16T04:06:59.760Z	INFO	logger/zaplogger.go:125	源文件信息                         	: {      0  0 <nil>}
2023-06-16T04:06:59.760Z	INFO	logger/zaplogger.go:125	追加分片数                         	: 1
2023-06-16T04:06:59.760Z	INFO	logger/zaplogger.go:125	追加写模式                         	: false
2023-06-16T04:06:59.760Z	INFO	logger/zaplogger.go:125	非多段上传                         	: false
2023-06-16T04:06:59.760Z	INFO	logger/zaplogger.go:125	单桶模式                          	: false
2023-06-16T04:06:59.761Z	INFO	logger/zaplogger.go:125	保留期限(天)                       	: 3.000
2023-06-16T04:06:59.761Z	INFO	logger/zaplogger.go:125	总容量                           	: 160 TB
2023-06-16T04:06:59.761Z	INFO	logger/zaplogger.go:125	安全水位                          	: 91.2 %
2023-06-16T04:06:59.761Z	INFO	logger/zaplogger.go:125	安全容量                          	: 146 TB
2023-06-16T04:06:59.761Z	INFO	logger/zaplogger.go:125	============================== 数据模型信息 ==============================
2023-06-16T04:06:59.761Z	INFO	logger/zaplogger.go:125	总带宽(MiB/s)                    	: 500
2023-06-16T04:06:59.761Z	INFO	logger/zaplogger.go:125	桶数量                           	: 0
2023-06-16T04:06:59.761Z	INFO	logger/zaplogger.go:125	总对象数                          	: 145920003932160
2023-06-16T04:06:59.761Z	INFO	logger/zaplogger.go:125	每路视频对象数                       	: 0
2023-06-16T04:06:59.761Z	INFO	logger/zaplogger.go:125	每天对象数                         	: 0
2023-06-16T04:06:59.761Z	INFO	logger/zaplogger.go:125	每路视频每天对象数                     	: 0
2023-06-16T04:06:59.761Z	INFO	logger/zaplogger.go:125	一个对象产生时间                      	: 0
2023-06-16T04:06:59.761Z	INFO	logger/zaplogger.go:125	一个分片产生时间                      	: 0
2023-06-16T04:06:59.761Z	INFO	logger/zaplogger.go:125	一路视频最大并行数                     	: 0
2023-06-16T04:06:59.761Z	INFO	logger/zaplogger.go:125	写删阶段每秒并行数                     	: 0
2023-06-16T04:06:59.761Z	INFO	logger/zaplogger.go:125	预埋阶段每秒并行数                     	: 0
2023-06-16T04:06:59.761Z	INFO	logger/zaplogger.go:125	============================== 自定义变量信息 ==============================
2023-06-16T04:06:59.761Z	INFO	logger/zaplogger.go:125	预埋阶段视频路数                      	: 1000
2023-06-16T04:06:59.761Z	INFO	logger/zaplogger.go:125	桶前缀                           	: 
2023-06-16T04:06:59.761Z	INFO	logger/zaplogger.go:125	对象前缀                          	: 
2023-06-16T04:06:59.761Z	INFO	logger/zaplogger.go:125	对象名序号长度                       	: 0
2023-06-16T04:06:59.761Z	INFO	logger/zaplogger.go:125	对象序号起始值                       	: 0
2023-06-16T04:07:23.615Z	WARN	logger/zaplogger.go:130	162000000000000
2023-06-16T04:07:23.615Z	INFO	logger/zaplogger.go:125	计算分析数据模型/参数...
2023-06-16T04:07:23.616Z	WARN	logger/zaplogger.go:130	3
2023-06-16T04:07:23.616Z	INFO	logger/zaplogger.go:125	============================== 原始需求信息 ==============================
2023-06-16T04:07:23.616Z	INFO	logger/zaplogger.go:125	视频路数                          	: 1000
2023-06-16T04:07:23.616Z	INFO	logger/zaplogger.go:125	视频码流(Mbps)                    	: 4
2023-06-16T04:07:23.616Z	INFO	logger/zaplogger.go:125	源文件信息                         	: {      0  0 <nil>}
2023-06-16T04:07:23.616Z	INFO	logger/zaplogger.go:125	追加分片数                         	: 1
2023-06-16T04:07:23.616Z	INFO	logger/zaplogger.go:125	追加写模式                         	: false
2023-06-16T04:07:23.616Z	INFO	logger/zaplogger.go:125	非多段上传                         	: false
2023-06-16T04:07:23.616Z	INFO	logger/zaplogger.go:125	单桶模式                          	: false
2023-06-16T04:07:23.616Z	INFO	logger/zaplogger.go:125	保留期限(天)                       	: 3.000
2023-06-16T04:07:23.616Z	INFO	logger/zaplogger.go:125	总容量                           	: 162 TB
2023-06-16T04:07:23.616Z	INFO	logger/zaplogger.go:125	安全水位                          	: 91.2 %
2023-06-16T04:07:23.616Z	INFO	logger/zaplogger.go:125	安全容量                          	: 148 TB
2023-06-16T04:07:23.617Z	INFO	logger/zaplogger.go:125	============================== 数据模型信息 ==============================
2023-06-16T04:07:23.617Z	INFO	logger/zaplogger.go:125	总带宽(MiB/s)                    	: 500
2023-06-16T04:07:23.617Z	INFO	logger/zaplogger.go:125	桶数量                           	: 0
2023-06-16T04:07:23.617Z	INFO	logger/zaplogger.go:125	总对象数                          	: 147743989301248
2023-06-16T04:07:23.617Z	INFO	logger/zaplogger.go:125	每路视频对象数                       	: 0
2023-06-16T04:07:23.617Z	INFO	logger/zaplogger.go:125	每天对象数                         	: 0
2023-06-16T04:07:23.617Z	INFO	logger/zaplogger.go:125	每路视频每天对象数                     	: 0
2023-06-16T04:07:23.617Z	INFO	logger/zaplogger.go:125	一个对象产生时间                      	: 0
2023-06-16T04:07:23.618Z	INFO	logger/zaplogger.go:125	一个分片产生时间                      	: 0
2023-06-16T04:07:23.618Z	INFO	logger/zaplogger.go:125	一路视频最大并行数                     	: 0
2023-06-16T04:07:23.618Z	INFO	logger/zaplogger.go:125	写删阶段每秒并行数                     	: 0
2023-06-16T04:07:23.618Z	INFO	logger/zaplogger.go:125	预埋阶段每秒并行数                     	: 0
2023-06-16T04:07:23.618Z	INFO	logger/zaplogger.go:125	============================== 自定义变量信息 ==============================
2023-06-16T04:07:23.618Z	INFO	logger/zaplogger.go:125	预埋阶段视频路数                      	: 1000
2023-06-16T04:07:23.618Z	INFO	logger/zaplogger.go:125	桶前缀                           	: 
2023-06-16T04:07:23.618Z	INFO	logger/zaplogger.go:125	对象前缀                          	: 
2023-06-16T04:07:23.618Z	INFO	logger/zaplogger.go:125	对象名序号长度                       	: 0
2023-06-16T04:07:23.618Z	INFO	logger/zaplogger.go:125	对象序号起始值                       	: 0
2023-06-16T04:07:40.609Z	WARN	logger/zaplogger.go:130	160000000000000
2023-06-16T04:07:40.609Z	INFO	logger/zaplogger.go:125	计算分析数据模型/参数...
2023-06-16T04:07:40.610Z	WARN	logger/zaplogger.go:130	3
2023-06-16T04:07:40.610Z	INFO	logger/zaplogger.go:125	============================== 原始需求信息 ==============================
2023-06-16T04:07:40.610Z	INFO	logger/zaplogger.go:125	视频路数                          	: 1000
2023-06-16T04:07:40.610Z	INFO	logger/zaplogger.go:125	视频码流(Mbps)                    	: 4
2023-06-16T04:07:40.610Z	INFO	logger/zaplogger.go:125	源文件信息                         	: {      0  0 <nil>}
2023-06-16T04:07:40.610Z	INFO	logger/zaplogger.go:125	追加分片数                         	: 1
2023-06-16T04:07:40.610Z	INFO	logger/zaplogger.go:125	追加写模式                         	: false
2023-06-16T04:07:40.610Z	INFO	logger/zaplogger.go:125	非多段上传                         	: false
2023-06-16T04:07:40.610Z	INFO	logger/zaplogger.go:125	单桶模式                          	: false
2023-06-16T04:07:40.610Z	INFO	logger/zaplogger.go:125	保留期限(天)                       	: 3.000
2023-06-16T04:07:40.610Z	INFO	logger/zaplogger.go:125	总容量                           	: 160 TB
2023-06-16T04:07:40.610Z	INFO	logger/zaplogger.go:125	安全水位                          	: 91.2 %
2023-06-16T04:07:40.611Z	INFO	logger/zaplogger.go:125	安全容量                          	: 146 TB
2023-06-16T04:07:40.611Z	INFO	logger/zaplogger.go:125	============================== 数据模型信息 ==============================
2023-06-16T04:07:40.611Z	INFO	logger/zaplogger.go:125	总带宽(MiB/s)                    	: 500
2023-06-16T04:07:40.611Z	INFO	logger/zaplogger.go:125	桶数量                           	: 0
2023-06-16T04:07:40.611Z	INFO	logger/zaplogger.go:125	总对象数                          	: 145920003932160
2023-06-16T04:07:40.611Z	INFO	logger/zaplogger.go:125	每路视频对象数                       	: 0
2023-06-16T04:07:40.611Z	INFO	logger/zaplogger.go:125	每天对象数                         	: 0
2023-06-16T04:07:40.611Z	INFO	logger/zaplogger.go:125	每路视频每天对象数                     	: 0
2023-06-16T04:07:40.611Z	INFO	logger/zaplogger.go:125	一个对象产生时间                      	: 0
2023-06-16T04:07:40.611Z	INFO	logger/zaplogger.go:125	一个分片产生时间                      	: 0
2023-06-16T04:07:40.611Z	INFO	logger/zaplogger.go:125	一路视频最大并行数                     	: 0
2023-06-16T04:07:40.612Z	INFO	logger/zaplogger.go:125	写删阶段每秒并行数                     	: 0
2023-06-16T04:07:40.612Z	INFO	logger/zaplogger.go:125	预埋阶段每秒并行数                     	: 0
2023-06-16T04:07:40.612Z	INFO	logger/zaplogger.go:125	============================== 自定义变量信息 ==============================
2023-06-16T04:07:40.612Z	INFO	logger/zaplogger.go:125	预埋阶段视频路数                      	: 1000
2023-06-16T04:07:40.612Z	INFO	logger/zaplogger.go:125	桶前缀                           	: 
2023-06-16T04:07:40.612Z	INFO	logger/zaplogger.go:125	对象前缀                          	: 
2023-06-16T04:07:40.612Z	INFO	logger/zaplogger.go:125	对象名序号长度                       	: 0
2023-06-16T04:07:40.612Z	INFO	logger/zaplogger.go:125	对象序号起始值                       	: 0
2023-06-16T04:08:28.146Z	WARN	logger/zaplogger.go:130	160000000000000
2023-06-16T04:08:28.146Z	INFO	logger/zaplogger.go:125	计算分析数据模型/参数...
2023-06-16T04:08:28.146Z	WARN	logger/zaplogger.go:130	%!s(float32=3)
2023-06-16T04:08:28.146Z	INFO	logger/zaplogger.go:125	============================== 原始需求信息 ==============================
2023-06-16T04:08:28.146Z	INFO	logger/zaplogger.go:125	视频路数                          	: 1000
2023-06-16T04:08:28.147Z	INFO	logger/zaplogger.go:125	视频码流(Mbps)                    	: 4
2023-06-16T04:08:28.147Z	INFO	logger/zaplogger.go:125	源文件信息                         	: {      0  0 <nil>}
2023-06-16T04:08:28.147Z	INFO	logger/zaplogger.go:125	追加分片数                         	: 1
2023-06-16T04:08:28.147Z	INFO	logger/zaplogger.go:125	追加写模式                         	: false
2023-06-16T04:08:28.147Z	INFO	logger/zaplogger.go:125	非多段上传                         	: false
2023-06-16T04:08:28.147Z	INFO	logger/zaplogger.go:125	单桶模式                          	: false
2023-06-16T04:08:28.147Z	INFO	logger/zaplogger.go:125	保留期限(天)                       	: 3.000
2023-06-16T04:08:28.147Z	INFO	logger/zaplogger.go:125	总容量                           	: 160 TB
2023-06-16T04:08:28.147Z	INFO	logger/zaplogger.go:125	安全水位                          	: 91.2 %
2023-06-16T04:08:28.147Z	INFO	logger/zaplogger.go:125	安全容量                          	: 146 TB
2023-06-16T04:08:28.147Z	INFO	logger/zaplogger.go:125	============================== 数据模型信息 ==============================
2023-06-16T04:08:28.147Z	INFO	logger/zaplogger.go:125	总带宽(MiB/s)                    	: 500
2023-06-16T04:08:28.147Z	INFO	logger/zaplogger.go:125	桶数量                           	: 0
2023-06-16T04:08:28.147Z	INFO	logger/zaplogger.go:125	总对象数                          	: 145920003932160
2023-06-16T04:08:28.147Z	INFO	logger/zaplogger.go:125	每路视频对象数                       	: 0
2023-06-16T04:08:28.147Z	INFO	logger/zaplogger.go:125	每天对象数                         	: 0
2023-06-16T04:08:28.147Z	INFO	logger/zaplogger.go:125	每路视频每天对象数                     	: 0
2023-06-16T04:08:28.147Z	INFO	logger/zaplogger.go:125	一个对象产生时间                      	: 0
2023-06-16T04:08:28.147Z	INFO	logger/zaplogger.go:125	一个分片产生时间                      	: 0
2023-06-16T04:08:28.147Z	INFO	logger/zaplogger.go:125	一路视频最大并行数                     	: 0
2023-06-16T04:08:28.147Z	INFO	logger/zaplogger.go:125	写删阶段每秒并行数                     	: 0
2023-06-16T04:08:28.148Z	INFO	logger/zaplogger.go:125	预埋阶段每秒并行数                     	: 0
2023-06-16T04:08:28.148Z	INFO	logger/zaplogger.go:125	============================== 自定义变量信息 ==============================
2023-06-16T04:08:28.148Z	INFO	logger/zaplogger.go:125	预埋阶段视频路数                      	: 1000
2023-06-16T04:08:28.148Z	INFO	logger/zaplogger.go:125	桶前缀                           	: 
2023-06-16T04:08:28.148Z	INFO	logger/zaplogger.go:125	对象前缀                          	: 
2023-06-16T04:08:28.148Z	INFO	logger/zaplogger.go:125	对象名序号长度                       	: 0
2023-06-16T04:08:28.148Z	INFO	logger/zaplogger.go:125	对象序号起始值                       	: 0
2023-06-16T04:09:32.678Z	WARN	logger/zaplogger.go:130	160000000000000
2023-06-16T04:09:32.678Z	INFO	logger/zaplogger.go:125	计算分析数据模型/参数...
2023-06-16T04:09:32.678Z	WARN	logger/zaplogger.go:130	3.2213
2023-06-16T04:09:32.678Z	INFO	logger/zaplogger.go:125	============================== 原始需求信息 ==============================
2023-06-16T04:09:32.678Z	INFO	logger/zaplogger.go:125	视频路数                          	: 1000
2023-06-16T04:09:32.678Z	INFO	logger/zaplogger.go:125	视频码流(Mbps)                    	: 4
2023-06-16T04:09:32.678Z	INFO	logger/zaplogger.go:125	源文件信息                         	: {      0  0 <nil>}
2023-06-16T04:09:32.678Z	INFO	logger/zaplogger.go:125	追加分片数                         	: 1
2023-06-16T04:09:32.678Z	INFO	logger/zaplogger.go:125	追加写模式                         	: false
2023-06-16T04:09:32.678Z	INFO	logger/zaplogger.go:125	非多段上传                         	: false
2023-06-16T04:09:32.678Z	INFO	logger/zaplogger.go:125	单桶模式                          	: false
2023-06-16T04:09:32.678Z	INFO	logger/zaplogger.go:125	保留期限(天)                       	: 3.221
2023-06-16T04:09:32.678Z	INFO	logger/zaplogger.go:125	总容量                           	: 160 TB
2023-06-16T04:09:32.678Z	INFO	logger/zaplogger.go:125	安全水位                          	: 91.2 %
2023-06-16T04:09:32.678Z	INFO	logger/zaplogger.go:125	安全容量                          	: 146 TB
2023-06-16T04:09:32.678Z	INFO	logger/zaplogger.go:125	============================== 数据模型信息 ==============================
2023-06-16T04:09:32.678Z	INFO	logger/zaplogger.go:125	总带宽(MiB/s)                    	: 500
2023-06-16T04:09:32.678Z	INFO	logger/zaplogger.go:125	桶数量                           	: 0
2023-06-16T04:09:32.678Z	INFO	logger/zaplogger.go:125	总对象数                          	: 145920003932160
2023-06-16T04:09:32.679Z	INFO	logger/zaplogger.go:125	每路视频对象数                       	: 0
2023-06-16T04:09:32.679Z	INFO	logger/zaplogger.go:125	每天对象数                         	: 0
2023-06-16T04:09:32.679Z	INFO	logger/zaplogger.go:125	每路视频每天对象数                     	: 0
2023-06-16T04:09:32.679Z	INFO	logger/zaplogger.go:125	一个对象产生时间                      	: 0
2023-06-16T04:09:32.679Z	INFO	logger/zaplogger.go:125	一个分片产生时间                      	: 0
2023-06-16T04:09:32.679Z	INFO	logger/zaplogger.go:125	一路视频最大并行数                     	: 0
2023-06-16T04:09:32.679Z	INFO	logger/zaplogger.go:125	写删阶段每秒并行数                     	: 0
2023-06-16T04:09:32.679Z	INFO	logger/zaplogger.go:125	预埋阶段每秒并行数                     	: 0
2023-06-16T04:09:32.679Z	INFO	logger/zaplogger.go:125	============================== 自定义变量信息 ==============================
2023-06-16T04:09:32.679Z	INFO	logger/zaplogger.go:125	预埋阶段视频路数                      	: 1000
2023-06-16T04:09:32.679Z	INFO	logger/zaplogger.go:125	桶前缀                           	: 
2023-06-16T04:09:32.679Z	INFO	logger/zaplogger.go:125	对象前缀                          	: 
2023-06-16T04:09:32.679Z	INFO	logger/zaplogger.go:125	对象名序号长度                       	: 0
2023-06-16T04:09:32.679Z	INFO	logger/zaplogger.go:125	对象序号起始值                       	: 0
2023-06-16T04:09:45.628Z	WARN	logger/zaplogger.go:130	160000000000000
2023-06-16T04:09:45.628Z	INFO	logger/zaplogger.go:125	计算分析数据模型/参数...
2023-06-16T04:09:45.628Z	INFO	logger/zaplogger.go:125	============================== 原始需求信息 ==============================
2023-06-16T04:09:45.628Z	INFO	logger/zaplogger.go:125	视频路数                          	: 1000
2023-06-16T04:09:45.628Z	INFO	logger/zaplogger.go:125	视频码流(Mbps)                    	: 4
2023-06-16T04:09:45.628Z	INFO	logger/zaplogger.go:125	源文件信息                         	: {      0  0 <nil>}
2023-06-16T04:09:45.628Z	INFO	logger/zaplogger.go:125	追加分片数                         	: 1
2023-06-16T04:09:45.628Z	INFO	logger/zaplogger.go:125	追加写模式                         	: false
2023-06-16T04:09:45.628Z	INFO	logger/zaplogger.go:125	非多段上传                         	: false
2023-06-16T04:09:45.629Z	INFO	logger/zaplogger.go:125	单桶模式                          	: false
2023-06-16T04:09:45.629Z	INFO	logger/zaplogger.go:125	保留期限(天)                       	: 3.221
2023-06-16T04:09:45.629Z	INFO	logger/zaplogger.go:125	总容量                           	: 160 TB
2023-06-16T04:09:45.629Z	INFO	logger/zaplogger.go:125	安全水位                          	: 91.2 %
2023-06-16T04:09:45.629Z	INFO	logger/zaplogger.go:125	安全容量                          	: 146 TB
2023-06-16T04:09:45.629Z	INFO	logger/zaplogger.go:125	============================== 数据模型信息 ==============================
2023-06-16T04:09:45.629Z	INFO	logger/zaplogger.go:125	总带宽(MiB/s)                    	: 500
2023-06-16T04:09:45.629Z	INFO	logger/zaplogger.go:125	桶数量                           	: 0
2023-06-16T04:09:45.629Z	INFO	logger/zaplogger.go:125	总对象数                          	: 145920003932160
2023-06-16T04:09:45.629Z	INFO	logger/zaplogger.go:125	每路视频对象数                       	: 0
2023-06-16T04:09:45.629Z	INFO	logger/zaplogger.go:125	每天对象数                         	: 0
2023-06-16T04:09:45.630Z	INFO	logger/zaplogger.go:125	每路视频每天对象数                     	: 0
2023-06-16T04:09:45.630Z	INFO	logger/zaplogger.go:125	一个对象产生时间                      	: 0
2023-06-16T04:09:45.630Z	INFO	logger/zaplogger.go:125	一个分片产生时间                      	: 0
2023-06-16T04:09:45.630Z	INFO	logger/zaplogger.go:125	一路视频最大并行数                     	: 0
2023-06-16T04:09:45.630Z	INFO	logger/zaplogger.go:125	写删阶段每秒并行数                     	: 0
2023-06-16T04:09:45.630Z	INFO	logger/zaplogger.go:125	预埋阶段每秒并行数                     	: 0
2023-06-16T04:09:45.630Z	INFO	logger/zaplogger.go:125	============================== 自定义变量信息 ==============================
2023-06-16T04:09:45.630Z	INFO	logger/zaplogger.go:125	预埋阶段视频路数                      	: 1000
2023-06-16T04:09:45.630Z	INFO	logger/zaplogger.go:125	桶前缀                           	: 
2023-06-16T04:09:45.630Z	INFO	logger/zaplogger.go:125	对象前缀                          	: 
2023-06-16T04:09:45.630Z	INFO	logger/zaplogger.go:125	对象名序号长度                       	: 0
2023-06-16T04:09:45.630Z	INFO	logger/zaplogger.go:125	对象序号起始值                       	: 0
2023-06-16T04:10:24.418Z	INFO	logger/zaplogger.go:125	计算分析数据模型/参数...
2023-06-16T04:10:24.418Z	INFO	logger/zaplogger.go:125	============================== 原始需求信息 ==============================
2023-06-16T04:10:24.418Z	INFO	logger/zaplogger.go:125	视频路数                          	: 1000
2023-06-16T04:10:24.418Z	INFO	logger/zaplogger.go:125	视频码流(Mbps)                    	: 4
2023-06-16T04:10:24.418Z	INFO	logger/zaplogger.go:125	源文件信息                         	: {      0  0 <nil>}
2023-06-16T04:10:24.418Z	INFO	logger/zaplogger.go:125	追加分片数                         	: 1
2023-06-16T04:10:24.418Z	INFO	logger/zaplogger.go:125	追加写模式                         	: false
2023-06-16T04:10:24.418Z	INFO	logger/zaplogger.go:125	非多段上传                         	: false
2023-06-16T04:10:24.418Z	INFO	logger/zaplogger.go:125	单桶模式                          	: false
2023-06-16T04:10:24.418Z	INFO	logger/zaplogger.go:125	保留期限(天)                       	: 3.221
2023-06-16T04:10:24.418Z	INFO	logger/zaplogger.go:125	总容量                           	: 160 TB
2023-06-16T04:10:24.418Z	INFO	logger/zaplogger.go:125	安全水位                          	: 91.2 %
2023-06-16T04:10:24.418Z	INFO	logger/zaplogger.go:125	安全容量                          	: 146 TB
2023-06-16T04:10:24.418Z	INFO	logger/zaplogger.go:125	============================== 数据模型信息 ==============================
2023-06-16T04:10:24.418Z	INFO	logger/zaplogger.go:125	总带宽(MiB/s)                    	: 500
2023-06-16T04:10:24.418Z	INFO	logger/zaplogger.go:125	桶数量                           	: 0
2023-06-16T04:10:24.418Z	INFO	logger/zaplogger.go:125	总对象数                          	: 145920003932160
2023-06-16T04:10:24.418Z	INFO	logger/zaplogger.go:125	每路视频对象数                       	: 0
2023-06-16T04:10:24.418Z	INFO	logger/zaplogger.go:125	每天对象数                         	: 0
2023-06-16T04:10:24.418Z	INFO	logger/zaplogger.go:125	每路视频每天对象数                     	: 0
2023-06-16T04:10:24.418Z	INFO	logger/zaplogger.go:125	一个对象产生时间                      	: 0
2023-06-16T04:10:24.418Z	INFO	logger/zaplogger.go:125	一个分片产生时间                      	: 0
2023-06-16T04:10:24.418Z	INFO	logger/zaplogger.go:125	一路视频最大并行数                     	: 0
2023-06-16T04:10:24.419Z	INFO	logger/zaplogger.go:125	写删阶段每秒并行数                     	: 0
2023-06-16T04:10:24.419Z	INFO	logger/zaplogger.go:125	预埋阶段每秒并行数                     	: 0
2023-06-16T04:10:24.419Z	INFO	logger/zaplogger.go:125	============================== 自定义变量信息 ==============================
2023-06-16T04:10:24.419Z	INFO	logger/zaplogger.go:125	预埋阶段视频路数                      	: 1000
2023-06-16T04:10:24.419Z	INFO	logger/zaplogger.go:125	桶前缀                           	: 
2023-06-16T04:10:24.419Z	INFO	logger/zaplogger.go:125	对象前缀                          	: 
2023-06-16T04:10:24.419Z	INFO	logger/zaplogger.go:125	对象名序号长度                       	: 0
2023-06-16T04:10:24.419Z	INFO	logger/zaplogger.go:125	对象序号起始值                       	: 0
2023-06-16T05:53:35.292Z	INFO	logger/zaplogger.go:125	计算分析数据模型/参数...
2023-06-16T05:53:35.292Z	INFO	logger/zaplogger.go:125	============================== 原始需求信息 ==============================
2023-06-16T05:53:35.292Z	INFO	logger/zaplogger.go:125	视频路数                          	: 1000
2023-06-16T05:53:35.292Z	INFO	logger/zaplogger.go:125	视频码流(Mbps)                    	: 4
2023-06-16T05:53:35.292Z	INFO	logger/zaplogger.go:125	追加分片数                         	: 1
2023-06-16T05:53:35.292Z	INFO	logger/zaplogger.go:125	追加写模式                         	: false
2023-06-16T05:53:35.292Z	INFO	logger/zaplogger.go:125	非多段上传                         	: false
2023-06-16T05:53:35.292Z	INFO	logger/zaplogger.go:125	单桶模式                          	: false
2023-06-16T05:53:35.292Z	INFO	logger/zaplogger.go:125	源文件信息                         	: path=;size=;MD5=
2023-06-16T05:53:35.293Z	INFO	logger/zaplogger.go:125	保留期限(天)                       	: 3.221
2023-06-16T05:53:35.293Z	INFO	logger/zaplogger.go:125	总容量                           	: 160 TB
2023-06-16T05:53:35.293Z	INFO	logger/zaplogger.go:125	安全水位                          	: 91.2 %
2023-06-16T05:53:35.293Z	INFO	logger/zaplogger.go:125	安全容量                          	: 146 TB
2023-06-16T05:53:35.293Z	INFO	logger/zaplogger.go:125	============================== 数据模型信息 ==============================
2023-06-16T05:53:35.293Z	INFO	logger/zaplogger.go:125	总带宽(MiB/s)                    	: 500
2023-06-16T05:53:35.293Z	INFO	logger/zaplogger.go:125	桶数量                           	: 0
2023-06-16T05:53:35.293Z	INFO	logger/zaplogger.go:125	总对象数                          	: 145920003932160
2023-06-16T05:53:35.293Z	INFO	logger/zaplogger.go:125	每路视频对象数                       	: 0
2023-06-16T05:53:35.293Z	INFO	logger/zaplogger.go:125	每天对象数                         	: 0
2023-06-16T05:53:35.293Z	INFO	logger/zaplogger.go:125	每路视频每天对象数                     	: 0
2023-06-16T05:53:35.293Z	INFO	logger/zaplogger.go:125	一个对象产生时间                      	: 0
2023-06-16T05:53:35.293Z	INFO	logger/zaplogger.go:125	一个分片产生时间                      	: 0
2023-06-16T05:53:35.293Z	INFO	logger/zaplogger.go:125	一路视频最大并行数                     	: 0
2023-06-16T05:53:35.293Z	INFO	logger/zaplogger.go:125	写删阶段每秒并行数                     	: 0
2023-06-16T05:53:35.293Z	INFO	logger/zaplogger.go:125	预埋阶段每秒并行数                     	: 0
2023-06-16T05:53:35.293Z	INFO	logger/zaplogger.go:125	============================== 自定义变量信息 ==============================
2023-06-16T05:53:35.293Z	INFO	logger/zaplogger.go:125	预埋阶段视频路数                      	: 1000
2023-06-16T05:53:35.293Z	INFO	logger/zaplogger.go:125	桶前缀                           	: 
2023-06-16T05:53:35.293Z	INFO	logger/zaplogger.go:125	对象前缀                          	: 
2023-06-16T05:53:35.293Z	INFO	logger/zaplogger.go:125	对象名序号长度                       	: 0
2023-06-16T05:53:35.293Z	INFO	logger/zaplogger.go:125	对象序号起始值                       	: 0
2023-06-16T06:38:26.439Z	INFO	logger/zaplogger.go:125	计算分析数据模型/参数...
2023-06-16T06:40:41.188Z	INFO	logger/zaplogger.go:125	计算分析数据模型/参数...
2023-06-16T06:40:56.511Z	INFO	logger/zaplogger.go:125	计算分析数据模型/参数...
2023-06-16T06:40:56.511Z	INFO	logger/zaplogger.go:125	============================== 原始需求信息 ==============================
2023-06-16T06:40:56.512Z	INFO	logger/zaplogger.go:125	视频路数                          	: 1000
2023-06-16T06:40:56.512Z	INFO	logger/zaplogger.go:125	视频码流(Mbps)                    	: 4
2023-06-16T06:40:56.512Z	INFO	logger/zaplogger.go:125	追加分片数                         	: 1
2023-06-16T06:40:56.512Z	INFO	logger/zaplogger.go:125	追加写模式                         	: false
2023-06-16T06:40:56.512Z	INFO	logger/zaplogger.go:125	非多段上传                         	: false
2023-06-16T06:40:56.512Z	INFO	logger/zaplogger.go:125	单桶模式                          	: false
2023-06-16T06:40:56.512Z	INFO	logger/zaplogger.go:125	源文件信息                         	: path=/root/upload/jdk-8u151-linux-x64.tar.gz;size=190 MB;MD5=
2023-06-16T06:40:56.512Z	INFO	logger/zaplogger.go:125	保留期限(天)                       	: 3.221
2023-06-16T06:40:56.512Z	INFO	logger/zaplogger.go:125	总容量                           	: 160 TB
2023-06-16T06:40:56.512Z	INFO	logger/zaplogger.go:125	安全水位                          	: 91.2 %
2023-06-16T06:40:56.512Z	INFO	logger/zaplogger.go:125	安全容量                          	: 146 TB
2023-06-16T06:40:56.512Z	INFO	logger/zaplogger.go:125	============================== 数据模型信息 ==============================
2023-06-16T06:40:56.512Z	INFO	logger/zaplogger.go:125	总带宽(MiB/s)                    	: 500
2023-06-16T06:40:56.512Z	INFO	logger/zaplogger.go:125	桶数量                           	: 0
2023-06-16T06:40:56.512Z	INFO	logger/zaplogger.go:125	总对象数                          	: 145920003932160
2023-06-16T06:40:56.512Z	INFO	logger/zaplogger.go:125	每路视频对象数                       	: 0
2023-06-16T06:40:56.512Z	INFO	logger/zaplogger.go:125	每天对象数                         	: 0
2023-06-16T06:40:56.512Z	INFO	logger/zaplogger.go:125	每路视频每天对象数                     	: 0
2023-06-16T06:40:56.512Z	INFO	logger/zaplogger.go:125	一个对象产生时间                      	: 0
2023-06-16T06:40:56.512Z	INFO	logger/zaplogger.go:125	一个分片产生时间                      	: 0
2023-06-16T06:40:56.512Z	INFO	logger/zaplogger.go:125	一路视频最大并行数                     	: 0
2023-06-16T06:40:56.512Z	INFO	logger/zaplogger.go:125	写删阶段每秒并行数                     	: 0
2023-06-16T06:40:56.512Z	INFO	logger/zaplogger.go:125	预埋阶段每秒并行数                     	: 0
2023-06-16T06:40:56.512Z	INFO	logger/zaplogger.go:125	============================== 自定义变量信息 ==============================
2023-06-16T06:40:56.512Z	INFO	logger/zaplogger.go:125	预埋阶段视频路数                      	: 1000
2023-06-16T06:40:56.512Z	INFO	logger/zaplogger.go:125	桶前缀                           	: 
2023-06-16T06:40:56.512Z	INFO	logger/zaplogger.go:125	对象前缀                          	: 
2023-06-16T06:40:56.512Z	INFO	logger/zaplogger.go:125	对象名序号长度                       	: 0
2023-06-16T06:40:56.512Z	INFO	logger/zaplogger.go:125	对象序号起始值                       	: 0
2023-06-16T06:48:28.056Z	INFO	logger/zaplogger.go:125	计算分析数据模型/参数...
2023-06-16T06:48:28.056Z	DEBUG	logger/zaplogger.go:120	/root/upload/jdk-8u151-linux-x64.tar.gz
2023-06-16T06:48:31.826Z	INFO	logger/zaplogger.go:125	============================== 原始需求信息 ==============================
2023-06-16T06:48:31.826Z	INFO	logger/zaplogger.go:125	视频路数                          	: 1000
2023-06-16T06:48:31.826Z	INFO	logger/zaplogger.go:125	视频码流(Mbps)                    	: 4
2023-06-16T06:48:31.826Z	INFO	logger/zaplogger.go:125	追加分片数                         	: 1
2023-06-16T06:48:31.826Z	INFO	logger/zaplogger.go:125	追加写模式                         	: false
2023-06-16T06:48:31.826Z	INFO	logger/zaplogger.go:125	非多段上传                         	: false
2023-06-16T06:48:31.826Z	INFO	logger/zaplogger.go:125	单桶模式                          	: false
2023-06-16T06:48:31.826Z	INFO	logger/zaplogger.go:125	源文件信息                         	: path=/root/upload/jdk-8u151-linux-x64.tar.gz;size=190 MB;MD5=774d8cb584d9ebedef8eba9ee2dfe113
2023-06-16T06:48:31.826Z	INFO	logger/zaplogger.go:125	保留期限(天)                       	: 3.221
2023-06-16T06:48:31.826Z	INFO	logger/zaplogger.go:125	总容量                           	: 160 TB
2023-06-16T06:48:31.826Z	INFO	logger/zaplogger.go:125	安全水位                          	: 91.2 %
2023-06-16T06:48:31.826Z	INFO	logger/zaplogger.go:125	安全容量                          	: 146 TB
2023-06-16T06:48:31.826Z	INFO	logger/zaplogger.go:125	============================== 数据模型信息 ==============================
2023-06-16T06:48:31.826Z	INFO	logger/zaplogger.go:125	总带宽(MiB/s)                    	: 500
2023-06-16T06:48:31.826Z	INFO	logger/zaplogger.go:125	桶数量                           	: 0
2023-06-16T06:48:31.826Z	INFO	logger/zaplogger.go:125	总对象数                          	: 145920003932160
2023-06-16T06:48:31.826Z	INFO	logger/zaplogger.go:125	每路视频对象数                       	: 0
2023-06-16T06:48:31.826Z	INFO	logger/zaplogger.go:125	每天对象数                         	: 0
2023-06-16T06:48:31.826Z	INFO	logger/zaplogger.go:125	每路视频每天对象数                     	: 0
2023-06-16T06:48:31.826Z	INFO	logger/zaplogger.go:125	一个对象产生时间                      	: 0
2023-06-16T06:48:31.826Z	INFO	logger/zaplogger.go:125	一个分片产生时间                      	: 0
2023-06-16T06:48:31.826Z	INFO	logger/zaplogger.go:125	一路视频最大并行数                     	: 0
2023-06-16T06:48:31.826Z	INFO	logger/zaplogger.go:125	写删阶段每秒并行数                     	: 0
2023-06-16T06:48:31.826Z	INFO	logger/zaplogger.go:125	预埋阶段每秒并行数                     	: 0
2023-06-16T06:48:31.826Z	INFO	logger/zaplogger.go:125	============================== 自定义变量信息 ==============================
2023-06-16T06:48:31.826Z	INFO	logger/zaplogger.go:125	预埋阶段视频路数                      	: 1000
2023-06-16T06:48:31.826Z	INFO	logger/zaplogger.go:125	桶前缀                           	: 
2023-06-16T06:48:31.826Z	INFO	logger/zaplogger.go:125	对象前缀                          	: 
2023-06-16T06:48:31.826Z	INFO	logger/zaplogger.go:125	对象名序号长度                       	: 0
2023-06-16T06:48:31.826Z	INFO	logger/zaplogger.go:125	对象序号起始值                       	: 0
2023-06-16T06:49:36.687Z	INFO	logger/zaplogger.go:125	计算分析数据模型/参数...
2023-06-16T06:49:36.687Z	DEBUG	logger/zaplogger.go:120	/root/upload/jdk-8u151-linux-x64.tar.gz
2023-06-16T06:49:36.974Z	INFO	logger/zaplogger.go:125	============================== 原始需求信息 ==============================
2023-06-16T06:49:36.974Z	INFO	logger/zaplogger.go:125	视频路数                          	: 1000
2023-06-16T06:49:36.974Z	INFO	logger/zaplogger.go:125	视频码流(Mbps)                    	: 4
2023-06-16T06:49:36.974Z	INFO	logger/zaplogger.go:125	追加分片数                         	: 1
2023-06-16T06:49:36.974Z	INFO	logger/zaplogger.go:125	追加写模式                         	: false
2023-06-16T06:49:36.974Z	INFO	logger/zaplogger.go:125	非多段上传                         	: false
2023-06-16T06:49:36.974Z	INFO	logger/zaplogger.go:125	单桶模式                          	: false
2023-06-16T06:49:36.974Z	INFO	logger/zaplogger.go:125	源文件信息                         	: Path=/root/upload/jdk-8u151-linux-x64.tar.gz; Size=190 MB
2023-06-16T06:49:36.975Z	INFO	logger/zaplogger.go:125	保留期限(天)                       	: 3.221
2023-06-16T06:49:36.975Z	INFO	logger/zaplogger.go:125	总容量                           	: 160 TB
2023-06-16T06:49:36.975Z	INFO	logger/zaplogger.go:125	安全水位                          	: 91.2 %
2023-06-16T06:49:36.975Z	INFO	logger/zaplogger.go:125	安全容量                          	: 146 TB
2023-06-16T06:49:36.975Z	INFO	logger/zaplogger.go:125	============================== 数据模型信息 ==============================
2023-06-16T06:49:36.975Z	INFO	logger/zaplogger.go:125	总带宽(MiB/s)                    	: 500
2023-06-16T06:49:36.975Z	INFO	logger/zaplogger.go:125	桶数量                           	: 0
2023-06-16T06:49:36.975Z	INFO	logger/zaplogger.go:125	总对象数                          	: 145920003932160
2023-06-16T06:49:36.975Z	INFO	logger/zaplogger.go:125	每路视频对象数                       	: 0
2023-06-16T06:49:36.975Z	INFO	logger/zaplogger.go:125	每天对象数                         	: 0
2023-06-16T06:49:36.975Z	INFO	logger/zaplogger.go:125	每路视频每天对象数                     	: 0
2023-06-16T06:49:36.975Z	INFO	logger/zaplogger.go:125	一个对象产生时间                      	: 0
2023-06-16T06:49:36.975Z	INFO	logger/zaplogger.go:125	一个分片产生时间                      	: 0
2023-06-16T06:49:36.975Z	INFO	logger/zaplogger.go:125	一路视频最大并行数                     	: 0
2023-06-16T06:49:36.975Z	INFO	logger/zaplogger.go:125	写删阶段每秒并行数                     	: 0
2023-06-16T06:49:36.975Z	INFO	logger/zaplogger.go:125	预埋阶段每秒并行数                     	: 0
2023-06-16T06:49:36.975Z	INFO	logger/zaplogger.go:125	============================== 自定义变量信息 ==============================
2023-06-16T06:49:36.975Z	INFO	logger/zaplogger.go:125	预埋阶段视频路数                      	: 1000
2023-06-16T06:49:36.975Z	INFO	logger/zaplogger.go:125	桶前缀                           	: 
2023-06-16T06:49:36.975Z	INFO	logger/zaplogger.go:125	对象前缀                          	: 
2023-06-16T06:49:36.975Z	INFO	logger/zaplogger.go:125	对象名序号长度                       	: 0
2023-06-16T06:49:36.975Z	INFO	logger/zaplogger.go:125	对象序号起始值                       	: 0
2023-06-16T06:50:30.815Z	INFO	logger/zaplogger.go:125	计算分析数据模型/参数...
2023-06-16T06:50:30.815Z	DEBUG	logger/zaplogger.go:120	/root/upload/jdk-8u151-linux-x64.tar.gz
2023-06-16T06:50:31.104Z	INFO	logger/zaplogger.go:125	============================== 原始需求信息 ==============================
2023-06-16T06:50:31.104Z	INFO	logger/zaplogger.go:125	视频路数                          	: 1000
2023-06-16T06:50:31.104Z	INFO	logger/zaplogger.go:125	视频码流(Mbps)                    	: 4
2023-06-16T06:50:31.104Z	INFO	logger/zaplogger.go:125	追加分片数                         	: 1
2023-06-16T06:50:31.104Z	INFO	logger/zaplogger.go:125	追加写模式                         	: false
2023-06-16T06:50:31.104Z	INFO	logger/zaplogger.go:125	非多段上传                         	: false
2023-06-16T06:50:31.104Z	INFO	logger/zaplogger.go:125	单桶模式                          	: false
2023-06-16T06:50:31.104Z	INFO	logger/zaplogger.go:125	源文件信息                         	: Path=/root/upload/jdk-8u151-linux-x64.tar.gz; Size=190 MB
2023-06-16T06:50:31.104Z	INFO	logger/zaplogger.go:125	保留期限(天)                       	: 3.221
2023-06-16T06:50:31.104Z	INFO	logger/zaplogger.go:125	总容量                           	: 160 TB
2023-06-16T06:50:31.104Z	INFO	logger/zaplogger.go:125	安全水位                          	: 91.2 %
2023-06-16T06:50:31.104Z	INFO	logger/zaplogger.go:125	安全容量                          	: 146 TB
2023-06-16T06:50:31.104Z	INFO	logger/zaplogger.go:125	============================== 数据模型信息 ==============================
2023-06-16T06:50:31.104Z	INFO	logger/zaplogger.go:125	总带宽(MiB/s)                    	: 500
2023-06-16T06:50:31.104Z	INFO	logger/zaplogger.go:125	桶数量                           	: 0
2023-06-16T06:50:31.104Z	INFO	logger/zaplogger.go:125	总对象数                          	: 769067
2023-06-16T06:50:31.104Z	INFO	logger/zaplogger.go:125	每路视频对象数                       	: 0
2023-06-16T06:50:31.104Z	INFO	logger/zaplogger.go:125	每天对象数                         	: 0
2023-06-16T06:50:31.104Z	INFO	logger/zaplogger.go:125	每路视频每天对象数                     	: 0
2023-06-16T06:50:31.104Z	INFO	logger/zaplogger.go:125	一个对象产生时间                      	: 0
2023-06-16T06:50:31.104Z	INFO	logger/zaplogger.go:125	一个分片产生时间                      	: 0
2023-06-16T06:50:31.104Z	INFO	logger/zaplogger.go:125	一路视频最大并行数                     	: 0
2023-06-16T06:50:31.104Z	INFO	logger/zaplogger.go:125	写删阶段每秒并行数                     	: 0
2023-06-16T06:50:31.104Z	INFO	logger/zaplogger.go:125	预埋阶段每秒并行数                     	: 0
2023-06-16T06:50:31.104Z	INFO	logger/zaplogger.go:125	============================== 自定义变量信息 ==============================
2023-06-16T06:50:31.104Z	INFO	logger/zaplogger.go:125	预埋阶段视频路数                      	: 1000
2023-06-16T06:50:31.104Z	INFO	logger/zaplogger.go:125	桶前缀                           	: 
2023-06-16T06:50:31.105Z	INFO	logger/zaplogger.go:125	对象前缀                          	: 
2023-06-16T06:50:31.105Z	INFO	logger/zaplogger.go:125	对象名序号长度                       	: 0
2023-06-16T06:50:31.105Z	INFO	logger/zaplogger.go:125	对象序号起始值                       	: 0
2023-06-16T06:51:37.701Z	INFO	logger/zaplogger.go:125	计算分析数据模型/参数...
2023-06-16T06:51:37.701Z	DEBUG	logger/zaplogger.go:120	/root/upload/128MB.txt
2023-06-16T06:51:37.909Z	INFO	logger/zaplogger.go:125	============================== 原始需求信息 ==============================
2023-06-16T06:51:37.909Z	INFO	logger/zaplogger.go:125	视频路数                          	: 1000
2023-06-16T06:51:37.909Z	INFO	logger/zaplogger.go:125	视频码流(Mbps)                    	: 4
2023-06-16T06:51:37.909Z	INFO	logger/zaplogger.go:125	追加分片数                         	: 1
2023-06-16T06:51:37.909Z	INFO	logger/zaplogger.go:125	追加写模式                         	: false
2023-06-16T06:51:37.909Z	INFO	logger/zaplogger.go:125	非多段上传                         	: false
2023-06-16T06:51:37.910Z	INFO	logger/zaplogger.go:125	单桶模式                          	: false
2023-06-16T06:51:37.910Z	INFO	logger/zaplogger.go:125	源文件信息                         	: Path=/root/upload/128MB.txt; Size=134 MB
2023-06-16T06:51:37.910Z	INFO	logger/zaplogger.go:125	保留期限(天)                       	: 3.221
2023-06-16T06:51:37.910Z	INFO	logger/zaplogger.go:125	总容量                           	: 160 TB
2023-06-16T06:51:37.910Z	INFO	logger/zaplogger.go:125	安全水位                          	: 91.2 %
2023-06-16T06:51:37.910Z	INFO	logger/zaplogger.go:125	安全容量                          	: 146 TB
2023-06-16T06:51:37.910Z	INFO	logger/zaplogger.go:125	============================== 数据模型信息 ==============================
2023-06-16T06:51:37.910Z	INFO	logger/zaplogger.go:125	总带宽(MiB/s)                    	: 500
2023-06-16T06:51:37.910Z	INFO	logger/zaplogger.go:125	桶数量                           	: 0
2023-06-16T06:51:37.910Z	INFO	logger/zaplogger.go:125	总对象数                          	: 1087188
2023-06-16T06:51:37.910Z	INFO	logger/zaplogger.go:125	每路视频对象数                       	: 0
2023-06-16T06:51:37.910Z	INFO	logger/zaplogger.go:125	每天对象数                         	: 0
2023-06-16T06:51:37.910Z	INFO	logger/zaplogger.go:125	每路视频每天对象数                     	: 0
2023-06-16T06:51:37.910Z	INFO	logger/zaplogger.go:125	一个对象产生时间                      	: 0
2023-06-16T06:51:37.910Z	INFO	logger/zaplogger.go:125	一个分片产生时间                      	: 0
2023-06-16T06:51:37.910Z	INFO	logger/zaplogger.go:125	一路视频最大并行数                     	: 0
2023-06-16T06:51:37.910Z	INFO	logger/zaplogger.go:125	写删阶段每秒并行数                     	: 0
2023-06-16T06:51:37.910Z	INFO	logger/zaplogger.go:125	预埋阶段每秒并行数                     	: 0
2023-06-16T06:51:37.910Z	INFO	logger/zaplogger.go:125	============================== 自定义变量信息 ==============================
2023-06-16T06:51:37.910Z	INFO	logger/zaplogger.go:125	预埋阶段视频路数                      	: 1000
2023-06-16T06:51:37.910Z	INFO	logger/zaplogger.go:125	桶前缀                           	: 
2023-06-16T06:51:37.910Z	INFO	logger/zaplogger.go:125	对象前缀                          	: 
2023-06-16T06:51:37.910Z	INFO	logger/zaplogger.go:125	对象名序号长度                       	: 0
2023-06-16T06:51:37.910Z	INFO	logger/zaplogger.go:125	对象序号起始值                       	: 0
2023-06-16T06:53:39.952Z	INFO	logger/zaplogger.go:125	计算分析数据模型/参数...
2023-06-16T06:53:39.952Z	DEBUG	logger/zaplogger.go:120	/root/upload/128MB.txt
2023-06-16T06:53:40.170Z	INFO	logger/zaplogger.go:125	============================== 原始需求信息 ==============================
2023-06-16T06:53:40.170Z	INFO	logger/zaplogger.go:125	视频路数                          	: 1000
2023-06-16T06:53:40.170Z	INFO	logger/zaplogger.go:125	视频码流(Mbps)                    	: 4
2023-06-16T06:53:40.170Z	INFO	logger/zaplogger.go:125	追加分片数                         	: 1
2023-06-16T06:53:40.170Z	INFO	logger/zaplogger.go:125	追加写模式                         	: false
2023-06-16T06:53:40.171Z	INFO	logger/zaplogger.go:125	非多段上传                         	: false
2023-06-16T06:53:40.171Z	INFO	logger/zaplogger.go:125	单桶模式                          	: false
2023-06-16T06:53:40.171Z	INFO	logger/zaplogger.go:125	源文件信息                         	: Path=/root/upload/128MB.txt; Size=134 MB
2023-06-16T06:53:40.171Z	INFO	logger/zaplogger.go:125	保留期限(天)                       	: 3.221
2023-06-16T06:53:40.171Z	INFO	logger/zaplogger.go:125	总容量                           	: 146 TiB
2023-06-16T06:53:40.171Z	INFO	logger/zaplogger.go:125	安全水位                          	: 91.2 %
2023-06-16T06:53:40.171Z	INFO	logger/zaplogger.go:125	安全容量                          	: 133 TiB
2023-06-16T06:53:40.171Z	INFO	logger/zaplogger.go:125	============================== 数据模型信息 ==============================
2023-06-16T06:53:40.171Z	INFO	logger/zaplogger.go:125	总带宽(MiB/s)                    	: 500
2023-06-16T06:53:40.171Z	INFO	logger/zaplogger.go:125	桶数量                           	: 0
2023-06-16T06:53:40.171Z	INFO	logger/zaplogger.go:125	总对象数                          	: 1087188
2023-06-16T06:53:40.171Z	INFO	logger/zaplogger.go:125	每路视频对象数                       	: 0
2023-06-16T06:53:40.171Z	INFO	logger/zaplogger.go:125	每天对象数                         	: 0
2023-06-16T06:53:40.172Z	INFO	logger/zaplogger.go:125	每路视频每天对象数                     	: 0
2023-06-16T06:53:40.172Z	INFO	logger/zaplogger.go:125	一个对象产生时间                      	: 0
2023-06-16T06:53:40.172Z	INFO	logger/zaplogger.go:125	一个分片产生时间                      	: 0
2023-06-16T06:53:40.172Z	INFO	logger/zaplogger.go:125	一路视频最大并行数                     	: 0
2023-06-16T06:53:40.172Z	INFO	logger/zaplogger.go:125	写删阶段每秒并行数                     	: 0
2023-06-16T06:53:40.172Z	INFO	logger/zaplogger.go:125	预埋阶段每秒并行数                     	: 0
2023-06-16T06:53:40.172Z	INFO	logger/zaplogger.go:125	============================== 自定义变量信息 ==============================
2023-06-16T06:53:40.172Z	INFO	logger/zaplogger.go:125	预埋阶段视频路数                      	: 1000
2023-06-16T06:53:40.172Z	INFO	logger/zaplogger.go:125	桶前缀                           	: 
2023-06-16T06:53:40.172Z	INFO	logger/zaplogger.go:125	对象前缀                          	: 
2023-06-16T06:53:40.172Z	INFO	logger/zaplogger.go:125	对象名序号长度                       	: 0
2023-06-16T06:53:40.172Z	INFO	logger/zaplogger.go:125	对象序号起始值                       	: 0
2023-06-16T06:54:12.680Z	INFO	logger/zaplogger.go:125	计算分析数据模型/参数...
2023-06-16T06:54:12.681Z	DEBUG	logger/zaplogger.go:120	/root/upload/128MB.txt
2023-06-16T06:54:12.884Z	INFO	logger/zaplogger.go:125	============================== 原始需求信息 ==============================
2023-06-16T06:54:12.884Z	INFO	logger/zaplogger.go:125	视频路数                          	: 1000
2023-06-16T06:54:12.884Z	INFO	logger/zaplogger.go:125	视频码流(Mbps)                    	: 4
2023-06-16T06:54:12.885Z	INFO	logger/zaplogger.go:125	追加分片数                         	: 1
2023-06-16T06:54:12.885Z	INFO	logger/zaplogger.go:125	追加写模式                         	: false
2023-06-16T06:54:12.885Z	INFO	logger/zaplogger.go:125	非多段上传                         	: false
2023-06-16T06:54:12.885Z	INFO	logger/zaplogger.go:125	单桶模式                          	: false
2023-06-16T06:54:12.885Z	INFO	logger/zaplogger.go:125	源文件信息                         	: Path=/root/upload/128MB.txt; Size=134 MB
2023-06-16T06:54:12.885Z	INFO	logger/zaplogger.go:125	保留期限(天)                       	: 3.542
2023-06-16T06:54:12.885Z	INFO	logger/zaplogger.go:125	总容量                           	: 160 TiB
2023-06-16T06:54:12.885Z	INFO	logger/zaplogger.go:125	安全水位                          	: 91.2 %
2023-06-16T06:54:12.885Z	INFO	logger/zaplogger.go:125	安全容量                          	: 146 TiB
2023-06-16T06:54:12.885Z	INFO	logger/zaplogger.go:125	============================== 数据模型信息 ==============================
2023-06-16T06:54:12.885Z	INFO	logger/zaplogger.go:125	总带宽(MiB/s)                    	: 500
2023-06-16T06:54:12.885Z	INFO	logger/zaplogger.go:125	桶数量                           	: 0
2023-06-16T06:54:12.885Z	INFO	logger/zaplogger.go:125	总对象数                          	: 1195376
2023-06-16T06:54:12.885Z	INFO	logger/zaplogger.go:125	每路视频对象数                       	: 0
2023-06-16T06:54:12.885Z	INFO	logger/zaplogger.go:125	每天对象数                         	: 0
2023-06-16T06:54:12.885Z	INFO	logger/zaplogger.go:125	每路视频每天对象数                     	: 0
2023-06-16T06:54:12.885Z	INFO	logger/zaplogger.go:125	一个对象产生时间                      	: 0
2023-06-16T06:54:12.885Z	INFO	logger/zaplogger.go:125	一个分片产生时间                      	: 0
2023-06-16T06:54:12.885Z	INFO	logger/zaplogger.go:125	一路视频最大并行数                     	: 0
2023-06-16T06:54:12.885Z	INFO	logger/zaplogger.go:125	写删阶段每秒并行数                     	: 0
2023-06-16T06:54:12.885Z	INFO	logger/zaplogger.go:125	预埋阶段每秒并行数                     	: 0
2023-06-16T06:54:12.885Z	INFO	logger/zaplogger.go:125	============================== 自定义变量信息 ==============================
2023-06-16T06:54:12.885Z	INFO	logger/zaplogger.go:125	预埋阶段视频路数                      	: 1000
2023-06-16T06:54:12.885Z	INFO	logger/zaplogger.go:125	桶前缀                           	: 
2023-06-16T06:54:12.885Z	INFO	logger/zaplogger.go:125	对象前缀                          	: 
2023-06-16T06:54:12.885Z	INFO	logger/zaplogger.go:125	对象名序号长度                       	: 0
2023-06-16T06:54:12.885Z	INFO	logger/zaplogger.go:125	对象序号起始值                       	: 0
2023-06-16T10:29:23.194Z	INFO	logger/zaplogger.go:125	计算分析数据模型/参数...
2023-06-16T10:29:23.194Z	DEBUG	logger/zaplogger.go:120	/root/upload/128MB.txt
2023-06-16T10:29:23.425Z	INFO	logger/zaplogger.go:125	============================== 原始需求信息 ==============================
2023-06-16T10:29:23.425Z	INFO	logger/zaplogger.go:125	视频路数                          	: 1000
2023-06-16T10:29:23.425Z	INFO	logger/zaplogger.go:125	视频码流(Mbps)                    	: 4
2023-06-16T10:29:23.425Z	INFO	logger/zaplogger.go:125	追加分片数                         	: 1
2023-06-16T10:29:23.425Z	INFO	logger/zaplogger.go:125	追加写模式                         	: false
2023-06-16T10:29:23.425Z	INFO	logger/zaplogger.go:125	非多段上传                         	: false
2023-06-16T10:29:23.425Z	INFO	logger/zaplogger.go:125	单桶模式                          	: false
2023-06-16T10:29:23.425Z	INFO	logger/zaplogger.go:125	源文件信息                         	: Path=/root/upload/128MB.txt; Size=134 MB
2023-06-16T10:29:23.425Z	INFO	logger/zaplogger.go:125	保留期限(天)                       	: 3.542
2023-06-16T10:29:23.425Z	INFO	logger/zaplogger.go:125	总容量                           	: 160 TiB
2023-06-16T10:29:23.425Z	INFO	logger/zaplogger.go:125	安全水位                          	: 91.2 %
2023-06-16T10:29:23.425Z	INFO	logger/zaplogger.go:125	安全容量                          	: 146 TiB
2023-06-16T10:29:23.426Z	INFO	logger/zaplogger.go:125	============================== 数据模型信息 ==============================
2023-06-16T10:29:23.426Z	INFO	logger/zaplogger.go:125	总带宽(MiB/s)                    	: 500
2023-06-16T10:29:23.426Z	INFO	logger/zaplogger.go:125	桶数量                           	: 0
2023-06-16T10:29:23.426Z	INFO	logger/zaplogger.go:125	总对象数                          	: 1195376
2023-06-16T10:29:23.426Z	INFO	logger/zaplogger.go:125	每路视频对象数                       	: 0
2023-06-16T10:29:23.426Z	INFO	logger/zaplogger.go:125	每天对象数                         	: 0
2023-06-16T10:29:23.426Z	INFO	logger/zaplogger.go:125	每路视频每天对象数                     	: 0
2023-06-16T10:29:23.426Z	INFO	logger/zaplogger.go:125	一个对象产生时间                      	: 0
2023-06-16T10:29:23.426Z	INFO	logger/zaplogger.go:125	一个分片产生时间                      	: 0
2023-06-16T10:29:23.426Z	INFO	logger/zaplogger.go:125	一路视频最大并行数                     	: 0
2023-06-16T10:29:23.426Z	INFO	logger/zaplogger.go:125	写删阶段每秒并行数                     	: 0
2023-06-16T10:29:23.426Z	INFO	logger/zaplogger.go:125	预埋阶段每秒并行数                     	: 0
2023-06-16T10:29:23.426Z	INFO	logger/zaplogger.go:125	============================== 自定义变量信息 ==============================
2023-06-16T10:29:23.426Z	INFO	logger/zaplogger.go:125	预埋阶段视频路数                      	: 1000
2023-06-16T10:29:23.426Z	INFO	logger/zaplogger.go:125	桶前缀                           	: 
2023-06-16T10:29:23.426Z	INFO	logger/zaplogger.go:125	对象前缀                          	: 
2023-06-16T10:29:23.426Z	INFO	logger/zaplogger.go:125	对象名序号长度                       	: 0
2023-06-16T10:29:23.426Z	INFO	logger/zaplogger.go:125	对象序号起始值                       	: 0
2023-06-19T00:46:02.134Z	INFO	logger/zaplogger.go:125	计算分析数据模型/参数...
2023-06-19T00:46:02.152Z	DEBUG	logger/zaplogger.go:120	/root/upload/128MB.txt
2023-06-19T00:46:02.818Z	INFO	logger/zaplogger.go:125	============================== 原始需求信息 ==============================
2023-06-19T00:46:02.818Z	INFO	logger/zaplogger.go:125	视频路数                          	: 1000
2023-06-19T00:46:02.818Z	INFO	logger/zaplogger.go:125	视频码流(Mbps)                    	: 4
2023-06-19T00:46:02.818Z	INFO	logger/zaplogger.go:125	追加分片数                         	: 1
2023-06-19T00:46:02.818Z	INFO	logger/zaplogger.go:125	追加写模式                         	: false
2023-06-19T00:46:02.818Z	INFO	logger/zaplogger.go:125	非多段上传                         	: false
2023-06-19T00:46:02.818Z	INFO	logger/zaplogger.go:125	单桶模式                          	: false
2023-06-19T00:46:02.818Z	INFO	logger/zaplogger.go:125	源文件信息                         	: Path=/root/upload/128MB.txt; Size=128 MiB
2023-06-19T00:46:02.818Z	INFO	logger/zaplogger.go:125	保留期限(天)                       	: 3.542
2023-06-19T00:46:02.818Z	INFO	logger/zaplogger.go:125	总容量                           	: 160 TiB
2023-06-19T00:46:02.818Z	INFO	logger/zaplogger.go:125	安全水位                          	: 91.2 %
2023-06-19T00:46:02.818Z	INFO	logger/zaplogger.go:125	安全容量                          	: 146 TiB
2023-06-19T00:46:02.818Z	INFO	logger/zaplogger.go:125	============================== 数据模型信息 ==============================
2023-06-19T00:46:02.818Z	INFO	logger/zaplogger.go:125	总带宽(MiB/s)                    	: 500
2023-06-19T00:46:02.818Z	INFO	logger/zaplogger.go:125	桶数量                           	: 0
2023-06-19T00:46:02.818Z	INFO	logger/zaplogger.go:125	总对象数                          	: 1195376
2023-06-19T00:46:02.818Z	INFO	logger/zaplogger.go:125	每路视频对象数                       	: 0
2023-06-19T00:46:02.818Z	INFO	logger/zaplogger.go:125	每天对象数                         	: 0
2023-06-19T00:46:02.818Z	INFO	logger/zaplogger.go:125	每路视频每天对象数                     	: 0
2023-06-19T00:46:02.818Z	INFO	logger/zaplogger.go:125	一个对象产生时间                      	: 0
2023-06-19T00:46:02.818Z	INFO	logger/zaplogger.go:125	一个分片产生时间                      	: 0
2023-06-19T00:46:02.818Z	INFO	logger/zaplogger.go:125	一路视频最大并行数                     	: 0
2023-06-19T00:46:02.818Z	INFO	logger/zaplogger.go:125	写删阶段每秒并行数                     	: 0
2023-06-19T00:46:02.818Z	INFO	logger/zaplogger.go:125	预埋阶段每秒并行数                     	: 0
2023-06-19T00:46:02.818Z	INFO	logger/zaplogger.go:125	============================== 自定义变量信息 ==============================
2023-06-19T00:46:02.818Z	INFO	logger/zaplogger.go:125	预埋阶段视频路数                      	: 1000
2023-06-19T00:46:02.818Z	INFO	logger/zaplogger.go:125	桶前缀                           	: 
2023-06-19T00:46:02.818Z	INFO	logger/zaplogger.go:125	对象前缀                          	: 
2023-06-19T00:46:02.818Z	INFO	logger/zaplogger.go:125	对象名序号长度                       	: 0
2023-06-19T00:46:02.818Z	INFO	logger/zaplogger.go:125	对象序号起始值                       	: 0
2023-06-19T11:57:08.623Z	INFO	logger/zaplogger.go:125	计算分析数据模型/参数...
2023-06-19T11:57:08.623Z	DEBUG	logger/zaplogger.go:120	/root/upload/128MB.txt
2023-06-19T11:57:09.024Z	INFO	logger/zaplogger.go:125	============================== 原始需求信息 ==============================
2023-06-19T11:57:09.024Z	INFO	logger/zaplogger.go:125	视频路数                          	: 1000
2023-06-19T11:57:09.024Z	INFO	logger/zaplogger.go:125	视频码流(Mbps)                    	: 4
2023-06-19T11:57:09.024Z	INFO	logger/zaplogger.go:125	追加分片数                         	: 1
2023-06-19T11:57:09.024Z	INFO	logger/zaplogger.go:125	追加写模式                         	: false
2023-06-19T11:57:09.024Z	INFO	logger/zaplogger.go:125	非多段上传                         	: false
2023-06-19T11:57:09.024Z	INFO	logger/zaplogger.go:125	单桶模式                          	: false
2023-06-19T11:57:09.024Z	INFO	logger/zaplogger.go:125	单桶模式桶名                        	: false
2023-06-19T11:57:09.024Z	INFO	logger/zaplogger.go:125	源文件信息                         	: Path=/root/upload/128MB.txt; Size=128 MiB
2023-06-19T11:57:09.024Z	INFO	logger/zaplogger.go:125	保留期限(天)                       	: 3.542
2023-06-19T11:57:09.024Z	INFO	logger/zaplogger.go:125	总容量                           	: 160 TiB
2023-06-19T11:57:09.024Z	INFO	logger/zaplogger.go:125	安全水位                          	: 91.2 %
2023-06-19T11:57:09.024Z	INFO	logger/zaplogger.go:125	安全容量                          	: 146 TiB
2023-06-19T11:57:09.024Z	INFO	logger/zaplogger.go:125	============================== 数据模型信息 ==============================
2023-06-19T11:57:09.024Z	INFO	logger/zaplogger.go:125	总带宽(MiB/s)                    	: 500
2023-06-19T11:57:09.024Z	INFO	logger/zaplogger.go:125	桶数量                           	: 0
2023-06-19T11:57:09.024Z	INFO	logger/zaplogger.go:125	总对象数                          	: 1195376
2023-06-19T11:57:09.025Z	INFO	logger/zaplogger.go:125	每路视频对象数                       	: 0
2023-06-19T11:57:09.025Z	INFO	logger/zaplogger.go:125	每天对象数                         	: 0
2023-06-19T11:57:09.025Z	INFO	logger/zaplogger.go:125	每路视频每天对象数                     	: 0
2023-06-19T11:57:09.025Z	INFO	logger/zaplogger.go:125	一个对象产生时间                      	: 0
2023-06-19T11:57:09.025Z	INFO	logger/zaplogger.go:125	一个分片产生时间                      	: 0
2023-06-19T11:57:09.025Z	INFO	logger/zaplogger.go:125	一路视频最大并行数                     	: 0
2023-06-19T11:57:09.025Z	INFO	logger/zaplogger.go:125	写删阶段每秒并行数                     	: 0
2023-06-19T11:57:09.025Z	INFO	logger/zaplogger.go:125	预埋阶段每秒并行数                     	: 0
2023-06-19T11:57:09.025Z	INFO	logger/zaplogger.go:125	============================== 自定义变量信息 ==============================
2023-06-19T11:57:09.026Z	INFO	logger/zaplogger.go:125	预埋阶段视频路数                      	: 1000
2023-06-19T11:57:09.026Z	INFO	logger/zaplogger.go:125	桶前缀                           	: 
2023-06-19T11:57:09.026Z	INFO	logger/zaplogger.go:125	对象前缀                          	: 
2023-06-19T11:57:09.026Z	INFO	logger/zaplogger.go:125	对象名序号长度                       	: 0
2023-06-19T11:57:09.026Z	INFO	logger/zaplogger.go:125	对象序号起始值                       	: 0
